<!doctype html public "-//w3c//dtd html 4.0 transitional//en">
<html><head>
<title>Static Call Graph - [.\Objects\template.axf]</title></head>
<body><HR>
<H1>Static Call Graph for image .\Objects\template.axf</H1><HR>
<BR><P>#&#060CALLGRAPH&#062# ARM Linker, 5060960: Last Updated: Mon Jun 29 16:38:10 2026
<BR><P>
<H3>Maximum Stack Usage =        256 bytes + Unknown(Cycles, Untraceable Function Pointers)</H3><H3>
Call chain for Maximum Stack Depth:</H3>
motot_pid_test &rArr; App_Motor_Proc &rArr; PID_Compute &rArr; GetUs &rArr; Delay_Init &rArr; __aeabi_ui2d &rArr; _double_epilogue &rArr; _double_round
<P>
<H3>
Mutually Recursive functions
</H3> <LI><a href="#[1f]">CAN1_RX1_IRQHandler</a>&nbsp;&nbsp;&nbsp;&rArr;&nbsp;&nbsp;&nbsp;<a href="#[1f]">CAN1_RX1_IRQHandler</a><BR>
</UL>
<P>
<H3>
Function Pointers
</H3><UL>
 <LI><a href="#[1c]">ADC1_2_IRQHandler</a> from app_bat.o(i.ADC1_2_IRQHandler) referenced from startup_stm32f10x_md.o(RESET)
 <LI><a href="#[46]">App_Encoder_Init</a> from app_encoder.o(i.App_Encoder_Init) referenced from app_encoder.o(init.item.2)
 <LI><a href="#[48]">App_Motor_Init</a> from app_motor.o(i.App_Motor_Init) referenced from app_motor.o(init.item.2)
 <LI><a href="#[44]">App_USART3_Init</a> from app_usart2.o(i.App_USART3_Init) referenced from app_usart2.o(init.item.2)
 <LI><a href="#[4]">BusFault_Handler</a> from stm32f10x_it.o(i.BusFault_Handler) referenced from startup_stm32f10x_md.o(RESET)
 <LI><a href="#[1f]">CAN1_RX1_IRQHandler</a> from startup_stm32f10x_md.o(.text) referenced from startup_stm32f10x_md.o(RESET)
 <LI><a href="#[20]">CAN1_SCE_IRQHandler</a> from startup_stm32f10x_md.o(.text) referenced from startup_stm32f10x_md.o(RESET)
 <LI><a href="#[15]">DMA1_Channel1_IRQHandler</a> from startup_stm32f10x_md.o(.text) referenced from startup_stm32f10x_md.o(RESET)
 <LI><a href="#[16]">DMA1_Channel2_IRQHandler</a> from app_usart2.o(i.DMA1_Channel2_IRQHandler) referenced from startup_stm32f10x_md.o(RESET)
 <LI><a href="#[17]">DMA1_Channel3_IRQHandler</a> from app_usart2.o(i.DMA1_Channel3_IRQHandler) referenced from startup_stm32f10x_md.o(RESET)
 <LI><a href="#[18]">DMA1_Channel4_IRQHandler</a> from startup_stm32f10x_md.o(.text) referenced from startup_stm32f10x_md.o(RESET)
 <LI><a href="#[19]">DMA1_Channel5_IRQHandler</a> from startup_stm32f10x_md.o(.text) referenced from startup_stm32f10x_md.o(RESET)
 <LI><a href="#[1a]">DMA1_Channel6_IRQHandler</a> from startup_stm32f10x_md.o(.text) referenced from startup_stm32f10x_md.o(RESET)
 <LI><a href="#[1b]">DMA1_Channel7_IRQHandler</a> from startup_stm32f10x_md.o(.text) referenced from startup_stm32f10x_md.o(RESET)
 <LI><a href="#[4b]">DMA_Tx_Test</a> from app_usart2.o(i.DMA_Tx_Test) referenced from app_usart2.o(task.item.1)
 <LI><a href="#[7]">DebugMon_Handler</a> from stm32f10x_it.o(i.DebugMon_Handler) referenced from startup_stm32f10x_md.o(RESET)
 <LI><a href="#[10]">EXTI0_IRQHandler</a> from startup_stm32f10x_md.o(.text) referenced from startup_stm32f10x_md.o(RESET)
 <LI><a href="#[32]">EXTI15_10_IRQHandler</a> from startup_stm32f10x_md.o(.text) referenced from startup_stm32f10x_md.o(RESET)
 <LI><a href="#[11]">EXTI1_IRQHandler</a> from startup_stm32f10x_md.o(.text) referenced from startup_stm32f10x_md.o(RESET)
 <LI><a href="#[12]">EXTI2_IRQHandler</a> from startup_stm32f10x_md.o(.text) referenced from startup_stm32f10x_md.o(RESET)
 <LI><a href="#[13]">EXTI3_IRQHandler</a> from startup_stm32f10x_md.o(.text) referenced from startup_stm32f10x_md.o(RESET)
 <LI><a href="#[14]">EXTI4_IRQHandler</a> from startup_stm32f10x_md.o(.text) referenced from startup_stm32f10x_md.o(RESET)
 <LI><a href="#[21]">EXTI9_5_IRQHandler</a> from startup_stm32f10x_md.o(.text) referenced from startup_stm32f10x_md.o(RESET)
 <LI><a href="#[3d]">Encoder_L_Init</a> from app_encoder.o(i.Encoder_L_Init) referenced from app_encoder.o(i.App_Encoder_Init)
 <LI><a href="#[3a]">Encoder_R_Init</a> from app_encoder.o(i.Encoder_R_Init) referenced from app_encoder.o(i.App_Encoder_Init)
 <LI><a href="#[e]">FLASH_IRQHandler</a> from startup_stm32f10x_md.o(.text) referenced from startup_stm32f10x_md.o(RESET)
 <LI><a href="#[2]">HardFault_Handler</a> from stm32f10x_it.o(i.HardFault_Handler) referenced from startup_stm32f10x_md.o(RESET)
 <LI><a href="#[2a]">I2C1_ER_IRQHandler</a> from startup_stm32f10x_md.o(.text) referenced from startup_stm32f10x_md.o(RESET)
 <LI><a href="#[29]">I2C1_EV_IRQHandler</a> from startup_stm32f10x_md.o(.text) referenced from startup_stm32f10x_md.o(RESET)
 <LI><a href="#[2c]">I2C2_ER_IRQHandler</a> from startup_stm32f10x_md.o(.text) referenced from startup_stm32f10x_md.o(RESET)
 <LI><a href="#[2b]">I2C2_EV_IRQHandler</a> from startup_stm32f10x_md.o(.text) referenced from startup_stm32f10x_md.o(RESET)
 <LI><a href="#[3]">MemManage_Handler</a> from stm32f10x_it.o(i.MemManage_Handler) referenced from startup_stm32f10x_md.o(RESET)
 <LI><a href="#[1]">NMI_Handler</a> from stm32f10x_it.o(i.NMI_Handler) referenced from startup_stm32f10x_md.o(RESET)
 <LI><a href="#[b]">PVD_IRQHandler</a> from startup_stm32f10x_md.o(.text) referenced from startup_stm32f10x_md.o(RESET)
 <LI><a href="#[8]">PendSV_Handler</a> from stm32f10x_it.o(i.PendSV_Handler) referenced from startup_stm32f10x_md.o(RESET)
 <LI><a href="#[f]">RCC_IRQHandler</a> from startup_stm32f10x_md.o(.text) referenced from startup_stm32f10x_md.o(RESET)
 <LI><a href="#[33]">RTCAlarm_IRQHandler</a> from startup_stm32f10x_md.o(.text) referenced from startup_stm32f10x_md.o(RESET)
 <LI><a href="#[d]">RTC_IRQHandler</a> from startup_stm32f10x_md.o(.text) referenced from startup_stm32f10x_md.o(RESET)
 <LI><a href="#[0]">Reset_Handler</a> from startup_stm32f10x_md.o(.text) referenced from startup_stm32f10x_md.o(RESET)
 <LI><a href="#[2d]">SPI1_IRQHandler</a> from startup_stm32f10x_md.o(.text) referenced from startup_stm32f10x_md.o(RESET)
 <LI><a href="#[2e]">SPI2_IRQHandler</a> from startup_stm32f10x_md.o(.text) referenced from startup_stm32f10x_md.o(RESET)
 <LI><a href="#[6]">SVC_Handler</a> from stm32f10x_it.o(i.SVC_Handler) referenced from startup_stm32f10x_md.o(RESET)
 <LI><a href="#[9]">SysTick_Handler</a> from stm32f10x_it.o(i.SysTick_Handler) referenced from startup_stm32f10x_md.o(RESET)
 <LI><a href="#[36]">SystemInit</a> from system_stm32f10x.o(i.SystemInit) referenced from startup_stm32f10x_md.o(.text)
 <LI><a href="#[c]">TAMPER_IRQHandler</a> from startup_stm32f10x_md.o(.text) referenced from startup_stm32f10x_md.o(RESET)
 <LI><a href="#[22]">TIM1_BRK_IRQHandler</a> from startup_stm32f10x_md.o(.text) referenced from startup_stm32f10x_md.o(RESET)
 <LI><a href="#[25]">TIM1_CC_IRQHandler</a> from startup_stm32f10x_md.o(.text) referenced from startup_stm32f10x_md.o(RESET)
 <LI><a href="#[24]">TIM1_TRG_COM_IRQHandler</a> from startup_stm32f10x_md.o(.text) referenced from startup_stm32f10x_md.o(RESET)
 <LI><a href="#[23]">TIM1_UP_IRQHandler</a> from startup_stm32f10x_md.o(.text) referenced from startup_stm32f10x_md.o(RESET)
 <LI><a href="#[26]">TIM2_IRQHandler</a> from startup_stm32f10x_md.o(.text) referenced from startup_stm32f10x_md.o(RESET)
 <LI><a href="#[27]">TIM3_IRQHandler</a> from startup_stm32f10x_md.o(.text) referenced from startup_stm32f10x_md.o(RESET)
 <LI><a href="#[28]">TIM4_IRQHandler</a> from startup_stm32f10x_md.o(.text) referenced from startup_stm32f10x_md.o(RESET)
 <LI><a href="#[2f]">USART1_IRQHandler</a> from startup_stm32f10x_md.o(.text) referenced from startup_stm32f10x_md.o(RESET)
 <LI><a href="#[30]">USART2_IRQHandler</a> from startup_stm32f10x_md.o(.text) referenced from startup_stm32f10x_md.o(RESET)
 <LI><a href="#[31]">USART3_IRQHandler</a> from app_usart2.o(i.USART3_IRQHandler) referenced from startup_stm32f10x_md.o(RESET)
 <LI><a href="#[34]">USBWakeUp_IRQHandler</a> from startup_stm32f10x_md.o(.text) referenced from startup_stm32f10x_md.o(RESET)
 <LI><a href="#[1d]">USB_HP_CAN1_TX_IRQHandler</a> from startup_stm32f10x_md.o(.text) referenced from startup_stm32f10x_md.o(RESET)
 <LI><a href="#[1e]">USB_LP_CAN1_RX0_IRQHandler</a> from startup_stm32f10x_md.o(.text) referenced from startup_stm32f10x_md.o(RESET)
 <LI><a href="#[5]">UsageFault_Handler</a> from stm32f10x_it.o(i.UsageFault_Handler) referenced from startup_stm32f10x_md.o(RESET)
 <LI><a href="#[a]">WWDG_IRQHandler</a> from startup_stm32f10x_md.o(.text) referenced from startup_stm32f10x_md.o(RESET)
 <LI><a href="#[37]">__main</a> from entry.o(.ARM.Collect$$$$00000000) referenced from startup_stm32f10x_md.o(.text)
 <LI><a href="#[4d]">blink_dev_process</a> from blink.o(i.blink_dev_process) referenced from led.o(task.item.1)
 <LI><a href="#[4a]">comHwProcess</a> from app_usart2.o(i.comHwProcess) referenced from app_usart2.o(task.item.1)
 <LI><a href="#[3c]">encoder_L_Read</a> from app_encoder.o(i.encoder_L_Read) referenced from app_encoder.o(i.App_Encoder_Init)
 <LI><a href="#[3b]">encoder_L_clr</a> from app_encoder.o(i.encoder_L_clr) referenced from app_encoder.o(i.App_Encoder_Init)
 <LI><a href="#[39]">encoder_R_Read</a> from app_encoder.o(i.encoder_R_Read) referenced from app_encoder.o(i.App_Encoder_Init)
 <LI><a href="#[38]">encoder_R_clr</a> from app_encoder.o(i.encoder_R_clr) referenced from app_encoder.o(i.App_Encoder_Init)
 <LI><a href="#[47]">led_io_init</a> from led.o(i.led_io_init) referenced from led.o(init.item.2)
 <LI><a href="#[35]">main</a> from main.o(i.main) referenced from entry9a.o(.ARM.Collect$$$$0000000B)
 <LI><a href="#[45]">motorHwInit</a> from app_pwm.o(i.motorHwInit) referenced from app_pwm.o(init.item.2)
 <LI><a href="#[4c]">motorHwProcess</a> from app_pwm.o(i.motorHwProcess) referenced from app_pwm.o(task.item.1)
 <LI><a href="#[3f]">motorLeftHwSetDuty</a> from app_pwm.o(i.motorLeftHwSetDuty) referenced from app_pwm.o(i.motorHwProcess)
 <LI><a href="#[3f]">motorLeftHwSetDuty</a> from app_pwm.o(i.motorLeftHwSetDuty) referenced from app_pwm.o(i.motorLeftHwSetPercent)
 <LI><a href="#[40]">motorLeftHwSetDuty2</a> from app_pwm.o(i.motorLeftHwSetDuty2) referenced from app_pwm.o(i.motorHwProcess)
 <LI><a href="#[40]">motorLeftHwSetDuty2</a> from app_pwm.o(i.motorLeftHwSetDuty2) referenced from app_pwm.o(i.motorLeftHwSetPercent2)
 <LI><a href="#[41]">motorRightHwSetDuty</a> from app_pwm.o(i.motorRightHwSetDuty) referenced from app_pwm.o(i.motorHwProcess)
 <LI><a href="#[41]">motorRightHwSetDuty</a> from app_pwm.o(i.motorRightHwSetDuty) referenced from app_pwm.o(i.motorRightHwSetPercent)
 <LI><a href="#[42]">motorRightHwSetDuty2</a> from app_pwm.o(i.motorRightHwSetDuty2) referenced from app_pwm.o(i.motorHwProcess)
 <LI><a href="#[42]">motorRightHwSetDuty2</a> from app_pwm.o(i.motorRightHwSetDuty2) referenced from app_pwm.o(i.motorRightHwSetPercent2)
 <LI><a href="#[4e]">motot_pid_test</a> from app_motor.o(i.motot_pid_test) referenced from app_motor.o(task.item.1)
 <LI><a href="#[43]">nop_process</a> from module.o(i.nop_process) referenced from module.o(init.item.0)
 <LI><a href="#[43]">nop_process</a> from module.o(i.nop_process) referenced from module.o(init.item.4)
 <LI><a href="#[43]">nop_process</a> from module.o(i.nop_process) referenced from module.o(task.item.0)
 <LI><a href="#[43]">nop_process</a> from module.o(i.nop_process) referenced from module.o(task.item.2)
 <LI><a href="#[3e]">red_led_ctrl</a> from led.o(i.red_led_ctrl) referenced from led.o(i.led_io_init)
 <LI><a href="#[4f]">vofaComParse</a> from vofa_com.o(i.vofaComParse) referenced from vofa_com.o(task.item.1)
 <LI><a href="#[49]">vofaJustFloatInit</a> from vofa_uart.o(i.vofaJustFloatInit) referenced from vofa_uart.o(init.item.3)
 <LI><a href="#[50]">vofaSetLeftDuty</a> from vofa_com.o(i.vofaSetLeftDuty) referenced from vofa_com.o(.data)
 <LI><a href="#[52]">vofaSetLeftSpeed</a> from vofa_com.o(i.vofaSetLeftSpeed) referenced from vofa_com.o(.data)
 <LI><a href="#[51]">vofaSetRightDuty</a> from vofa_com.o(i.vofaSetRightDuty) referenced from vofa_com.o(.data)
 <LI><a href="#[53]">vofaSetRightSpeed</a> from vofa_com.o(i.vofaSetRightSpeed) referenced from vofa_com.o(.data)
</UL>
<P>
<H3>
Global Symbols
</H3>
<P><STRONG><a name="[37]"></a>__main</STRONG> (Thumb, 0 bytes, Stack size unknown bytes, entry.o(.ARM.Collect$$$$00000000))
<BR>[Address Reference Count : 1]<UL><LI> startup_stm32f10x_md.o(.text)
</UL>
<P><STRONG><a name="[e1]"></a>_main_stk</STRONG> (Thumb, 0 bytes, Stack size unknown bytes, entry2.o(.ARM.Collect$$$$00000001))

<P><STRONG><a name="[54]"></a>_main_scatterload</STRONG> (Thumb, 0 bytes, Stack size unknown bytes, entry5.o(.ARM.Collect$$$$00000004))
<BR><BR>[Calls]<UL><LI><a href="#[55]">&gt;&gt;</a>&nbsp;&nbsp;&nbsp;__scatterload
</UL>

<P><STRONG><a name="[6a]"></a>__main_after_scatterload</STRONG> (Thumb, 0 bytes, Stack size unknown bytes, entry5.o(.ARM.Collect$$$$00000004))
<BR><BR>[Called By]<UL><LI><a href="#[55]">&gt;&gt;</a>&nbsp;&nbsp;&nbsp;__scatterload
</UL>

<P><STRONG><a name="[e2]"></a>_main_clock</STRONG> (Thumb, 0 bytes, Stack size unknown bytes, entry7b.o(.ARM.Collect$$$$00000008))

<P><STRONG><a name="[e3]"></a>_main_cpp_init</STRONG> (Thumb, 0 bytes, Stack size unknown bytes, entry8b.o(.ARM.Collect$$$$0000000A))

<P><STRONG><a name="[e4]"></a>_main_init</STRONG> (Thumb, 0 bytes, Stack size unknown bytes, entry9a.o(.ARM.Collect$$$$0000000B))

<P><STRONG><a name="[e5]"></a>__rt_lib_shutdown_fini</STRONG> (Thumb, 0 bytes, Stack size unknown bytes, entry12b.o(.ARM.Collect$$$$0000000E))

<P><STRONG><a name="[e6]"></a>__rt_final_cpp</STRONG> (Thumb, 0 bytes, Stack size unknown bytes, entry10a.o(.ARM.Collect$$$$0000000F))

<P><STRONG><a name="[e7]"></a>__rt_final_exit</STRONG> (Thumb, 0 bytes, Stack size unknown bytes, entry11a.o(.ARM.Collect$$$$00000011))

<P><STRONG><a name="[0]"></a>Reset_Handler</STRONG> (Thumb, 8 bytes, Stack size 0 bytes, startup_stm32f10x_md.o(.text))
<BR>[Address Reference Count : 1]<UL><LI> startup_stm32f10x_md.o(RESET)
</UL>
<P><STRONG><a name="[1f]"></a>CAN1_RX1_IRQHandler</STRONG> (Thumb, 0 bytes, Stack size 0 bytes, startup_stm32f10x_md.o(.text))
<BR><BR>[Calls]<UL><LI><a href="#[1f]">&gt;&gt;</a>&nbsp;&nbsp;&nbsp;CAN1_RX1_IRQHandler
</UL>
<BR>[Called By]<UL><LI><a href="#[1f]">&gt;&gt;</a>&nbsp;&nbsp;&nbsp;CAN1_RX1_IRQHandler
</UL>
<BR>[Address Reference Count : 1]<UL><LI> startup_stm32f10x_md.o(RESET)
</UL>
<P><STRONG><a name="[20]"></a>CAN1_SCE_IRQHandler</STRONG> (Thumb, 0 bytes, Stack size 0 bytes, startup_stm32f10x_md.o(.text))
<BR>[Address Reference Count : 1]<UL><LI> startup_stm32f10x_md.o(RESET)
</UL>
<P><STRONG><a name="[15]"></a>DMA1_Channel1_IRQHandler</STRONG> (Thumb, 0 bytes, Stack size 0 bytes, startup_stm32f10x_md.o(.text))
<BR>[Address Reference Count : 1]<UL><LI> startup_stm32f10x_md.o(RESET)
</UL>
<P><STRONG><a name="[18]"></a>DMA1_Channel4_IRQHandler</STRONG> (Thumb, 0 bytes, Stack size 0 bytes, startup_stm32f10x_md.o(.text))
<BR>[Address Reference Count : 1]<UL><LI> startup_stm32f10x_md.o(RESET)
</UL>
<P><STRONG><a name="[19]"></a>DMA1_Channel5_IRQHandler</STRONG> (Thumb, 0 bytes, Stack size 0 bytes, startup_stm32f10x_md.o(.text))
<BR>[Address Reference Count : 1]<UL><LI> startup_stm32f10x_md.o(RESET)
</UL>
<P><STRONG><a name="[1a]"></a>DMA1_Channel6_IRQHandler</STRONG> (Thumb, 0 bytes, Stack size 0 bytes, startup_stm32f10x_md.o(.text))
<BR>[Address Reference Count : 1]<UL><LI> startup_stm32f10x_md.o(RESET)
</UL>
<P><STRONG><a name="[1b]"></a>DMA1_Channel7_IRQHandler</STRONG> (Thumb, 0 bytes, Stack size 0 bytes, startup_stm32f10x_md.o(.text))
<BR>[Address Reference Count : 1]<UL><LI> startup_stm32f10x_md.o(RESET)
</UL>
<P><STRONG><a name="[10]"></a>EXTI0_IRQHandler</STRONG> (Thumb, 0 bytes, Stack size 0 bytes, startup_stm32f10x_md.o(.text))
<BR>[Address Reference Count : 1]<UL><LI> startup_stm32f10x_md.o(RESET)
</UL>
<P><STRONG><a name="[32]"></a>EXTI15_10_IRQHandler</STRONG> (Thumb, 0 bytes, Stack size 0 bytes, startup_stm32f10x_md.o(.text))
<BR>[Address Reference Count : 1]<UL><LI> startup_stm32f10x_md.o(RESET)
</UL>
<P><STRONG><a name="[11]"></a>EXTI1_IRQHandler</STRONG> (Thumb, 0 bytes, Stack size 0 bytes, startup_stm32f10x_md.o(.text))
<BR>[Address Reference Count : 1]<UL><LI> startup_stm32f10x_md.o(RESET)
</UL>
<P><STRONG><a name="[12]"></a>EXTI2_IRQHandler</STRONG> (Thumb, 0 bytes, Stack size 0 bytes, startup_stm32f10x_md.o(.text))
<BR>[Address Reference Count : 1]<UL><LI> startup_stm32f10x_md.o(RESET)
</UL>
<P><STRONG><a name="[13]"></a>EXTI3_IRQHandler</STRONG> (Thumb, 0 bytes, Stack size 0 bytes, startup_stm32f10x_md.o(.text))
<BR>[Address Reference Count : 1]<UL><LI> startup_stm32f10x_md.o(RESET)
</UL>
<P><STRONG><a name="[14]"></a>EXTI4_IRQHandler</STRONG> (Thumb, 0 bytes, Stack size 0 bytes, startup_stm32f10x_md.o(.text))
<BR>[Address Reference Count : 1]<UL><LI> startup_stm32f10x_md.o(RESET)
</UL>
<P><STRONG><a name="[21]"></a>EXTI9_5_IRQHandler</STRONG> (Thumb, 0 bytes, Stack size 0 bytes, startup_stm32f10x_md.o(.text))
<BR>[Address Reference Count : 1]<UL><LI> startup_stm32f10x_md.o(RESET)
</UL>
<P><STRONG><a name="[e]"></a>FLASH_IRQHandler</STRONG> (Thumb, 0 bytes, Stack size 0 bytes, startup_stm32f10x_md.o(.text))
<BR>[Address Reference Count : 1]<UL><LI> startup_stm32f10x_md.o(RESET)
</UL>
<P><STRONG><a name="[2a]"></a>I2C1_ER_IRQHandler</STRONG> (Thumb, 0 bytes, Stack size 0 bytes, startup_stm32f10x_md.o(.text))
<BR>[Address Reference Count : 1]<UL><LI> startup_stm32f10x_md.o(RESET)
</UL>
<P><STRONG><a name="[29]"></a>I2C1_EV_IRQHandler</STRONG> (Thumb, 0 bytes, Stack size 0 bytes, startup_stm32f10x_md.o(.text))
<BR>[Address Reference Count : 1]<UL><LI> startup_stm32f10x_md.o(RESET)
</UL>
<P><STRONG><a name="[2c]"></a>I2C2_ER_IRQHandler</STRONG> (Thumb, 0 bytes, Stack size 0 bytes, startup_stm32f10x_md.o(.text))
<BR>[Address Reference Count : 1]<UL><LI> startup_stm32f10x_md.o(RESET)
</UL>
<P><STRONG><a name="[2b]"></a>I2C2_EV_IRQHandler</STRONG> (Thumb, 0 bytes, Stack size 0 bytes, startup_stm32f10x_md.o(.text))
<BR>[Address Reference Count : 1]<UL><LI> startup_stm32f10x_md.o(RESET)
</UL>
<P><STRONG><a name="[b]"></a>PVD_IRQHandler</STRONG> (Thumb, 0 bytes, Stack size 0 bytes, startup_stm32f10x_md.o(.text))
<BR>[Address Reference Count : 1]<UL><LI> startup_stm32f10x_md.o(RESET)
</UL>
<P><STRONG><a name="[f]"></a>RCC_IRQHandler</STRONG> (Thumb, 0 bytes, Stack size 0 bytes, startup_stm32f10x_md.o(.text))
<BR>[Address Reference Count : 1]<UL><LI> startup_stm32f10x_md.o(RESET)
</UL>
<P><STRONG><a name="[33]"></a>RTCAlarm_IRQHandler</STRONG> (Thumb, 0 bytes, Stack size 0 bytes, startup_stm32f10x_md.o(.text))
<BR>[Address Reference Count : 1]<UL><LI> startup_stm32f10x_md.o(RESET)
</UL>
<P><STRONG><a name="[d]"></a>RTC_IRQHandler</STRONG> (Thumb, 0 bytes, Stack size 0 bytes, startup_stm32f10x_md.o(.text))
<BR>[Address Reference Count : 1]<UL><LI> startup_stm32f10x_md.o(RESET)
</UL>
<P><STRONG><a name="[2d]"></a>SPI1_IRQHandler</STRONG> (Thumb, 0 bytes, Stack size 0 bytes, startup_stm32f10x_md.o(.text))
<BR>[Address Reference Count : 1]<UL><LI> startup_stm32f10x_md.o(RESET)
</UL>
<P><STRONG><a name="[2e]"></a>SPI2_IRQHandler</STRONG> (Thumb, 0 bytes, Stack size 0 bytes, startup_stm32f10x_md.o(.text))
<BR>[Address Reference Count : 1]<UL><LI> startup_stm32f10x_md.o(RESET)
</UL>
<P><STRONG><a name="[c]"></a>TAMPER_IRQHandler</STRONG> (Thumb, 0 bytes, Stack size 0 bytes, startup_stm32f10x_md.o(.text))
<BR>[Address Reference Count : 1]<UL><LI> startup_stm32f10x_md.o(RESET)
</UL>
<P><STRONG><a name="[22]"></a>TIM1_BRK_IRQHandler</STRONG> (Thumb, 0 bytes, Stack size 0 bytes, startup_stm32f10x_md.o(.text))
<BR>[Address Reference Count : 1]<UL><LI> startup_stm32f10x_md.o(RESET)
</UL>
<P><STRONG><a name="[25]"></a>TIM1_CC_IRQHandler</STRONG> (Thumb, 0 bytes, Stack size 0 bytes, startup_stm32f10x_md.o(.text))
<BR>[Address Reference Count : 1]<UL><LI> startup_stm32f10x_md.o(RESET)
</UL>
<P><STRONG><a name="[24]"></a>TIM1_TRG_COM_IRQHandler</STRONG> (Thumb, 0 bytes, Stack size 0 bytes, startup_stm32f10x_md.o(.text))
<BR>[Address Reference Count : 1]<UL><LI> startup_stm32f10x_md.o(RESET)
</UL>
<P><STRONG><a name="[23]"></a>TIM1_UP_IRQHandler</STRONG> (Thumb, 0 bytes, Stack size 0 bytes, startup_stm32f10x_md.o(.text))
<BR>[Address Reference Count : 1]<UL><LI> startup_stm32f10x_md.o(RESET)
</UL>
<P><STRONG><a name="[26]"></a>TIM2_IRQHandler</STRONG> (Thumb, 0 bytes, Stack size 0 bytes, startup_stm32f10x_md.o(.text))
<BR>[Address Reference Count : 1]<UL><LI> startup_stm32f10x_md.o(RESET)
</UL>
<P><STRONG><a name="[27]"></a>TIM3_IRQHandler</STRONG> (Thumb, 0 bytes, Stack size 0 bytes, startup_stm32f10x_md.o(.text))
<BR>[Address Reference Count : 1]<UL><LI> startup_stm32f10x_md.o(RESET)
</UL>
<P><STRONG><a name="[28]"></a>TIM4_IRQHandler</STRONG> (Thumb, 0 bytes, Stack size 0 bytes, startup_stm32f10x_md.o(.text))
<BR>[Address Reference Count : 1]<UL><LI> startup_stm32f10x_md.o(RESET)
</UL>
<P><STRONG><a name="[2f]"></a>USART1_IRQHandler</STRONG> (Thumb, 0 bytes, Stack size 0 bytes, startup_stm32f10x_md.o(.text))
<BR>[Address Reference Count : 1]<UL><LI> startup_stm32f10x_md.o(RESET)
</UL>
<P><STRONG><a name="[30]"></a>USART2_IRQHandler</STRONG> (Thumb, 0 bytes, Stack size 0 bytes, startup_stm32f10x_md.o(.text))
<BR>[Address Reference Count : 1]<UL><LI> startup_stm32f10x_md.o(RESET)
</UL>
<P><STRONG><a name="[34]"></a>USBWakeUp_IRQHandler</STRONG> (Thumb, 0 bytes, Stack size 0 bytes, startup_stm32f10x_md.o(.text))
<BR>[Address Reference Count : 1]<UL><LI> startup_stm32f10x_md.o(RESET)
</UL>
<P><STRONG><a name="[1d]"></a>USB_HP_CAN1_TX_IRQHandler</STRONG> (Thumb, 0 bytes, Stack size 0 bytes, startup_stm32f10x_md.o(.text))
<BR>[Address Reference Count : 1]<UL><LI> startup_stm32f10x_md.o(RESET)
</UL>
<P><STRONG><a name="[1e]"></a>USB_LP_CAN1_RX0_IRQHandler</STRONG> (Thumb, 0 bytes, Stack size 0 bytes, startup_stm32f10x_md.o(.text))
<BR>[Address Reference Count : 1]<UL><LI> startup_stm32f10x_md.o(RESET)
</UL>
<P><STRONG><a name="[a]"></a>WWDG_IRQHandler</STRONG> (Thumb, 0 bytes, Stack size 0 bytes, startup_stm32f10x_md.o(.text))
<BR>[Address Reference Count : 1]<UL><LI> startup_stm32f10x_md.o(RESET)
</UL>
<P><STRONG><a name="[cc]"></a>__aeabi_memcpy</STRONG> (Thumb, 36 bytes, Stack size 0 bytes, memcpya.o(.text))
<BR><BR>[Called By]<UL><LI><a href="#[ca]">&gt;&gt;</a>&nbsp;&nbsp;&nbsp;fifoEnqueue
<LI><a href="#[c8]">&gt;&gt;</a>&nbsp;&nbsp;&nbsp;fifoDequeue
</UL>

<P><STRONG><a name="[e8]"></a>__aeabi_memcpy4</STRONG> (Thumb, 0 bytes, Stack size 0 bytes, memcpya.o(.text), UNUSED)

<P><STRONG><a name="[e9]"></a>__aeabi_memcpy8</STRONG> (Thumb, 0 bytes, Stack size 0 bytes, memcpya.o(.text), UNUSED)

<P><STRONG><a name="[57]"></a>__aeabi_memset</STRONG> (Thumb, 14 bytes, Stack size 0 bytes, memseta.o(.text), UNUSED)
<BR><BR>[Called By]<UL><LI><a href="#[58]">&gt;&gt;</a>&nbsp;&nbsp;&nbsp;_memset$wrapper
<LI><a href="#[56]">&gt;&gt;</a>&nbsp;&nbsp;&nbsp;__aeabi_memclr
</UL>

<P><STRONG><a name="[ea]"></a>__aeabi_memset4</STRONG> (Thumb, 0 bytes, Stack size 0 bytes, memseta.o(.text), UNUSED)

<P><STRONG><a name="[eb]"></a>__aeabi_memset8</STRONG> (Thumb, 0 bytes, Stack size 0 bytes, memseta.o(.text), UNUSED)

<P><STRONG><a name="[56]"></a>__aeabi_memclr</STRONG> (Thumb, 4 bytes, Stack size 0 bytes, memseta.o(.text), UNUSED)
<BR><BR>[Calls]<UL><LI><a href="#[57]">&gt;&gt;</a>&nbsp;&nbsp;&nbsp;__aeabi_memset
</UL>

<P><STRONG><a name="[97]"></a>__aeabi_memclr4</STRONG> (Thumb, 0 bytes, Stack size 0 bytes, memseta.o(.text))
<BR><BR>[Called By]<UL><LI><a href="#[44]">&gt;&gt;</a>&nbsp;&nbsp;&nbsp;App_USART3_Init
<LI><a href="#[c4]">&gt;&gt;</a>&nbsp;&nbsp;&nbsp;blink_dev_create
<LI><a href="#[a5]">&gt;&gt;</a>&nbsp;&nbsp;&nbsp;Delay_Init
<LI><a href="#[e0]">&gt;&gt;</a>&nbsp;&nbsp;&nbsp;vofaCommandParse
</UL>

<P><STRONG><a name="[ec]"></a>__aeabi_memclr8</STRONG> (Thumb, 0 bytes, Stack size 0 bytes, memseta.o(.text), UNUSED)

<P><STRONG><a name="[58]"></a>_memset$wrapper</STRONG> (Thumb, 18 bytes, Stack size 8 bytes, memseta.o(.text), UNUSED)
<BR><BR>[Calls]<UL><LI><a href="#[57]">&gt;&gt;</a>&nbsp;&nbsp;&nbsp;__aeabi_memset
</UL>

<P><STRONG><a name="[59]"></a>__aeabi_fadd</STRONG> (Thumb, 164 bytes, Stack size 16 bytes, fadd.o(.text))
<BR><BR>[Stack]<UL><LI>Max Depth = 20<LI>Call Chain = __aeabi_fadd &rArr; _float_epilogue
</UL>
<BR>[Calls]<UL><LI><a href="#[5b]">&gt;&gt;</a>&nbsp;&nbsp;&nbsp;_float_round
<LI><a href="#[5a]">&gt;&gt;</a>&nbsp;&nbsp;&nbsp;_float_epilogue
</UL>
<BR>[Called By]<UL><LI><a href="#[7a]">&gt;&gt;</a>&nbsp;&nbsp;&nbsp;PID_Compute
<LI><a href="#[74]">&gt;&gt;</a>&nbsp;&nbsp;&nbsp;PT1Filter_Apply
<LI><a href="#[5d]">&gt;&gt;</a>&nbsp;&nbsp;&nbsp;__aeabi_frsub
<LI><a href="#[5c]">&gt;&gt;</a>&nbsp;&nbsp;&nbsp;__aeabi_fsub
</UL>

<P><STRONG><a name="[5c]"></a>__aeabi_fsub</STRONG> (Thumb, 6 bytes, Stack size 0 bytes, fadd.o(.text))
<BR><BR>[Stack]<UL><LI>Max Depth = 20<LI>Call Chain = __aeabi_fsub &rArr; __aeabi_fadd &rArr; _float_epilogue
</UL>
<BR>[Calls]<UL><LI><a href="#[59]">&gt;&gt;</a>&nbsp;&nbsp;&nbsp;__aeabi_fadd
</UL>
<BR>[Called By]<UL><LI><a href="#[7a]">&gt;&gt;</a>&nbsp;&nbsp;&nbsp;PID_Compute
</UL>

<P><STRONG><a name="[5d]"></a>__aeabi_frsub</STRONG> (Thumb, 6 bytes, Stack size 0 bytes, fadd.o(.text), UNUSED)
<BR><BR>[Calls]<UL><LI><a href="#[59]">&gt;&gt;</a>&nbsp;&nbsp;&nbsp;__aeabi_fadd
</UL>

<P><STRONG><a name="[73]"></a>__aeabi_fmul</STRONG> (Thumb, 100 bytes, Stack size 8 bytes, fmul.o(.text))
<BR><BR>[Stack]<UL><LI>Max Depth = 8<LI>Call Chain = __aeabi_fmul
</UL>
<BR>[Called By]<UL><LI><a href="#[71]">&gt;&gt;</a>&nbsp;&nbsp;&nbsp;App_Encoder_GetSpeed
<LI><a href="#[7a]">&gt;&gt;</a>&nbsp;&nbsp;&nbsp;PID_Compute
<LI><a href="#[79]">&gt;&gt;</a>&nbsp;&nbsp;&nbsp;App_Motor_Proc
<LI><a href="#[70]">&gt;&gt;</a>&nbsp;&nbsp;&nbsp;PT1Filter_InitWithFreq
<LI><a href="#[74]">&gt;&gt;</a>&nbsp;&nbsp;&nbsp;PT1Filter_Apply
<LI><a href="#[72]">&gt;&gt;</a>&nbsp;&nbsp;&nbsp;GetUs
</UL>

<P><STRONG><a name="[5e]"></a>__aeabi_fdiv</STRONG> (Thumb, 124 bytes, Stack size 8 bytes, fdiv.o(.text))
<BR><BR>[Stack]<UL><LI>Max Depth = 8<LI>Call Chain = __aeabi_fdiv
</UL>
<BR>[Calls]<UL><LI><a href="#[5b]">&gt;&gt;</a>&nbsp;&nbsp;&nbsp;_float_round
</UL>
<BR>[Called By]<UL><LI><a href="#[71]">&gt;&gt;</a>&nbsp;&nbsp;&nbsp;App_Encoder_GetSpeed
<LI><a href="#[1c]">&gt;&gt;</a>&nbsp;&nbsp;&nbsp;ADC1_2_IRQHandler
<LI><a href="#[7a]">&gt;&gt;</a>&nbsp;&nbsp;&nbsp;PID_Compute
<LI><a href="#[79]">&gt;&gt;</a>&nbsp;&nbsp;&nbsp;App_Motor_Proc
<LI><a href="#[70]">&gt;&gt;</a>&nbsp;&nbsp;&nbsp;PT1Filter_InitWithFreq
<LI><a href="#[74]">&gt;&gt;</a>&nbsp;&nbsp;&nbsp;PT1Filter_Apply
<LI><a href="#[b3]">&gt;&gt;</a>&nbsp;&nbsp;&nbsp;PT1Filter_Init
</UL>

<P><STRONG><a name="[5f]"></a>__aeabi_dmul</STRONG> (Thumb, 228 bytes, Stack size 48 bytes, dmul.o(.text))
<BR><BR>[Stack]<UL><LI>Max Depth = 88<LI>Call Chain = __aeabi_dmul &rArr; _double_epilogue &rArr; _double_round
</UL>
<BR>[Calls]<UL><LI><a href="#[60]">&gt;&gt;</a>&nbsp;&nbsp;&nbsp;_double_epilogue
</UL>
<BR>[Called By]<UL><LI><a href="#[1c]">&gt;&gt;</a>&nbsp;&nbsp;&nbsp;ADC1_2_IRQHandler
</UL>

<P><STRONG><a name="[61]"></a>__aeabi_ddiv</STRONG> (Thumb, 222 bytes, Stack size 32 bytes, ddiv.o(.text))
<BR><BR>[Stack]<UL><LI>Max Depth = 40<LI>Call Chain = __aeabi_ddiv &rArr; _double_round
</UL>
<BR>[Calls]<UL><LI><a href="#[62]">&gt;&gt;</a>&nbsp;&nbsp;&nbsp;_double_round
</UL>
<BR>[Called By]<UL><LI><a href="#[1c]">&gt;&gt;</a>&nbsp;&nbsp;&nbsp;ADC1_2_IRQHandler
<LI><a href="#[a5]">&gt;&gt;</a>&nbsp;&nbsp;&nbsp;Delay_Init
</UL>

<P><STRONG><a name="[63]"></a>__aeabi_i2f</STRONG> (Thumb, 18 bytes, Stack size 0 bytes, fflti.o(.text))
<BR><BR>[Stack]<UL><LI>Max Depth = 4<LI>Call Chain = __aeabi_i2f &rArr; _float_epilogue
</UL>
<BR>[Calls]<UL><LI><a href="#[5a]">&gt;&gt;</a>&nbsp;&nbsp;&nbsp;_float_epilogue
</UL>
<BR>[Called By]<UL><LI><a href="#[71]">&gt;&gt;</a>&nbsp;&nbsp;&nbsp;App_Encoder_GetSpeed
</UL>

<P><STRONG><a name="[64]"></a>__aeabi_ui2f</STRONG> (Thumb, 10 bytes, Stack size 0 bytes, ffltui.o(.text))
<BR><BR>[Stack]<UL><LI>Max Depth = 4<LI>Call Chain = __aeabi_ui2f &rArr; _float_epilogue
</UL>
<BR>[Calls]<UL><LI><a href="#[5a]">&gt;&gt;</a>&nbsp;&nbsp;&nbsp;_float_epilogue
</UL>
<BR>[Called By]<UL><LI><a href="#[1c]">&gt;&gt;</a>&nbsp;&nbsp;&nbsp;ADC1_2_IRQHandler
<LI><a href="#[72]">&gt;&gt;</a>&nbsp;&nbsp;&nbsp;GetUs
<LI><a href="#[b3]">&gt;&gt;</a>&nbsp;&nbsp;&nbsp;PT1Filter_Init
</UL>

<P><STRONG><a name="[65]"></a>__aeabi_ul2f</STRONG> (Thumb, 28 bytes, Stack size 8 bytes, ffltul.o(.text))
<BR><BR>[Stack]<UL><LI>Max Depth = 12<LI>Call Chain = __aeabi_ul2f &rArr; _float_epilogue
</UL>
<BR>[Calls]<UL><LI><a href="#[5a]">&gt;&gt;</a>&nbsp;&nbsp;&nbsp;_float_epilogue
</UL>
<BR>[Called By]<UL><LI><a href="#[71]">&gt;&gt;</a>&nbsp;&nbsp;&nbsp;App_Encoder_GetSpeed
<LI><a href="#[7a]">&gt;&gt;</a>&nbsp;&nbsp;&nbsp;PID_Compute
</UL>

<P><STRONG><a name="[66]"></a>__aeabi_ui2d</STRONG> (Thumb, 26 bytes, Stack size 16 bytes, dfltui.o(.text))
<BR><BR>[Stack]<UL><LI>Max Depth = 56<LI>Call Chain = __aeabi_ui2d &rArr; _double_epilogue &rArr; _double_round
</UL>
<BR>[Calls]<UL><LI><a href="#[60]">&gt;&gt;</a>&nbsp;&nbsp;&nbsp;_double_epilogue
</UL>
<BR>[Called By]<UL><LI><a href="#[a5]">&gt;&gt;</a>&nbsp;&nbsp;&nbsp;Delay_Init
</UL>

<P><STRONG><a name="[ac]"></a>__aeabi_f2uiz</STRONG> (Thumb, 40 bytes, Stack size 0 bytes, ffixui.o(.text))
<BR><BR>[Called By]<UL><LI><a href="#[7d]">&gt;&gt;</a>&nbsp;&nbsp;&nbsp;HW_PWM_Set_R
<LI><a href="#[7c]">&gt;&gt;</a>&nbsp;&nbsp;&nbsp;HW_PWM_Set_L
<LI><a href="#[72]">&gt;&gt;</a>&nbsp;&nbsp;&nbsp;GetUs
</UL>

<P><STRONG><a name="[6e]"></a>__aeabi_f2d</STRONG> (Thumb, 38 bytes, Stack size 0 bytes, f2d.o(.text))
<BR><BR>[Called By]<UL><LI><a href="#[1c]">&gt;&gt;</a>&nbsp;&nbsp;&nbsp;ADC1_2_IRQHandler
</UL>

<P><STRONG><a name="[67]"></a>__aeabi_d2f</STRONG> (Thumb, 56 bytes, Stack size 8 bytes, d2f.o(.text))
<BR><BR>[Stack]<UL><LI>Max Depth = 8<LI>Call Chain = __aeabi_d2f
</UL>
<BR>[Calls]<UL><LI><a href="#[5b]">&gt;&gt;</a>&nbsp;&nbsp;&nbsp;_float_round
</UL>
<BR>[Called By]<UL><LI><a href="#[1c]">&gt;&gt;</a>&nbsp;&nbsp;&nbsp;ADC1_2_IRQHandler
<LI><a href="#[a5]">&gt;&gt;</a>&nbsp;&nbsp;&nbsp;Delay_Init
</UL>

<P><STRONG><a name="[ed]"></a>__aeabi_cfcmpeq</STRONG> (Thumb, 0 bytes, Stack size 0 bytes, cfcmple.o(.text), UNUSED)

<P><STRONG><a name="[af]"></a>__aeabi_cfcmple</STRONG> (Thumb, 20 bytes, Stack size 0 bytes, cfcmple.o(.text))
<BR><BR>[Called By]<UL><LI><a href="#[7d]">&gt;&gt;</a>&nbsp;&nbsp;&nbsp;HW_PWM_Set_R
<LI><a href="#[7c]">&gt;&gt;</a>&nbsp;&nbsp;&nbsp;HW_PWM_Set_L
<LI><a href="#[7a]">&gt;&gt;</a>&nbsp;&nbsp;&nbsp;PID_Compute
</UL>

<P><STRONG><a name="[ad]"></a>__aeabi_cfrcmple</STRONG> (Thumb, 20 bytes, Stack size 0 bytes, cfrcmple.o(.text))
<BR><BR>[Called By]<UL><LI><a href="#[7d]">&gt;&gt;</a>&nbsp;&nbsp;&nbsp;HW_PWM_Set_R
<LI><a href="#[7c]">&gt;&gt;</a>&nbsp;&nbsp;&nbsp;HW_PWM_Set_L
<LI><a href="#[7a]">&gt;&gt;</a>&nbsp;&nbsp;&nbsp;PID_Compute
</UL>

<P><STRONG><a name="[68]"></a>__aeabi_llsl</STRONG> (Thumb, 30 bytes, Stack size 0 bytes, llshl.o(.text))
<BR><BR>[Called By]<UL><LI><a href="#[60]">&gt;&gt;</a>&nbsp;&nbsp;&nbsp;_double_epilogue
</UL>

<P><STRONG><a name="[ee]"></a>_ll_shift_l</STRONG> (Thumb, 0 bytes, Stack size 0 bytes, llshl.o(.text), UNUSED)

<P><STRONG><a name="[69]"></a>__aeabi_llsr</STRONG> (Thumb, 32 bytes, Stack size 0 bytes, llushr.o(.text))
<BR><BR>[Called By]<UL><LI><a href="#[60]">&gt;&gt;</a>&nbsp;&nbsp;&nbsp;_double_epilogue
</UL>

<P><STRONG><a name="[ef]"></a>_ll_ushift_r</STRONG> (Thumb, 0 bytes, Stack size 0 bytes, llushr.o(.text), UNUSED)

<P><STRONG><a name="[f0]"></a>__I$use$fp</STRONG> (Thumb, 0 bytes, Stack size 0 bytes, iusefp.o(.text), UNUSED)

<P><STRONG><a name="[5b]"></a>_float_round</STRONG> (Thumb, 18 bytes, Stack size 0 bytes, fepilogue.o(.text))
<BR><BR>[Called By]<UL><LI><a href="#[5e]">&gt;&gt;</a>&nbsp;&nbsp;&nbsp;__aeabi_fdiv
<LI><a href="#[67]">&gt;&gt;</a>&nbsp;&nbsp;&nbsp;__aeabi_d2f
<LI><a href="#[59]">&gt;&gt;</a>&nbsp;&nbsp;&nbsp;__aeabi_fadd
</UL>

<P><STRONG><a name="[5a]"></a>_float_epilogue</STRONG> (Thumb, 92 bytes, Stack size 4 bytes, fepilogue.o(.text))
<BR><BR>[Stack]<UL><LI>Max Depth = 4<LI>Call Chain = _float_epilogue
</UL>
<BR>[Called By]<UL><LI><a href="#[64]">&gt;&gt;</a>&nbsp;&nbsp;&nbsp;__aeabi_ui2f
<LI><a href="#[65]">&gt;&gt;</a>&nbsp;&nbsp;&nbsp;__aeabi_ul2f
<LI><a href="#[63]">&gt;&gt;</a>&nbsp;&nbsp;&nbsp;__aeabi_i2f
<LI><a href="#[59]">&gt;&gt;</a>&nbsp;&nbsp;&nbsp;__aeabi_fadd
</UL>

<P><STRONG><a name="[62]"></a>_double_round</STRONG> (Thumb, 30 bytes, Stack size 8 bytes, depilogue.o(.text))
<BR><BR>[Stack]<UL><LI>Max Depth = 8<LI>Call Chain = _double_round
</UL>
<BR>[Called By]<UL><LI><a href="#[61]">&gt;&gt;</a>&nbsp;&nbsp;&nbsp;__aeabi_ddiv
<LI><a href="#[60]">&gt;&gt;</a>&nbsp;&nbsp;&nbsp;_double_epilogue
</UL>

<P><STRONG><a name="[60]"></a>_double_epilogue</STRONG> (Thumb, 156 bytes, Stack size 32 bytes, depilogue.o(.text))
<BR><BR>[Stack]<UL><LI>Max Depth = 40<LI>Call Chain = _double_epilogue &rArr; _double_round
</UL>
<BR>[Calls]<UL><LI><a href="#[69]">&gt;&gt;</a>&nbsp;&nbsp;&nbsp;__aeabi_llsr
<LI><a href="#[68]">&gt;&gt;</a>&nbsp;&nbsp;&nbsp;__aeabi_llsl
<LI><a href="#[62]">&gt;&gt;</a>&nbsp;&nbsp;&nbsp;_double_round
</UL>
<BR>[Called By]<UL><LI><a href="#[5f]">&gt;&gt;</a>&nbsp;&nbsp;&nbsp;__aeabi_dmul
<LI><a href="#[66]">&gt;&gt;</a>&nbsp;&nbsp;&nbsp;__aeabi_ui2d
</UL>

<P><STRONG><a name="[55]"></a>__scatterload</STRONG> (Thumb, 28 bytes, Stack size 0 bytes, init.o(.text))
<BR><BR>[Calls]<UL><LI><a href="#[6a]">&gt;&gt;</a>&nbsp;&nbsp;&nbsp;__main_after_scatterload
</UL>
<BR>[Called By]<UL><LI><a href="#[54]">&gt;&gt;</a>&nbsp;&nbsp;&nbsp;_main_scatterload
</UL>

<P><STRONG><a name="[f1]"></a>__scatterload_rt2</STRONG> (Thumb, 0 bytes, Stack size 0 bytes, init.o(.text), UNUSED)

<P><STRONG><a name="[1c]"></a>ADC1_2_IRQHandler</STRONG> (Thumb, 106 bytes, Stack size 48 bytes, app_bat.o(i.ADC1_2_IRQHandler))
<BR><BR>[Stack]<UL><LI>Max Depth = 136<LI>Call Chain = ADC1_2_IRQHandler &rArr; __aeabi_dmul &rArr; _double_epilogue &rArr; _double_round
</UL>
<BR>[Calls]<UL><LI><a href="#[64]">&gt;&gt;</a>&nbsp;&nbsp;&nbsp;__aeabi_ui2f
<LI><a href="#[5e]">&gt;&gt;</a>&nbsp;&nbsp;&nbsp;__aeabi_fdiv
<LI><a href="#[6e]">&gt;&gt;</a>&nbsp;&nbsp;&nbsp;__aeabi_f2d
<LI><a href="#[5f]">&gt;&gt;</a>&nbsp;&nbsp;&nbsp;__aeabi_dmul
<LI><a href="#[61]">&gt;&gt;</a>&nbsp;&nbsp;&nbsp;__aeabi_ddiv
<LI><a href="#[67]">&gt;&gt;</a>&nbsp;&nbsp;&nbsp;__aeabi_d2f
<LI><a href="#[6d]">&gt;&gt;</a>&nbsp;&nbsp;&nbsp;ADC_GetInjectedConversionValue
<LI><a href="#[6b]">&gt;&gt;</a>&nbsp;&nbsp;&nbsp;ADC_GetFlagStatus
<LI><a href="#[6c]">&gt;&gt;</a>&nbsp;&nbsp;&nbsp;ADC_ClearFlag
</UL>
<BR>[Address Reference Count : 1]<UL><LI> startup_stm32f10x_md.o(RESET)
</UL>
<P><STRONG><a name="[6c]"></a>ADC_ClearFlag</STRONG> (Thumb, 6 bytes, Stack size 0 bytes, stm32f10x_adc.o(i.ADC_ClearFlag))
<BR><BR>[Called By]<UL><LI><a href="#[1c]">&gt;&gt;</a>&nbsp;&nbsp;&nbsp;ADC1_2_IRQHandler
</UL>

<P><STRONG><a name="[6b]"></a>ADC_GetFlagStatus</STRONG> (Thumb, 18 bytes, Stack size 0 bytes, stm32f10x_adc.o(i.ADC_GetFlagStatus))
<BR><BR>[Called By]<UL><LI><a href="#[1c]">&gt;&gt;</a>&nbsp;&nbsp;&nbsp;ADC1_2_IRQHandler
</UL>

<P><STRONG><a name="[6d]"></a>ADC_GetInjectedConversionValue</STRONG> (Thumb, 28 bytes, Stack size 8 bytes, stm32f10x_adc.o(i.ADC_GetInjectedConversionValue))
<BR><BR>[Stack]<UL><LI>Max Depth = 8<LI>Call Chain = ADC_GetInjectedConversionValue
</UL>
<BR>[Called By]<UL><LI><a href="#[1c]">&gt;&gt;</a>&nbsp;&nbsp;&nbsp;ADC1_2_IRQHandler
</UL>

<P><STRONG><a name="[7b]"></a>App_Bat_Get</STRONG> (Thumb, 4 bytes, Stack size 0 bytes, app_bat.o(i.App_Bat_Get))
<BR><BR>[Called By]<UL><LI><a href="#[79]">&gt;&gt;</a>&nbsp;&nbsp;&nbsp;App_Motor_Proc
</UL>

<P><STRONG><a name="[75]"></a>App_Encoder_GetSpeed_L</STRONG> (Thumb, 10 bytes, Stack size 8 bytes, app_encoder.o(i.App_Encoder_GetSpeed_L))
<BR><BR>[Stack]<UL><LI>Max Depth = 160<LI>Call Chain = App_Encoder_GetSpeed_L &rArr; App_Encoder_GetSpeed &rArr; GetUs &rArr; Delay_Init &rArr; __aeabi_ui2d &rArr; _double_epilogue &rArr; _double_round
</UL>
<BR>[Calls]<UL><LI><a href="#[71]">&gt;&gt;</a>&nbsp;&nbsp;&nbsp;App_Encoder_GetSpeed
</UL>
<BR>[Called By]<UL><LI><a href="#[79]">&gt;&gt;</a>&nbsp;&nbsp;&nbsp;App_Motor_Proc
</UL>

<P><STRONG><a name="[76]"></a>App_Encoder_GetSpeed_R</STRONG> (Thumb, 14 bytes, Stack size 8 bytes, app_encoder.o(i.App_Encoder_GetSpeed_R))
<BR><BR>[Stack]<UL><LI>Max Depth = 160<LI>Call Chain = App_Encoder_GetSpeed_R &rArr; App_Encoder_GetSpeed &rArr; GetUs &rArr; Delay_Init &rArr; __aeabi_ui2d &rArr; _double_epilogue &rArr; _double_round
</UL>
<BR>[Calls]<UL><LI><a href="#[71]">&gt;&gt;</a>&nbsp;&nbsp;&nbsp;App_Encoder_GetSpeed
</UL>
<BR>[Called By]<UL><LI><a href="#[79]">&gt;&gt;</a>&nbsp;&nbsp;&nbsp;App_Motor_Proc
</UL>

<P><STRONG><a name="[46]"></a>App_Encoder_Init</STRONG> (Thumb, 28 bytes, Stack size 8 bytes, app_encoder.o(i.App_Encoder_Init))
<BR><BR>[Stack]<UL><LI>Max Depth = 88<LI>Call Chain = App_Encoder_Init &rArr; App_EncoderInst_Init &rArr; PT1Filter_InitWithFreq &rArr; PT1Filter_Init &rArr; __aeabi_fdiv
</UL>
<BR>[Calls]<UL><LI><a href="#[6f]">&gt;&gt;</a>&nbsp;&nbsp;&nbsp;App_EncoderInst_Init
</UL>
<BR>[Address Reference Count : 1]<UL><LI> app_encoder.o(init.item.2)
</UL>
<P><STRONG><a name="[48]"></a>App_Motor_Init</STRONG> (Thumb, 52 bytes, Stack size 8 bytes, app_motor.o(i.App_Motor_Init))
<BR><BR>[Stack]<UL><LI>Max Depth = 20<LI>Call Chain = App_Motor_Init &rArr; PID_Init
</UL>
<BR>[Calls]<UL><LI><a href="#[78]">&gt;&gt;</a>&nbsp;&nbsp;&nbsp;PID_LimitConfig
<LI><a href="#[77]">&gt;&gt;</a>&nbsp;&nbsp;&nbsp;PID_Init
</UL>
<BR>[Address Reference Count : 1]<UL><LI> app_motor.o(init.item.2)
</UL>
<P><STRONG><a name="[79]"></a>App_Motor_Proc</STRONG> (Thumb, 102 bytes, Stack size 32 bytes, app_motor.o(i.App_Motor_Proc))
<BR><BR>[Stack]<UL><LI>Max Depth = 232<LI>Call Chain = App_Motor_Proc &rArr; PID_Compute &rArr; GetUs &rArr; Delay_Init &rArr; __aeabi_ui2d &rArr; _double_epilogue &rArr; _double_round
</UL>
<BR>[Calls]<UL><LI><a href="#[73]">&gt;&gt;</a>&nbsp;&nbsp;&nbsp;__aeabi_fmul
<LI><a href="#[7d]">&gt;&gt;</a>&nbsp;&nbsp;&nbsp;HW_PWM_Set_R
<LI><a href="#[7c]">&gt;&gt;</a>&nbsp;&nbsp;&nbsp;HW_PWM_Set_L
<LI><a href="#[5e]">&gt;&gt;</a>&nbsp;&nbsp;&nbsp;__aeabi_fdiv
<LI><a href="#[7b]">&gt;&gt;</a>&nbsp;&nbsp;&nbsp;App_Bat_Get
<LI><a href="#[7a]">&gt;&gt;</a>&nbsp;&nbsp;&nbsp;PID_Compute
<LI><a href="#[76]">&gt;&gt;</a>&nbsp;&nbsp;&nbsp;App_Encoder_GetSpeed_R
<LI><a href="#[75]">&gt;&gt;</a>&nbsp;&nbsp;&nbsp;App_Encoder_GetSpeed_L
</UL>
<BR>[Called By]<UL><LI><a href="#[4e]">&gt;&gt;</a>&nbsp;&nbsp;&nbsp;motot_pid_test
</UL>

<P><STRONG><a name="[7e]"></a>App_Motor_SetOmega_L</STRONG> (Thumb, 14 bytes, Stack size 8 bytes, app_motor.o(i.App_Motor_SetOmega_L))
<BR><BR>[Stack]<UL><LI>Max Depth = 8<LI>Call Chain = App_Motor_SetOmega_L
</UL>
<BR>[Calls]<UL><LI><a href="#[7f]">&gt;&gt;</a>&nbsp;&nbsp;&nbsp;PID_ChangeSP
</UL>
<BR>[Called By]<UL><LI><a href="#[52]">&gt;&gt;</a>&nbsp;&nbsp;&nbsp;vofaSetLeftSpeed
</UL>

<P><STRONG><a name="[80]"></a>App_Motor_SetOmega_R</STRONG> (Thumb, 14 bytes, Stack size 8 bytes, app_motor.o(i.App_Motor_SetOmega_R))
<BR><BR>[Stack]<UL><LI>Max Depth = 8<LI>Call Chain = App_Motor_SetOmega_R
</UL>
<BR>[Calls]<UL><LI><a href="#[7f]">&gt;&gt;</a>&nbsp;&nbsp;&nbsp;PID_ChangeSP
</UL>
<BR>[Called By]<UL><LI><a href="#[53]">&gt;&gt;</a>&nbsp;&nbsp;&nbsp;vofaSetRightSpeed
</UL>

<P><STRONG><a name="[81]"></a>App_PWM_Init</STRONG> (Thumb, 268 bytes, Stack size 40 bytes, app_pwm.o(i.App_PWM_Init))
<BR><BR>[Stack]<UL><LI>Max Depth = 64<LI>Call Chain = App_PWM_Init &rArr; GPIO_Init
</UL>
<BR>[Calls]<UL><LI><a href="#[8d]">&gt;&gt;</a>&nbsp;&nbsp;&nbsp;TIM_OC4PreloadConfig
<LI><a href="#[8c]">&gt;&gt;</a>&nbsp;&nbsp;&nbsp;TIM_OC4Init
<LI><a href="#[8b]">&gt;&gt;</a>&nbsp;&nbsp;&nbsp;TIM_OC3PreloadConfig
<LI><a href="#[8a]">&gt;&gt;</a>&nbsp;&nbsp;&nbsp;TIM_OC3Init
<LI><a href="#[89]">&gt;&gt;</a>&nbsp;&nbsp;&nbsp;TIM_OC2PreloadConfig
<LI><a href="#[88]">&gt;&gt;</a>&nbsp;&nbsp;&nbsp;TIM_OC2Init
<LI><a href="#[87]">&gt;&gt;</a>&nbsp;&nbsp;&nbsp;TIM_OC1PreloadConfig
<LI><a href="#[86]">&gt;&gt;</a>&nbsp;&nbsp;&nbsp;TIM_OC1Init
<LI><a href="#[8e]">&gt;&gt;</a>&nbsp;&nbsp;&nbsp;TIM_CtrlPWMOutputs
<LI><a href="#[8f]">&gt;&gt;</a>&nbsp;&nbsp;&nbsp;TIM_ARRPreloadConfig
<LI><a href="#[85]">&gt;&gt;</a>&nbsp;&nbsp;&nbsp;TIM_TimeBaseInit
<LI><a href="#[90]">&gt;&gt;</a>&nbsp;&nbsp;&nbsp;TIM_Cmd
<LI><a href="#[82]">&gt;&gt;</a>&nbsp;&nbsp;&nbsp;RCC_APB2PeriphClockCmd
<LI><a href="#[84]">&gt;&gt;</a>&nbsp;&nbsp;&nbsp;RCC_APB1PeriphClockCmd
<LI><a href="#[83]">&gt;&gt;</a>&nbsp;&nbsp;&nbsp;GPIO_Init
</UL>
<BR>[Called By]<UL><LI><a href="#[45]">&gt;&gt;</a>&nbsp;&nbsp;&nbsp;motorHwInit
</UL>

<P><STRONG><a name="[44]"></a>App_USART3_Init</STRONG> (Thumb, 246 bytes, Stack size 32 bytes, app_usart2.o(i.App_USART3_Init))
<BR><BR>[Stack]<UL><LI>Max Depth = 144<LI>Call Chain = App_USART3_Init &rArr; GetTick &rArr; Delay_Init &rArr; __aeabi_ui2d &rArr; _double_epilogue &rArr; _double_round
</UL>
<BR>[Calls]<UL><LI><a href="#[99]">&gt;&gt;</a>&nbsp;&nbsp;&nbsp;fifoInit
<LI><a href="#[92]">&gt;&gt;</a>&nbsp;&nbsp;&nbsp;USART_Init
<LI><a href="#[94]">&gt;&gt;</a>&nbsp;&nbsp;&nbsp;USART_ITConfig
<LI><a href="#[95]">&gt;&gt;</a>&nbsp;&nbsp;&nbsp;USART_DMACmd
<LI><a href="#[96]">&gt;&gt;</a>&nbsp;&nbsp;&nbsp;USART_Cmd
<LI><a href="#[91]">&gt;&gt;</a>&nbsp;&nbsp;&nbsp;DMA_Configuration
<LI><a href="#[82]">&gt;&gt;</a>&nbsp;&nbsp;&nbsp;RCC_APB2PeriphClockCmd
<LI><a href="#[84]">&gt;&gt;</a>&nbsp;&nbsp;&nbsp;RCC_APB1PeriphClockCmd
<LI><a href="#[93]">&gt;&gt;</a>&nbsp;&nbsp;&nbsp;NVIC_Init
<LI><a href="#[98]">&gt;&gt;</a>&nbsp;&nbsp;&nbsp;GetTick
<LI><a href="#[83]">&gt;&gt;</a>&nbsp;&nbsp;&nbsp;GPIO_Init
<LI><a href="#[97]">&gt;&gt;</a>&nbsp;&nbsp;&nbsp;__aeabi_memclr4
</UL>
<BR>[Address Reference Count : 1]<UL><LI> app_usart2.o(init.item.2)
</UL>
<P><STRONG><a name="[4]"></a>BusFault_Handler</STRONG> (Thumb, 4 bytes, Stack size 0 bytes, stm32f10x_it.o(i.BusFault_Handler))
<BR>[Address Reference Count : 1]<UL><LI> startup_stm32f10x_md.o(RESET)
</UL>
<P><STRONG><a name="[16]"></a>DMA1_Channel2_IRQHandler</STRONG> (Thumb, 22 bytes, Stack size 8 bytes, app_usart2.o(i.DMA1_Channel2_IRQHandler))
<BR><BR>[Stack]<UL><LI>Max Depth = 128<LI>Call Chain = DMA1_Channel2_IRQHandler &rArr; comHwTxInt &rArr; GetTick &rArr; Delay_Init &rArr; __aeabi_ui2d &rArr; _double_epilogue &rArr; _double_round
</UL>
<BR>[Calls]<UL><LI><a href="#[9a]">&gt;&gt;</a>&nbsp;&nbsp;&nbsp;DMA_GetITStatus
<LI><a href="#[9b]">&gt;&gt;</a>&nbsp;&nbsp;&nbsp;DMA_ClearITPendingBit
<LI><a href="#[9c]">&gt;&gt;</a>&nbsp;&nbsp;&nbsp;comHwTxInt
</UL>
<BR>[Address Reference Count : 1]<UL><LI> startup_stm32f10x_md.o(RESET)
</UL>
<P><STRONG><a name="[17]"></a>DMA1_Channel3_IRQHandler</STRONG> (Thumb, 26 bytes, Stack size 8 bytes, app_usart2.o(i.DMA1_Channel3_IRQHandler))
<BR><BR>[Stack]<UL><LI>Max Depth = 48<LI>Call Chain = DMA1_Channel3_IRQHandler &rArr; comHwRxInt &rArr; fifoEnqueue
</UL>
<BR>[Calls]<UL><LI><a href="#[9a]">&gt;&gt;</a>&nbsp;&nbsp;&nbsp;DMA_GetITStatus
<LI><a href="#[9b]">&gt;&gt;</a>&nbsp;&nbsp;&nbsp;DMA_ClearITPendingBit
<LI><a href="#[9d]">&gt;&gt;</a>&nbsp;&nbsp;&nbsp;comHwRxInt
</UL>
<BR>[Address Reference Count : 1]<UL><LI> startup_stm32f10x_md.o(RESET)
</UL>
<P><STRONG><a name="[9b]"></a>DMA_ClearITPendingBit</STRONG> (Thumb, 18 bytes, Stack size 0 bytes, stm32f10x_dma.o(i.DMA_ClearITPendingBit))
<BR><BR>[Called By]<UL><LI><a href="#[17]">&gt;&gt;</a>&nbsp;&nbsp;&nbsp;DMA1_Channel3_IRQHandler
<LI><a href="#[16]">&gt;&gt;</a>&nbsp;&nbsp;&nbsp;DMA1_Channel2_IRQHandler
</UL>

<P><STRONG><a name="[a2]"></a>DMA_Cmd</STRONG> (Thumb, 24 bytes, Stack size 0 bytes, stm32f10x_dma.o(i.DMA_Cmd))
<BR><BR>[Called By]<UL><LI><a href="#[9c]">&gt;&gt;</a>&nbsp;&nbsp;&nbsp;comHwTxInt
<LI><a href="#[9d]">&gt;&gt;</a>&nbsp;&nbsp;&nbsp;comHwRxInt
<LI><a href="#[4a]">&gt;&gt;</a>&nbsp;&nbsp;&nbsp;comHwProcess
<LI><a href="#[91]">&gt;&gt;</a>&nbsp;&nbsp;&nbsp;DMA_Configuration
</UL>

<P><STRONG><a name="[91]"></a>DMA_Configuration</STRONG> (Thumb, 156 bytes, Stack size 48 bytes, app_usart2.o(i.DMA_Configuration))
<BR><BR>[Stack]<UL><LI>Max Depth = 56<LI>Call Chain = DMA_Configuration &rArr; DMA_Init
</UL>
<BR>[Calls]<UL><LI><a href="#[9e]">&gt;&gt;</a>&nbsp;&nbsp;&nbsp;RCC_AHBPeriphClockCmd
<LI><a href="#[a0]">&gt;&gt;</a>&nbsp;&nbsp;&nbsp;DMA_Init
<LI><a href="#[a1]">&gt;&gt;</a>&nbsp;&nbsp;&nbsp;DMA_ITConfig
<LI><a href="#[9f]">&gt;&gt;</a>&nbsp;&nbsp;&nbsp;DMA_DeInit
<LI><a href="#[a2]">&gt;&gt;</a>&nbsp;&nbsp;&nbsp;DMA_Cmd
<LI><a href="#[a3]">&gt;&gt;</a>&nbsp;&nbsp;&nbsp;__NVIC_EnableIRQ
</UL>
<BR>[Called By]<UL><LI><a href="#[44]">&gt;&gt;</a>&nbsp;&nbsp;&nbsp;App_USART3_Init
</UL>

<P><STRONG><a name="[9f]"></a>DMA_DeInit</STRONG> (Thumb, 324 bytes, Stack size 0 bytes, stm32f10x_dma.o(i.DMA_DeInit))
<BR><BR>[Called By]<UL><LI><a href="#[91]">&gt;&gt;</a>&nbsp;&nbsp;&nbsp;DMA_Configuration
</UL>

<P><STRONG><a name="[c9]"></a>DMA_GetCurrDataCounter</STRONG> (Thumb, 8 bytes, Stack size 0 bytes, stm32f10x_dma.o(i.DMA_GetCurrDataCounter))
<BR><BR>[Called By]<UL><LI><a href="#[9d]">&gt;&gt;</a>&nbsp;&nbsp;&nbsp;comHwRxInt
</UL>

<P><STRONG><a name="[9a]"></a>DMA_GetITStatus</STRONG> (Thumb, 36 bytes, Stack size 0 bytes, stm32f10x_dma.o(i.DMA_GetITStatus))
<BR><BR>[Called By]<UL><LI><a href="#[17]">&gt;&gt;</a>&nbsp;&nbsp;&nbsp;DMA1_Channel3_IRQHandler
<LI><a href="#[16]">&gt;&gt;</a>&nbsp;&nbsp;&nbsp;DMA1_Channel2_IRQHandler
</UL>

<P><STRONG><a name="[a1]"></a>DMA_ITConfig</STRONG> (Thumb, 18 bytes, Stack size 0 bytes, stm32f10x_dma.o(i.DMA_ITConfig))
<BR><BR>[Called By]<UL><LI><a href="#[9c]">&gt;&gt;</a>&nbsp;&nbsp;&nbsp;comHwTxInt
<LI><a href="#[4a]">&gt;&gt;</a>&nbsp;&nbsp;&nbsp;comHwProcess
<LI><a href="#[91]">&gt;&gt;</a>&nbsp;&nbsp;&nbsp;DMA_Configuration
</UL>

<P><STRONG><a name="[a0]"></a>DMA_Init</STRONG> (Thumb, 60 bytes, Stack size 8 bytes, stm32f10x_dma.o(i.DMA_Init))
<BR><BR>[Stack]<UL><LI>Max Depth = 8<LI>Call Chain = DMA_Init
</UL>
<BR>[Called By]<UL><LI><a href="#[91]">&gt;&gt;</a>&nbsp;&nbsp;&nbsp;DMA_Configuration
</UL>

<P><STRONG><a name="[4b]"></a>DMA_Tx_Test</STRONG> (Thumb, 12 bytes, Stack size 8 bytes, app_usart2.o(i.DMA_Tx_Test))
<BR><BR>[Stack]<UL><LI>Max Depth = 56<LI>Call Chain = DMA_Tx_Test &rArr; comHwSend &rArr; fifoEnqueue
</UL>
<BR>[Calls]<UL><LI><a href="#[a4]">&gt;&gt;</a>&nbsp;&nbsp;&nbsp;comHwSend
</UL>
<BR>[Address Reference Count : 1]<UL><LI> app_usart2.o(task.item.1)
</UL>
<P><STRONG><a name="[7]"></a>DebugMon_Handler</STRONG> (Thumb, 2 bytes, Stack size 0 bytes, stm32f10x_it.o(i.DebugMon_Handler))
<BR>[Address Reference Count : 1]<UL><LI> startup_stm32f10x_md.o(RESET)
</UL>
<P><STRONG><a name="[a5]"></a>Delay_Init</STRONG> (Thumb, 192 bytes, Stack size 48 bytes, delay.o(i.Delay_Init))
<BR><BR>[Stack]<UL><LI>Max Depth = 104<LI>Call Chain = Delay_Init &rArr; __aeabi_ui2d &rArr; _double_epilogue &rArr; _double_round
</UL>
<BR>[Calls]<UL><LI><a href="#[61]">&gt;&gt;</a>&nbsp;&nbsp;&nbsp;__aeabi_ddiv
<LI><a href="#[67]">&gt;&gt;</a>&nbsp;&nbsp;&nbsp;__aeabi_d2f
<LI><a href="#[a6]">&gt;&gt;</a>&nbsp;&nbsp;&nbsp;RCC_GetClocksFreq
<LI><a href="#[66]">&gt;&gt;</a>&nbsp;&nbsp;&nbsp;__aeabi_ui2d
<LI><a href="#[97]">&gt;&gt;</a>&nbsp;&nbsp;&nbsp;__aeabi_memclr4
</UL>
<BR>[Called By]<UL><LI><a href="#[98]">&gt;&gt;</a>&nbsp;&nbsp;&nbsp;GetTick
<LI><a href="#[72]">&gt;&gt;</a>&nbsp;&nbsp;&nbsp;GetUs
</UL>

<P><STRONG><a name="[83]"></a>GPIO_Init</STRONG> (Thumb, 278 bytes, Stack size 24 bytes, stm32f10x_gpio.o(i.GPIO_Init))
<BR><BR>[Stack]<UL><LI>Max Depth = 24<LI>Call Chain = GPIO_Init
</UL>
<BR>[Called By]<UL><LI><a href="#[3a]">&gt;&gt;</a>&nbsp;&nbsp;&nbsp;Encoder_R_Init
<LI><a href="#[3d]">&gt;&gt;</a>&nbsp;&nbsp;&nbsp;Encoder_L_Init
<LI><a href="#[81]">&gt;&gt;</a>&nbsp;&nbsp;&nbsp;App_PWM_Init
<LI><a href="#[44]">&gt;&gt;</a>&nbsp;&nbsp;&nbsp;App_USART3_Init
<LI><a href="#[47]">&gt;&gt;</a>&nbsp;&nbsp;&nbsp;led_io_init
</UL>

<P><STRONG><a name="[a7]"></a>GPIO_PinRemapConfig</STRONG> (Thumb, 138 bytes, Stack size 20 bytes, stm32f10x_gpio.o(i.GPIO_PinRemapConfig))
<BR><BR>[Stack]<UL><LI>Max Depth = 20<LI>Call Chain = GPIO_PinRemapConfig
</UL>
<BR>[Called By]<UL><LI><a href="#[3a]">&gt;&gt;</a>&nbsp;&nbsp;&nbsp;Encoder_R_Init
<LI><a href="#[3d]">&gt;&gt;</a>&nbsp;&nbsp;&nbsp;Encoder_L_Init
</UL>

<P><STRONG><a name="[98]"></a>GetTick</STRONG> (Thumb, 12 bytes, Stack size 8 bytes, delay.o(i.GetTick))
<BR><BR>[Stack]<UL><LI>Max Depth = 112<LI>Call Chain = GetTick &rArr; Delay_Init &rArr; __aeabi_ui2d &rArr; _double_epilogue &rArr; _double_round
</UL>
<BR>[Calls]<UL><LI><a href="#[a5]">&gt;&gt;</a>&nbsp;&nbsp;&nbsp;Delay_Init
</UL>
<BR>[Called By]<UL><LI><a href="#[c3]">&gt;&gt;</a>&nbsp;&nbsp;&nbsp;aiPwmProcess
<LI><a href="#[c0]">&gt;&gt;</a>&nbsp;&nbsp;&nbsp;aiPwmInit
<LI><a href="#[9c]">&gt;&gt;</a>&nbsp;&nbsp;&nbsp;comHwTxInt
<LI><a href="#[4a]">&gt;&gt;</a>&nbsp;&nbsp;&nbsp;comHwProcess
<LI><a href="#[44]">&gt;&gt;</a>&nbsp;&nbsp;&nbsp;App_USART3_Init
<LI><a href="#[c6]">&gt;&gt;</a>&nbsp;&nbsp;&nbsp;get_tick
</UL>

<P><STRONG><a name="[72]"></a>GetUs</STRONG> (Thumb, 118 bytes, Stack size 24 bytes, delay.o(i.GetUs))
<BR><BR>[Stack]<UL><LI>Max Depth = 128<LI>Call Chain = GetUs &rArr; Delay_Init &rArr; __aeabi_ui2d &rArr; _double_epilogue &rArr; _double_round
</UL>
<BR>[Calls]<UL><LI><a href="#[73]">&gt;&gt;</a>&nbsp;&nbsp;&nbsp;__aeabi_fmul
<LI><a href="#[ac]">&gt;&gt;</a>&nbsp;&nbsp;&nbsp;__aeabi_f2uiz
<LI><a href="#[64]">&gt;&gt;</a>&nbsp;&nbsp;&nbsp;__aeabi_ui2f
<LI><a href="#[a5]">&gt;&gt;</a>&nbsp;&nbsp;&nbsp;Delay_Init
</UL>
<BR>[Called By]<UL><LI><a href="#[71]">&gt;&gt;</a>&nbsp;&nbsp;&nbsp;App_Encoder_GetSpeed
<LI><a href="#[7a]">&gt;&gt;</a>&nbsp;&nbsp;&nbsp;PID_Compute
</UL>

<P><STRONG><a name="[7c]"></a>HW_PWM_Set_L</STRONG> (Thumb, 60 bytes, Stack size 16 bytes, app_pwm.o(i.HW_PWM_Set_L))
<BR><BR>[Stack]<UL><LI>Max Depth = 168<LI>Call Chain = HW_PWM_Set_L &rArr; motorLeftHwUnclk &rArr; motorHwProcess &rArr; aiPwmProcess &rArr; GetTick &rArr; Delay_Init &rArr; __aeabi_ui2d &rArr; _double_epilogue &rArr; _double_round
</UL>
<BR>[Calls]<UL><LI><a href="#[ac]">&gt;&gt;</a>&nbsp;&nbsp;&nbsp;__aeabi_f2uiz
<LI><a href="#[af]">&gt;&gt;</a>&nbsp;&nbsp;&nbsp;__aeabi_cfcmple
<LI><a href="#[b0]">&gt;&gt;</a>&nbsp;&nbsp;&nbsp;motorLeftHwUnclk
<LI><a href="#[ae]">&gt;&gt;</a>&nbsp;&nbsp;&nbsp;motorLeftHwClk
<LI><a href="#[ad]">&gt;&gt;</a>&nbsp;&nbsp;&nbsp;__aeabi_cfrcmple
</UL>
<BR>[Called By]<UL><LI><a href="#[79]">&gt;&gt;</a>&nbsp;&nbsp;&nbsp;App_Motor_Proc
<LI><a href="#[50]">&gt;&gt;</a>&nbsp;&nbsp;&nbsp;vofaSetLeftDuty
</UL>

<P><STRONG><a name="[7d]"></a>HW_PWM_Set_R</STRONG> (Thumb, 60 bytes, Stack size 16 bytes, app_pwm.o(i.HW_PWM_Set_R))
<BR><BR>[Stack]<UL><LI>Max Depth = 168<LI>Call Chain = HW_PWM_Set_R &rArr; motorRightHwUnclk &rArr; motorHwProcess &rArr; aiPwmProcess &rArr; GetTick &rArr; Delay_Init &rArr; __aeabi_ui2d &rArr; _double_epilogue &rArr; _double_round
</UL>
<BR>[Calls]<UL><LI><a href="#[ac]">&gt;&gt;</a>&nbsp;&nbsp;&nbsp;__aeabi_f2uiz
<LI><a href="#[af]">&gt;&gt;</a>&nbsp;&nbsp;&nbsp;__aeabi_cfcmple
<LI><a href="#[b2]">&gt;&gt;</a>&nbsp;&nbsp;&nbsp;motorRightHwUnclk
<LI><a href="#[b1]">&gt;&gt;</a>&nbsp;&nbsp;&nbsp;motorRightHwClk
<LI><a href="#[ad]">&gt;&gt;</a>&nbsp;&nbsp;&nbsp;__aeabi_cfrcmple
</UL>
<BR>[Called By]<UL><LI><a href="#[79]">&gt;&gt;</a>&nbsp;&nbsp;&nbsp;App_Motor_Proc
<LI><a href="#[51]">&gt;&gt;</a>&nbsp;&nbsp;&nbsp;vofaSetRightDuty
</UL>

<P><STRONG><a name="[2]"></a>HardFault_Handler</STRONG> (Thumb, 4 bytes, Stack size 0 bytes, stm32f10x_it.o(i.HardFault_Handler))
<BR>[Address Reference Count : 1]<UL><LI> startup_stm32f10x_md.o(RESET)
</UL>
<P><STRONG><a name="[3]"></a>MemManage_Handler</STRONG> (Thumb, 4 bytes, Stack size 0 bytes, stm32f10x_it.o(i.MemManage_Handler))
<BR>[Address Reference Count : 1]<UL><LI> startup_stm32f10x_md.o(RESET)
</UL>
<P><STRONG><a name="[1]"></a>NMI_Handler</STRONG> (Thumb, 2 bytes, Stack size 0 bytes, stm32f10x_it.o(i.NMI_Handler))
<BR>[Address Reference Count : 1]<UL><LI> startup_stm32f10x_md.o(RESET)
</UL>
<P><STRONG><a name="[93]"></a>NVIC_Init</STRONG> (Thumb, 100 bytes, Stack size 16 bytes, misc.o(i.NVIC_Init))
<BR><BR>[Stack]<UL><LI>Max Depth = 16<LI>Call Chain = NVIC_Init
</UL>
<BR>[Called By]<UL><LI><a href="#[44]">&gt;&gt;</a>&nbsp;&nbsp;&nbsp;App_USART3_Init
</UL>

<P><STRONG><a name="[ce]"></a>NVIC_PriorityGroupConfig</STRONG> (Thumb, 10 bytes, Stack size 0 bytes, misc.o(i.NVIC_PriorityGroupConfig))
<BR><BR>[Called By]<UL><LI><a href="#[35]">&gt;&gt;</a>&nbsp;&nbsp;&nbsp;main
</UL>

<P><STRONG><a name="[7f]"></a>PID_ChangeSP</STRONG> (Thumb, 4 bytes, Stack size 0 bytes, pid.o(i.PID_ChangeSP))
<BR><BR>[Called By]<UL><LI><a href="#[80]">&gt;&gt;</a>&nbsp;&nbsp;&nbsp;App_Motor_SetOmega_R
<LI><a href="#[7e]">&gt;&gt;</a>&nbsp;&nbsp;&nbsp;App_Motor_SetOmega_L
</UL>

<P><STRONG><a name="[7a]"></a>PID_Compute</STRONG> (Thumb, 248 bytes, Stack size 72 bytes, pid.o(i.PID_Compute))
<BR><BR>[Stack]<UL><LI>Max Depth = 200<LI>Call Chain = PID_Compute &rArr; GetUs &rArr; Delay_Init &rArr; __aeabi_ui2d &rArr; _double_epilogue &rArr; _double_round
</UL>
<BR>[Calls]<UL><LI><a href="#[73]">&gt;&gt;</a>&nbsp;&nbsp;&nbsp;__aeabi_fmul
<LI><a href="#[af]">&gt;&gt;</a>&nbsp;&nbsp;&nbsp;__aeabi_cfcmple
<LI><a href="#[5e]">&gt;&gt;</a>&nbsp;&nbsp;&nbsp;__aeabi_fdiv
<LI><a href="#[ad]">&gt;&gt;</a>&nbsp;&nbsp;&nbsp;__aeabi_cfrcmple
<LI><a href="#[65]">&gt;&gt;</a>&nbsp;&nbsp;&nbsp;__aeabi_ul2f
<LI><a href="#[72]">&gt;&gt;</a>&nbsp;&nbsp;&nbsp;GetUs
<LI><a href="#[5c]">&gt;&gt;</a>&nbsp;&nbsp;&nbsp;__aeabi_fsub
<LI><a href="#[59]">&gt;&gt;</a>&nbsp;&nbsp;&nbsp;__aeabi_fadd
</UL>
<BR>[Called By]<UL><LI><a href="#[79]">&gt;&gt;</a>&nbsp;&nbsp;&nbsp;App_Motor_Proc
</UL>

<P><STRONG><a name="[77]"></a>PID_Init</STRONG> (Thumb, 32 bytes, Stack size 12 bytes, pid.o(i.PID_Init))
<BR><BR>[Stack]<UL><LI>Max Depth = 12<LI>Call Chain = PID_Init
</UL>
<BR>[Called By]<UL><LI><a href="#[48]">&gt;&gt;</a>&nbsp;&nbsp;&nbsp;App_Motor_Init
</UL>

<P><STRONG><a name="[78]"></a>PID_LimitConfig</STRONG> (Thumb, 6 bytes, Stack size 0 bytes, pid.o(i.PID_LimitConfig))
<BR><BR>[Called By]<UL><LI><a href="#[48]">&gt;&gt;</a>&nbsp;&nbsp;&nbsp;App_Motor_Init
</UL>

<P><STRONG><a name="[74]"></a>PT1Filter_Apply</STRONG> (Thumb, 60 bytes, Stack size 32 bytes, filter.o(i.PT1Filter_Apply))
<BR><BR>[Stack]<UL><LI>Max Depth = 52<LI>Call Chain = PT1Filter_Apply &rArr; __aeabi_fadd &rArr; _float_epilogue
</UL>
<BR>[Calls]<UL><LI><a href="#[73]">&gt;&gt;</a>&nbsp;&nbsp;&nbsp;__aeabi_fmul
<LI><a href="#[5e]">&gt;&gt;</a>&nbsp;&nbsp;&nbsp;__aeabi_fdiv
<LI><a href="#[59]">&gt;&gt;</a>&nbsp;&nbsp;&nbsp;__aeabi_fadd
</UL>
<BR>[Called By]<UL><LI><a href="#[71]">&gt;&gt;</a>&nbsp;&nbsp;&nbsp;App_Encoder_GetSpeed
</UL>

<P><STRONG><a name="[b3]"></a>PT1Filter_Init</STRONG> (Thumb, 40 bytes, Stack size 24 bytes, filter.o(i.PT1Filter_Init))
<BR><BR>[Stack]<UL><LI>Max Depth = 32<LI>Call Chain = PT1Filter_Init &rArr; __aeabi_fdiv
</UL>
<BR>[Calls]<UL><LI><a href="#[64]">&gt;&gt;</a>&nbsp;&nbsp;&nbsp;__aeabi_ui2f
<LI><a href="#[5e]">&gt;&gt;</a>&nbsp;&nbsp;&nbsp;__aeabi_fdiv
</UL>
<BR>[Called By]<UL><LI><a href="#[70]">&gt;&gt;</a>&nbsp;&nbsp;&nbsp;PT1Filter_InitWithFreq
</UL>

<P><STRONG><a name="[70]"></a>PT1Filter_InitWithFreq</STRONG> (Thumb, 46 bytes, Stack size 24 bytes, filter.o(i.PT1Filter_InitWithFreq))
<BR><BR>[Stack]<UL><LI>Max Depth = 56<LI>Call Chain = PT1Filter_InitWithFreq &rArr; PT1Filter_Init &rArr; __aeabi_fdiv
</UL>
<BR>[Calls]<UL><LI><a href="#[73]">&gt;&gt;</a>&nbsp;&nbsp;&nbsp;__aeabi_fmul
<LI><a href="#[5e]">&gt;&gt;</a>&nbsp;&nbsp;&nbsp;__aeabi_fdiv
<LI><a href="#[b3]">&gt;&gt;</a>&nbsp;&nbsp;&nbsp;PT1Filter_Init
</UL>
<BR>[Called By]<UL><LI><a href="#[6f]">&gt;&gt;</a>&nbsp;&nbsp;&nbsp;App_EncoderInst_Init
</UL>

<P><STRONG><a name="[8]"></a>PendSV_Handler</STRONG> (Thumb, 2 bytes, Stack size 0 bytes, stm32f10x_it.o(i.PendSV_Handler))
<BR>[Address Reference Count : 1]<UL><LI> startup_stm32f10x_md.o(RESET)
</UL>
<P><STRONG><a name="[9e]"></a>RCC_AHBPeriphClockCmd</STRONG> (Thumb, 26 bytes, Stack size 0 bytes, stm32f10x_rcc.o(i.RCC_AHBPeriphClockCmd))
<BR><BR>[Called By]<UL><LI><a href="#[91]">&gt;&gt;</a>&nbsp;&nbsp;&nbsp;DMA_Configuration
</UL>

<P><STRONG><a name="[84]"></a>RCC_APB1PeriphClockCmd</STRONG> (Thumb, 26 bytes, Stack size 0 bytes, stm32f10x_rcc.o(i.RCC_APB1PeriphClockCmd))
<BR><BR>[Called By]<UL><LI><a href="#[3a]">&gt;&gt;</a>&nbsp;&nbsp;&nbsp;Encoder_R_Init
<LI><a href="#[3d]">&gt;&gt;</a>&nbsp;&nbsp;&nbsp;Encoder_L_Init
<LI><a href="#[81]">&gt;&gt;</a>&nbsp;&nbsp;&nbsp;App_PWM_Init
<LI><a href="#[44]">&gt;&gt;</a>&nbsp;&nbsp;&nbsp;App_USART3_Init
</UL>

<P><STRONG><a name="[82]"></a>RCC_APB2PeriphClockCmd</STRONG> (Thumb, 26 bytes, Stack size 0 bytes, stm32f10x_rcc.o(i.RCC_APB2PeriphClockCmd))
<BR><BR>[Called By]<UL><LI><a href="#[3a]">&gt;&gt;</a>&nbsp;&nbsp;&nbsp;Encoder_R_Init
<LI><a href="#[3d]">&gt;&gt;</a>&nbsp;&nbsp;&nbsp;Encoder_L_Init
<LI><a href="#[81]">&gt;&gt;</a>&nbsp;&nbsp;&nbsp;App_PWM_Init
<LI><a href="#[44]">&gt;&gt;</a>&nbsp;&nbsp;&nbsp;App_USART3_Init
<LI><a href="#[47]">&gt;&gt;</a>&nbsp;&nbsp;&nbsp;led_io_init
</UL>

<P><STRONG><a name="[a6]"></a>RCC_GetClocksFreq</STRONG> (Thumb, 192 bytes, Stack size 12 bytes, stm32f10x_rcc.o(i.RCC_GetClocksFreq))
<BR><BR>[Stack]<UL><LI>Max Depth = 12<LI>Call Chain = RCC_GetClocksFreq
</UL>
<BR>[Called By]<UL><LI><a href="#[92]">&gt;&gt;</a>&nbsp;&nbsp;&nbsp;USART_Init
<LI><a href="#[a5]">&gt;&gt;</a>&nbsp;&nbsp;&nbsp;Delay_Init
</UL>

<P><STRONG><a name="[6]"></a>SVC_Handler</STRONG> (Thumb, 2 bytes, Stack size 0 bytes, stm32f10x_it.o(i.SVC_Handler))
<BR>[Address Reference Count : 1]<UL><LI> startup_stm32f10x_md.o(RESET)
</UL>
<P><STRONG><a name="[9]"></a>SysTick_Handler</STRONG> (Thumb, 24 bytes, Stack size 0 bytes, stm32f10x_it.o(i.SysTick_Handler))
<BR>[Address Reference Count : 1]<UL><LI> startup_stm32f10x_md.o(RESET)
</UL>
<P><STRONG><a name="[36]"></a>SystemInit</STRONG> (Thumb, 78 bytes, Stack size 8 bytes, system_stm32f10x.o(i.SystemInit))
<BR><BR>[Stack]<UL><LI>Max Depth = 28<LI>Call Chain = SystemInit &rArr; SetSysClock &rArr; SetSysClockTo72
</UL>
<BR>[Calls]<UL><LI><a href="#[b4]">&gt;&gt;</a>&nbsp;&nbsp;&nbsp;SetSysClock
</UL>
<BR>[Address Reference Count : 1]<UL><LI> startup_stm32f10x_md.o(.text)
</UL>
<P><STRONG><a name="[8f]"></a>TIM_ARRPreloadConfig</STRONG> (Thumb, 24 bytes, Stack size 0 bytes, stm32f10x_tim.o(i.TIM_ARRPreloadConfig))
<BR><BR>[Called By]<UL><LI><a href="#[81]">&gt;&gt;</a>&nbsp;&nbsp;&nbsp;App_PWM_Init
</UL>

<P><STRONG><a name="[90]"></a>TIM_Cmd</STRONG> (Thumb, 24 bytes, Stack size 0 bytes, stm32f10x_tim.o(i.TIM_Cmd))
<BR><BR>[Called By]<UL><LI><a href="#[3a]">&gt;&gt;</a>&nbsp;&nbsp;&nbsp;Encoder_R_Init
<LI><a href="#[3d]">&gt;&gt;</a>&nbsp;&nbsp;&nbsp;Encoder_L_Init
<LI><a href="#[81]">&gt;&gt;</a>&nbsp;&nbsp;&nbsp;App_PWM_Init
</UL>

<P><STRONG><a name="[8e]"></a>TIM_CtrlPWMOutputs</STRONG> (Thumb, 30 bytes, Stack size 0 bytes, stm32f10x_tim.o(i.TIM_CtrlPWMOutputs))
<BR><BR>[Called By]<UL><LI><a href="#[81]">&gt;&gt;</a>&nbsp;&nbsp;&nbsp;App_PWM_Init
</UL>

<P><STRONG><a name="[a8]"></a>TIM_EncoderInterfaceConfig</STRONG> (Thumb, 66 bytes, Stack size 20 bytes, stm32f10x_tim.o(i.TIM_EncoderInterfaceConfig))
<BR><BR>[Stack]<UL><LI>Max Depth = 20<LI>Call Chain = TIM_EncoderInterfaceConfig
</UL>
<BR>[Called By]<UL><LI><a href="#[3a]">&gt;&gt;</a>&nbsp;&nbsp;&nbsp;Encoder_R_Init
<LI><a href="#[3d]">&gt;&gt;</a>&nbsp;&nbsp;&nbsp;Encoder_L_Init
</UL>

<P><STRONG><a name="[dc]"></a>TIM_GetCapture1</STRONG> (Thumb, 6 bytes, Stack size 0 bytes, stm32f10x_tim.o(i.TIM_GetCapture1))
<BR><BR>[Called By]<UL><LI><a href="#[41]">&gt;&gt;</a>&nbsp;&nbsp;&nbsp;motorRightHwSetDuty
</UL>

<P><STRONG><a name="[d5]"></a>TIM_GetCapture2</STRONG> (Thumb, 6 bytes, Stack size 0 bytes, stm32f10x_tim.o(i.TIM_GetCapture2))
<BR><BR>[Called By]<UL><LI><a href="#[3f]">&gt;&gt;</a>&nbsp;&nbsp;&nbsp;motorLeftHwSetDuty
</UL>

<P><STRONG><a name="[d7]"></a>TIM_GetCapture3</STRONG> (Thumb, 6 bytes, Stack size 0 bytes, stm32f10x_tim.o(i.TIM_GetCapture3))
<BR><BR>[Called By]<UL><LI><a href="#[40]">&gt;&gt;</a>&nbsp;&nbsp;&nbsp;motorLeftHwSetDuty2
</UL>

<P><STRONG><a name="[de]"></a>TIM_GetCapture4</STRONG> (Thumb, 8 bytes, Stack size 0 bytes, stm32f10x_tim.o(i.TIM_GetCapture4))
<BR><BR>[Called By]<UL><LI><a href="#[42]">&gt;&gt;</a>&nbsp;&nbsp;&nbsp;motorRightHwSetDuty2
</UL>

<P><STRONG><a name="[cb]"></a>TIM_GetCounter</STRONG> (Thumb, 6 bytes, Stack size 0 bytes, stm32f10x_tim.o(i.TIM_GetCounter))
<BR><BR>[Called By]<UL><LI><a href="#[39]">&gt;&gt;</a>&nbsp;&nbsp;&nbsp;encoder_R_Read
<LI><a href="#[3c]">&gt;&gt;</a>&nbsp;&nbsp;&nbsp;encoder_L_Read
</UL>

<P><STRONG><a name="[aa]"></a>TIM_ICInit</STRONG> (Thumb, 150 bytes, Stack size 16 bytes, stm32f10x_tim.o(i.TIM_ICInit))
<BR><BR>[Stack]<UL><LI>Max Depth = 36<LI>Call Chain = TIM_ICInit &rArr; TI4_Config
</UL>
<BR>[Calls]<UL><LI><a href="#[bd]">&gt;&gt;</a>&nbsp;&nbsp;&nbsp;TIM_SetIC4Prescaler
<LI><a href="#[bb]">&gt;&gt;</a>&nbsp;&nbsp;&nbsp;TIM_SetIC3Prescaler
<LI><a href="#[b9]">&gt;&gt;</a>&nbsp;&nbsp;&nbsp;TIM_SetIC2Prescaler
<LI><a href="#[b7]">&gt;&gt;</a>&nbsp;&nbsp;&nbsp;TIM_SetIC1Prescaler
<LI><a href="#[bc]">&gt;&gt;</a>&nbsp;&nbsp;&nbsp;TI4_Config
<LI><a href="#[ba]">&gt;&gt;</a>&nbsp;&nbsp;&nbsp;TI3_Config
<LI><a href="#[b8]">&gt;&gt;</a>&nbsp;&nbsp;&nbsp;TI2_Config
<LI><a href="#[b6]">&gt;&gt;</a>&nbsp;&nbsp;&nbsp;TI1_Config
</UL>
<BR>[Called By]<UL><LI><a href="#[3a]">&gt;&gt;</a>&nbsp;&nbsp;&nbsp;Encoder_R_Init
<LI><a href="#[3d]">&gt;&gt;</a>&nbsp;&nbsp;&nbsp;Encoder_L_Init
</UL>

<P><STRONG><a name="[a9]"></a>TIM_ICStructInit</STRONG> (Thumb, 18 bytes, Stack size 0 bytes, stm32f10x_tim.o(i.TIM_ICStructInit))
<BR><BR>[Called By]<UL><LI><a href="#[3a]">&gt;&gt;</a>&nbsp;&nbsp;&nbsp;Encoder_R_Init
<LI><a href="#[3d]">&gt;&gt;</a>&nbsp;&nbsp;&nbsp;Encoder_L_Init
</UL>

<P><STRONG><a name="[86]"></a>TIM_OC1Init</STRONG> (Thumb, 132 bytes, Stack size 16 bytes, stm32f10x_tim.o(i.TIM_OC1Init))
<BR><BR>[Stack]<UL><LI>Max Depth = 16<LI>Call Chain = TIM_OC1Init
</UL>
<BR>[Called By]<UL><LI><a href="#[81]">&gt;&gt;</a>&nbsp;&nbsp;&nbsp;App_PWM_Init
</UL>

<P><STRONG><a name="[87]"></a>TIM_OC1PreloadConfig</STRONG> (Thumb, 18 bytes, Stack size 0 bytes, stm32f10x_tim.o(i.TIM_OC1PreloadConfig))
<BR><BR>[Called By]<UL><LI><a href="#[81]">&gt;&gt;</a>&nbsp;&nbsp;&nbsp;App_PWM_Init
</UL>

<P><STRONG><a name="[88]"></a>TIM_OC2Init</STRONG> (Thumb, 154 bytes, Stack size 16 bytes, stm32f10x_tim.o(i.TIM_OC2Init))
<BR><BR>[Stack]<UL><LI>Max Depth = 16<LI>Call Chain = TIM_OC2Init
</UL>
<BR>[Called By]<UL><LI><a href="#[81]">&gt;&gt;</a>&nbsp;&nbsp;&nbsp;App_PWM_Init
</UL>

<P><STRONG><a name="[89]"></a>TIM_OC2PreloadConfig</STRONG> (Thumb, 26 bytes, Stack size 0 bytes, stm32f10x_tim.o(i.TIM_OC2PreloadConfig))
<BR><BR>[Called By]<UL><LI><a href="#[81]">&gt;&gt;</a>&nbsp;&nbsp;&nbsp;App_PWM_Init
</UL>

<P><STRONG><a name="[8a]"></a>TIM_OC3Init</STRONG> (Thumb, 150 bytes, Stack size 16 bytes, stm32f10x_tim.o(i.TIM_OC3Init))
<BR><BR>[Stack]<UL><LI>Max Depth = 16<LI>Call Chain = TIM_OC3Init
</UL>
<BR>[Called By]<UL><LI><a href="#[81]">&gt;&gt;</a>&nbsp;&nbsp;&nbsp;App_PWM_Init
</UL>

<P><STRONG><a name="[8b]"></a>TIM_OC3PreloadConfig</STRONG> (Thumb, 18 bytes, Stack size 0 bytes, stm32f10x_tim.o(i.TIM_OC3PreloadConfig))
<BR><BR>[Called By]<UL><LI><a href="#[81]">&gt;&gt;</a>&nbsp;&nbsp;&nbsp;App_PWM_Init
</UL>

<P><STRONG><a name="[8c]"></a>TIM_OC4Init</STRONG> (Thumb, 114 bytes, Stack size 16 bytes, stm32f10x_tim.o(i.TIM_OC4Init))
<BR><BR>[Stack]<UL><LI>Max Depth = 16<LI>Call Chain = TIM_OC4Init
</UL>
<BR>[Called By]<UL><LI><a href="#[81]">&gt;&gt;</a>&nbsp;&nbsp;&nbsp;App_PWM_Init
</UL>

<P><STRONG><a name="[8d]"></a>TIM_OC4PreloadConfig</STRONG> (Thumb, 26 bytes, Stack size 0 bytes, stm32f10x_tim.o(i.TIM_OC4PreloadConfig))
<BR><BR>[Called By]<UL><LI><a href="#[81]">&gt;&gt;</a>&nbsp;&nbsp;&nbsp;App_PWM_Init
</UL>

<P><STRONG><a name="[dd]"></a>TIM_SetCompare1</STRONG> (Thumb, 4 bytes, Stack size 0 bytes, stm32f10x_tim.o(i.TIM_SetCompare1))
<BR><BR>[Called By]<UL><LI><a href="#[41]">&gt;&gt;</a>&nbsp;&nbsp;&nbsp;motorRightHwSetDuty
</UL>

<P><STRONG><a name="[d6]"></a>TIM_SetCompare2</STRONG> (Thumb, 4 bytes, Stack size 0 bytes, stm32f10x_tim.o(i.TIM_SetCompare2))
<BR><BR>[Called By]<UL><LI><a href="#[3f]">&gt;&gt;</a>&nbsp;&nbsp;&nbsp;motorLeftHwSetDuty
</UL>

<P><STRONG><a name="[d8]"></a>TIM_SetCompare3</STRONG> (Thumb, 4 bytes, Stack size 0 bytes, stm32f10x_tim.o(i.TIM_SetCompare3))
<BR><BR>[Called By]<UL><LI><a href="#[40]">&gt;&gt;</a>&nbsp;&nbsp;&nbsp;motorLeftHwSetDuty2
</UL>

<P><STRONG><a name="[df]"></a>TIM_SetCompare4</STRONG> (Thumb, 6 bytes, Stack size 0 bytes, stm32f10x_tim.o(i.TIM_SetCompare4))
<BR><BR>[Called By]<UL><LI><a href="#[42]">&gt;&gt;</a>&nbsp;&nbsp;&nbsp;motorRightHwSetDuty2
</UL>

<P><STRONG><a name="[ab]"></a>TIM_SetCounter</STRONG> (Thumb, 4 bytes, Stack size 0 bytes, stm32f10x_tim.o(i.TIM_SetCounter))
<BR><BR>[Called By]<UL><LI><a href="#[38]">&gt;&gt;</a>&nbsp;&nbsp;&nbsp;encoder_R_clr
<LI><a href="#[3b]">&gt;&gt;</a>&nbsp;&nbsp;&nbsp;encoder_L_clr
<LI><a href="#[3a]">&gt;&gt;</a>&nbsp;&nbsp;&nbsp;Encoder_R_Init
<LI><a href="#[3d]">&gt;&gt;</a>&nbsp;&nbsp;&nbsp;Encoder_L_Init
</UL>

<P><STRONG><a name="[b7]"></a>TIM_SetIC1Prescaler</STRONG> (Thumb, 18 bytes, Stack size 0 bytes, stm32f10x_tim.o(i.TIM_SetIC1Prescaler))
<BR><BR>[Called By]<UL><LI><a href="#[aa]">&gt;&gt;</a>&nbsp;&nbsp;&nbsp;TIM_ICInit
</UL>

<P><STRONG><a name="[b9]"></a>TIM_SetIC2Prescaler</STRONG> (Thumb, 26 bytes, Stack size 0 bytes, stm32f10x_tim.o(i.TIM_SetIC2Prescaler))
<BR><BR>[Called By]<UL><LI><a href="#[aa]">&gt;&gt;</a>&nbsp;&nbsp;&nbsp;TIM_ICInit
</UL>

<P><STRONG><a name="[bb]"></a>TIM_SetIC3Prescaler</STRONG> (Thumb, 18 bytes, Stack size 0 bytes, stm32f10x_tim.o(i.TIM_SetIC3Prescaler))
<BR><BR>[Called By]<UL><LI><a href="#[aa]">&gt;&gt;</a>&nbsp;&nbsp;&nbsp;TIM_ICInit
</UL>

<P><STRONG><a name="[bd]"></a>TIM_SetIC4Prescaler</STRONG> (Thumb, 26 bytes, Stack size 0 bytes, stm32f10x_tim.o(i.TIM_SetIC4Prescaler))
<BR><BR>[Called By]<UL><LI><a href="#[aa]">&gt;&gt;</a>&nbsp;&nbsp;&nbsp;TIM_ICInit
</UL>

<P><STRONG><a name="[85]"></a>TIM_TimeBaseInit</STRONG> (Thumb, 122 bytes, Stack size 0 bytes, stm32f10x_tim.o(i.TIM_TimeBaseInit))
<BR><BR>[Called By]<UL><LI><a href="#[3a]">&gt;&gt;</a>&nbsp;&nbsp;&nbsp;Encoder_R_Init
<LI><a href="#[81]">&gt;&gt;</a>&nbsp;&nbsp;&nbsp;App_PWM_Init
</UL>

<P><STRONG><a name="[31]"></a>USART3_IRQHandler</STRONG> (Thumb, 30 bytes, Stack size 8 bytes, app_usart2.o(i.USART3_IRQHandler))
<BR><BR>[Stack]<UL><LI>Max Depth = 48<LI>Call Chain = USART3_IRQHandler &rArr; comHwRxInt &rArr; fifoEnqueue
</UL>
<BR>[Calls]<UL><LI><a href="#[bf]">&gt;&gt;</a>&nbsp;&nbsp;&nbsp;USART_ReceiveData
<LI><a href="#[be]">&gt;&gt;</a>&nbsp;&nbsp;&nbsp;USART_GetITStatus
<LI><a href="#[9d]">&gt;&gt;</a>&nbsp;&nbsp;&nbsp;comHwRxInt
</UL>
<BR>[Address Reference Count : 1]<UL><LI> startup_stm32f10x_md.o(RESET)
</UL>
<P><STRONG><a name="[96]"></a>USART_Cmd</STRONG> (Thumb, 24 bytes, Stack size 0 bytes, stm32f10x_usart.o(i.USART_Cmd))
<BR><BR>[Called By]<UL><LI><a href="#[44]">&gt;&gt;</a>&nbsp;&nbsp;&nbsp;App_USART3_Init
</UL>

<P><STRONG><a name="[95]"></a>USART_DMACmd</STRONG> (Thumb, 18 bytes, Stack size 0 bytes, stm32f10x_usart.o(i.USART_DMACmd))
<BR><BR>[Called By]<UL><LI><a href="#[44]">&gt;&gt;</a>&nbsp;&nbsp;&nbsp;App_USART3_Init
</UL>

<P><STRONG><a name="[be]"></a>USART_GetITStatus</STRONG> (Thumb, 84 bytes, Stack size 16 bytes, stm32f10x_usart.o(i.USART_GetITStatus))
<BR><BR>[Stack]<UL><LI>Max Depth = 16<LI>Call Chain = USART_GetITStatus
</UL>
<BR>[Called By]<UL><LI><a href="#[31]">&gt;&gt;</a>&nbsp;&nbsp;&nbsp;USART3_IRQHandler
</UL>

<P><STRONG><a name="[94]"></a>USART_ITConfig</STRONG> (Thumb, 74 bytes, Stack size 20 bytes, stm32f10x_usart.o(i.USART_ITConfig))
<BR><BR>[Stack]<UL><LI>Max Depth = 20<LI>Call Chain = USART_ITConfig
</UL>
<BR>[Called By]<UL><LI><a href="#[44]">&gt;&gt;</a>&nbsp;&nbsp;&nbsp;App_USART3_Init
</UL>

<P><STRONG><a name="[92]"></a>USART_Init</STRONG> (Thumb, 210 bytes, Stack size 56 bytes, stm32f10x_usart.o(i.USART_Init))
<BR><BR>[Stack]<UL><LI>Max Depth = 68<LI>Call Chain = USART_Init &rArr; RCC_GetClocksFreq
</UL>
<BR>[Calls]<UL><LI><a href="#[a6]">&gt;&gt;</a>&nbsp;&nbsp;&nbsp;RCC_GetClocksFreq
</UL>
<BR>[Called By]<UL><LI><a href="#[44]">&gt;&gt;</a>&nbsp;&nbsp;&nbsp;App_USART3_Init
</UL>

<P><STRONG><a name="[bf]"></a>USART_ReceiveData</STRONG> (Thumb, 10 bytes, Stack size 0 bytes, stm32f10x_usart.o(i.USART_ReceiveData))
<BR><BR>[Called By]<UL><LI><a href="#[31]">&gt;&gt;</a>&nbsp;&nbsp;&nbsp;USART3_IRQHandler
</UL>

<P><STRONG><a name="[5]"></a>UsageFault_Handler</STRONG> (Thumb, 4 bytes, Stack size 0 bytes, stm32f10x_it.o(i.UsageFault_Handler))
<BR>[Address Reference Count : 1]<UL><LI> startup_stm32f10x_md.o(RESET)
</UL>
<P><STRONG><a name="[f2]"></a>__scatterload_copy</STRONG> (Thumb, 14 bytes, Stack size unknown bytes, handlers.o(i.__scatterload_copy), UNUSED)

<P><STRONG><a name="[f3]"></a>__scatterload_null</STRONG> (Thumb, 2 bytes, Stack size unknown bytes, handlers.o(i.__scatterload_null), UNUSED)

<P><STRONG><a name="[f4]"></a>__scatterload_zeroinit</STRONG> (Thumb, 14 bytes, Stack size unknown bytes, handlers.o(i.__scatterload_zeroinit), UNUSED)

<P><STRONG><a name="[c0]"></a>aiPwmInit</STRONG> (Thumb, 54 bytes, Stack size 24 bytes, ai_pwm.o(i.aiPwmInit))
<BR><BR>[Stack]<UL><LI>Max Depth = 136<LI>Call Chain = aiPwmInit &rArr; GetTick &rArr; Delay_Init &rArr; __aeabi_ui2d &rArr; _double_epilogue &rArr; _double_round
</UL>
<BR>[Calls]<UL><LI><a href="#[98]">&gt;&gt;</a>&nbsp;&nbsp;&nbsp;GetTick
</UL>
<BR>[Called By]<UL><LI><a href="#[45]">&gt;&gt;</a>&nbsp;&nbsp;&nbsp;motorHwInit
</UL>

<P><STRONG><a name="[c1]"></a>aiPwmPercentVolCompensate</STRONG> (Thumb, 54 bytes, Stack size 24 bytes, ai_pwm.o(i.aiPwmPercentVolCompensate))
<BR><BR>[Stack]<UL><LI>Max Depth = 36<LI>Call Chain = aiPwmPercentVolCompensate &rArr; aiPwmVolCompensate
</UL>
<BR>[Calls]<UL><LI><a href="#[c2]">&gt;&gt;</a>&nbsp;&nbsp;&nbsp;aiPwmVolCompensate
</UL>
<BR>[Called By]<UL><LI><a href="#[c3]">&gt;&gt;</a>&nbsp;&nbsp;&nbsp;aiPwmProcess
</UL>

<P><STRONG><a name="[c3]"></a>aiPwmProcess</STRONG> (Thumb, 180 bytes, Stack size 24 bytes, ai_pwm.o(i.aiPwmProcess))
<BR><BR>[Stack]<UL><LI>Max Depth = 136<LI>Call Chain = aiPwmProcess &rArr; GetTick &rArr; Delay_Init &rArr; __aeabi_ui2d &rArr; _double_epilogue &rArr; _double_round
</UL>
<BR>[Calls]<UL><LI><a href="#[98]">&gt;&gt;</a>&nbsp;&nbsp;&nbsp;GetTick
<LI><a href="#[c1]">&gt;&gt;</a>&nbsp;&nbsp;&nbsp;aiPwmPercentVolCompensate
</UL>
<BR>[Called By]<UL><LI><a href="#[4c]">&gt;&gt;</a>&nbsp;&nbsp;&nbsp;motorHwProcess
</UL>

<P><STRONG><a name="[d9]"></a>aiPwmSetPercent</STRONG> (Thumb, 20 bytes, Stack size 0 bytes, ai_pwm.o(i.aiPwmSetPercent))
<BR><BR>[Called By]<UL><LI><a href="#[db]">&gt;&gt;</a>&nbsp;&nbsp;&nbsp;motorRightHwSetPercent2
<LI><a href="#[da]">&gt;&gt;</a>&nbsp;&nbsp;&nbsp;motorRightHwSetPercent
<LI><a href="#[d4]">&gt;&gt;</a>&nbsp;&nbsp;&nbsp;motorLeftHwSetPercent2
<LI><a href="#[d3]">&gt;&gt;</a>&nbsp;&nbsp;&nbsp;motorLeftHwSetPercent
</UL>

<P><STRONG><a name="[c2]"></a>aiPwmVolCompensate</STRONG> (Thumb, 40 bytes, Stack size 12 bytes, ai_pwm.o(i.aiPwmVolCompensate))
<BR><BR>[Stack]<UL><LI>Max Depth = 12<LI>Call Chain = aiPwmVolCompensate
</UL>
<BR>[Called By]<UL><LI><a href="#[c1]">&gt;&gt;</a>&nbsp;&nbsp;&nbsp;aiPwmPercentVolCompensate
</UL>

<P><STRONG><a name="[c4]"></a>blink_dev_create</STRONG> (Thumb, 52 bytes, Stack size 16 bytes, blink.o(i.blink_dev_create))
<BR><BR>[Stack]<UL><LI>Max Depth = 16<LI>Call Chain = blink_dev_create
</UL>
<BR>[Calls]<UL><LI><a href="#[97]">&gt;&gt;</a>&nbsp;&nbsp;&nbsp;__aeabi_memclr4
</UL>
<BR>[Called By]<UL><LI><a href="#[47]">&gt;&gt;</a>&nbsp;&nbsp;&nbsp;led_io_init
</UL>

<P><STRONG><a name="[c5]"></a>blink_dev_ctrl</STRONG> (Thumb, 44 bytes, Stack size 24 bytes, blink.o(i.blink_dev_ctrl))
<BR><BR>[Stack]<UL><LI>Max Depth = 144<LI>Call Chain = blink_dev_ctrl &rArr; get_tick &rArr; GetTick &rArr; Delay_Init &rArr; __aeabi_ui2d &rArr; _double_epilogue &rArr; _double_round
</UL>
<BR>[Calls]<UL><LI><a href="#[c6]">&gt;&gt;</a>&nbsp;&nbsp;&nbsp;get_tick
</UL>
<BR>[Called By]<UL><LI><a href="#[cd]">&gt;&gt;</a>&nbsp;&nbsp;&nbsp;led_ctrl
</UL>

<P><STRONG><a name="[4d]"></a>blink_dev_process</STRONG> (Thumb, 116 bytes, Stack size 8 bytes, blink.o(i.blink_dev_process))
<BR><BR>[Stack]<UL><LI>Max Depth = 128<LI>Call Chain = blink_dev_process &rArr; get_tick &rArr; GetTick &rArr; Delay_Init &rArr; __aeabi_ui2d &rArr; _double_epilogue &rArr; _double_round
</UL>
<BR>[Calls]<UL><LI><a href="#[c6]">&gt;&gt;</a>&nbsp;&nbsp;&nbsp;get_tick
</UL>
<BR>[Address Reference Count : 1]<UL><LI> led.o(task.item.1)
</UL>
<P><STRONG><a name="[4a]"></a>comHwProcess</STRONG> (Thumb, 160 bytes, Stack size 8 bytes, app_usart2.o(i.comHwProcess))
<BR><BR>[Stack]<UL><LI>Max Depth = 120<LI>Call Chain = comHwProcess &rArr; GetTick &rArr; Delay_Init &rArr; __aeabi_ui2d &rArr; _double_epilogue &rArr; _double_round
</UL>
<BR>[Calls]<UL><LI><a href="#[c7]">&gt;&gt;</a>&nbsp;&nbsp;&nbsp;fifoPeak
<LI><a href="#[c8]">&gt;&gt;</a>&nbsp;&nbsp;&nbsp;fifoDequeue
<LI><a href="#[a1]">&gt;&gt;</a>&nbsp;&nbsp;&nbsp;DMA_ITConfig
<LI><a href="#[a2]">&gt;&gt;</a>&nbsp;&nbsp;&nbsp;DMA_Cmd
<LI><a href="#[98]">&gt;&gt;</a>&nbsp;&nbsp;&nbsp;GetTick
</UL>
<BR>[Address Reference Count : 1]<UL><LI> app_usart2.o(task.item.1)
</UL>
<P><STRONG><a name="[9d]"></a>comHwRxInt</STRONG> (Thumb, 66 bytes, Stack size 8 bytes, app_usart2.o(i.comHwRxInt))
<BR><BR>[Stack]<UL><LI>Max Depth = 40<LI>Call Chain = comHwRxInt &rArr; fifoEnqueue
</UL>
<BR>[Calls]<UL><LI><a href="#[ca]">&gt;&gt;</a>&nbsp;&nbsp;&nbsp;fifoEnqueue
<LI><a href="#[c9]">&gt;&gt;</a>&nbsp;&nbsp;&nbsp;DMA_GetCurrDataCounter
<LI><a href="#[a2]">&gt;&gt;</a>&nbsp;&nbsp;&nbsp;DMA_Cmd
</UL>
<BR>[Called By]<UL><LI><a href="#[31]">&gt;&gt;</a>&nbsp;&nbsp;&nbsp;USART3_IRQHandler
<LI><a href="#[17]">&gt;&gt;</a>&nbsp;&nbsp;&nbsp;DMA1_Channel3_IRQHandler
</UL>

<P><STRONG><a name="[a4]"></a>comHwSend</STRONG> (Thumb, 58 bytes, Stack size 16 bytes, app_usart2.o(i.comHwSend))
<BR><BR>[Stack]<UL><LI>Max Depth = 48<LI>Call Chain = comHwSend &rArr; fifoEnqueue
</UL>
<BR>[Calls]<UL><LI><a href="#[ca]">&gt;&gt;</a>&nbsp;&nbsp;&nbsp;fifoEnqueue
<LI><a href="#[a3]">&gt;&gt;</a>&nbsp;&nbsp;&nbsp;__NVIC_EnableIRQ
</UL>
<BR>[Called By]<UL><LI><a href="#[4b]">&gt;&gt;</a>&nbsp;&nbsp;&nbsp;DMA_Tx_Test
</UL>

<P><STRONG><a name="[9c]"></a>comHwTxInt</STRONG> (Thumb, 52 bytes, Stack size 8 bytes, app_usart2.o(i.comHwTxInt))
<BR><BR>[Stack]<UL><LI>Max Depth = 120<LI>Call Chain = comHwTxInt &rArr; GetTick &rArr; Delay_Init &rArr; __aeabi_ui2d &rArr; _double_epilogue &rArr; _double_round
</UL>
<BR>[Calls]<UL><LI><a href="#[a1]">&gt;&gt;</a>&nbsp;&nbsp;&nbsp;DMA_ITConfig
<LI><a href="#[a2]">&gt;&gt;</a>&nbsp;&nbsp;&nbsp;DMA_Cmd
<LI><a href="#[98]">&gt;&gt;</a>&nbsp;&nbsp;&nbsp;GetTick
</UL>
<BR>[Called By]<UL><LI><a href="#[16]">&gt;&gt;</a>&nbsp;&nbsp;&nbsp;DMA1_Channel2_IRQHandler
</UL>

<P><STRONG><a name="[c8]"></a>fifoDequeue</STRONG> (Thumb, 116 bytes, Stack size 24 bytes, fifo.o(i.fifoDequeue))
<BR><BR>[Stack]<UL><LI>Max Depth = 24<LI>Call Chain = fifoDequeue
</UL>
<BR>[Calls]<UL><LI><a href="#[cc]">&gt;&gt;</a>&nbsp;&nbsp;&nbsp;__aeabi_memcpy
</UL>
<BR>[Called By]<UL><LI><a href="#[4a]">&gt;&gt;</a>&nbsp;&nbsp;&nbsp;comHwProcess
</UL>

<P><STRONG><a name="[ca]"></a>fifoEnqueue</STRONG> (Thumb, 124 bytes, Stack size 32 bytes, fifo.o(i.fifoEnqueue))
<BR><BR>[Stack]<UL><LI>Max Depth = 32<LI>Call Chain = fifoEnqueue
</UL>
<BR>[Calls]<UL><LI><a href="#[cc]">&gt;&gt;</a>&nbsp;&nbsp;&nbsp;__aeabi_memcpy
</UL>
<BR>[Called By]<UL><LI><a href="#[a4]">&gt;&gt;</a>&nbsp;&nbsp;&nbsp;comHwSend
<LI><a href="#[9d]">&gt;&gt;</a>&nbsp;&nbsp;&nbsp;comHwRxInt
</UL>

<P><STRONG><a name="[99]"></a>fifoInit</STRONG> (Thumb, 14 bytes, Stack size 0 bytes, fifo.o(i.fifoInit))
<BR><BR>[Called By]<UL><LI><a href="#[44]">&gt;&gt;</a>&nbsp;&nbsp;&nbsp;App_USART3_Init
</UL>

<P><STRONG><a name="[c7]"></a>fifoPeak</STRONG> (Thumb, 6 bytes, Stack size 0 bytes, fifo.o(i.fifoPeak))
<BR><BR>[Called By]<UL><LI><a href="#[4a]">&gt;&gt;</a>&nbsp;&nbsp;&nbsp;comHwProcess
</UL>

<P><STRONG><a name="[c6]"></a>get_tick</STRONG> (Thumb, 8 bytes, Stack size 8 bytes, module.o(i.get_tick))
<BR><BR>[Stack]<UL><LI>Max Depth = 120<LI>Call Chain = get_tick &rArr; GetTick &rArr; Delay_Init &rArr; __aeabi_ui2d &rArr; _double_epilogue &rArr; _double_round
</UL>
<BR>[Calls]<UL><LI><a href="#[98]">&gt;&gt;</a>&nbsp;&nbsp;&nbsp;GetTick
</UL>
<BR>[Called By]<UL><LI><a href="#[d0]">&gt;&gt;</a>&nbsp;&nbsp;&nbsp;module_task_process
<LI><a href="#[4d]">&gt;&gt;</a>&nbsp;&nbsp;&nbsp;blink_dev_process
<LI><a href="#[c5]">&gt;&gt;</a>&nbsp;&nbsp;&nbsp;blink_dev_ctrl
</UL>

<P><STRONG><a name="[cd]"></a>led_ctrl</STRONG> (Thumb, 90 bytes, Stack size 24 bytes, led.o(i.led_ctrl))
<BR><BR>[Stack]<UL><LI>Max Depth = 168<LI>Call Chain = led_ctrl &rArr; blink_dev_ctrl &rArr; get_tick &rArr; GetTick &rArr; Delay_Init &rArr; __aeabi_ui2d &rArr; _double_epilogue &rArr; _double_round
</UL>
<BR>[Calls]<UL><LI><a href="#[c5]">&gt;&gt;</a>&nbsp;&nbsp;&nbsp;blink_dev_ctrl
</UL>
<BR>[Called By]<UL><LI><a href="#[47]">&gt;&gt;</a>&nbsp;&nbsp;&nbsp;led_io_init
</UL>

<P><STRONG><a name="[35]"></a>main</STRONG> (Thumb, 20 bytes, Stack size 0 bytes, main.o(i.main))
<BR><BR>[Stack]<UL><LI>Max Depth = 128<LI>Call Chain = main &rArr; module_task_process &rArr; get_tick &rArr; GetTick &rArr; Delay_Init &rArr; __aeabi_ui2d &rArr; _double_epilogue &rArr; _double_round
</UL>
<BR>[Calls]<UL><LI><a href="#[d0]">&gt;&gt;</a>&nbsp;&nbsp;&nbsp;module_task_process
<LI><a href="#[cf]">&gt;&gt;</a>&nbsp;&nbsp;&nbsp;module_task_init
<LI><a href="#[ce]">&gt;&gt;</a>&nbsp;&nbsp;&nbsp;NVIC_PriorityGroupConfig
</UL>
<BR>[Address Reference Count : 1]<UL><LI> entry9a.o(.ARM.Collect$$$$0000000B)
</UL>
<P><STRONG><a name="[cf]"></a>module_task_init</STRONG> (Thumb, 22 bytes, Stack size 8 bytes, module.o(i.module_task_init))
<BR><BR>[Stack]<UL><LI>Max Depth = 8<LI>Call Chain = module_task_init
</UL>
<BR>[Called By]<UL><LI><a href="#[35]">&gt;&gt;</a>&nbsp;&nbsp;&nbsp;main
</UL>

<P><STRONG><a name="[d0]"></a>module_task_process</STRONG> (Thumb, 44 bytes, Stack size 8 bytes, module.o(i.module_task_process))
<BR><BR>[Stack]<UL><LI>Max Depth = 128<LI>Call Chain = module_task_process &rArr; get_tick &rArr; GetTick &rArr; Delay_Init &rArr; __aeabi_ui2d &rArr; _double_epilogue &rArr; _double_round
</UL>
<BR>[Calls]<UL><LI><a href="#[c6]">&gt;&gt;</a>&nbsp;&nbsp;&nbsp;get_tick
</UL>
<BR>[Called By]<UL><LI><a href="#[35]">&gt;&gt;</a>&nbsp;&nbsp;&nbsp;main
</UL>

<P><STRONG><a name="[45]"></a>motorHwInit</STRONG> (Thumb, 88 bytes, Stack size 8 bytes, app_pwm.o(i.motorHwInit))
<BR><BR>[Stack]<UL><LI>Max Depth = 160<LI>Call Chain = motorHwInit &rArr; motorRightHwBreak &rArr; motorHwProcess &rArr; aiPwmProcess &rArr; GetTick &rArr; Delay_Init &rArr; __aeabi_ui2d &rArr; _double_epilogue &rArr; _double_round
</UL>
<BR>[Calls]<UL><LI><a href="#[c0]">&gt;&gt;</a>&nbsp;&nbsp;&nbsp;aiPwmInit
<LI><a href="#[d2]">&gt;&gt;</a>&nbsp;&nbsp;&nbsp;motorRightHwBreak
<LI><a href="#[d1]">&gt;&gt;</a>&nbsp;&nbsp;&nbsp;motorLeftHwBreak
<LI><a href="#[81]">&gt;&gt;</a>&nbsp;&nbsp;&nbsp;App_PWM_Init
</UL>
<BR>[Address Reference Count : 1]<UL><LI> app_pwm.o(init.item.2)
</UL>
<P><STRONG><a name="[4c]"></a>motorHwProcess</STRONG> (Thumb, 44 bytes, Stack size 8 bytes, app_pwm.o(i.motorHwProcess))
<BR><BR>[Stack]<UL><LI>Max Depth = 144<LI>Call Chain = motorHwProcess &rArr; aiPwmProcess &rArr; GetTick &rArr; Delay_Init &rArr; __aeabi_ui2d &rArr; _double_epilogue &rArr; _double_round
</UL>
<BR>[Calls]<UL><LI><a href="#[c3]">&gt;&gt;</a>&nbsp;&nbsp;&nbsp;aiPwmProcess
</UL>
<BR>[Called By]<UL><LI><a href="#[b2]">&gt;&gt;</a>&nbsp;&nbsp;&nbsp;motorRightHwUnclk
<LI><a href="#[b1]">&gt;&gt;</a>&nbsp;&nbsp;&nbsp;motorRightHwClk
<LI><a href="#[d2]">&gt;&gt;</a>&nbsp;&nbsp;&nbsp;motorRightHwBreak
<LI><a href="#[b0]">&gt;&gt;</a>&nbsp;&nbsp;&nbsp;motorLeftHwUnclk
<LI><a href="#[ae]">&gt;&gt;</a>&nbsp;&nbsp;&nbsp;motorLeftHwClk
<LI><a href="#[d1]">&gt;&gt;</a>&nbsp;&nbsp;&nbsp;motorLeftHwBreak
</UL>
<BR>[Address Reference Count : 1]<UL><LI> app_pwm.o(task.item.1)
</UL>
<P><STRONG><a name="[d1]"></a>motorLeftHwBreak</STRONG> (Thumb, 20 bytes, Stack size 8 bytes, app_pwm.o(i.motorLeftHwBreak))
<BR><BR>[Stack]<UL><LI>Max Depth = 152<LI>Call Chain = motorLeftHwBreak &rArr; motorHwProcess &rArr; aiPwmProcess &rArr; GetTick &rArr; Delay_Init &rArr; __aeabi_ui2d &rArr; _double_epilogue &rArr; _double_round
</UL>
<BR>[Calls]<UL><LI><a href="#[d4]">&gt;&gt;</a>&nbsp;&nbsp;&nbsp;motorLeftHwSetPercent2
<LI><a href="#[d3]">&gt;&gt;</a>&nbsp;&nbsp;&nbsp;motorLeftHwSetPercent
<LI><a href="#[4c]">&gt;&gt;</a>&nbsp;&nbsp;&nbsp;motorHwProcess
</UL>
<BR>[Called By]<UL><LI><a href="#[45]">&gt;&gt;</a>&nbsp;&nbsp;&nbsp;motorHwInit
</UL>

<P><STRONG><a name="[ae]"></a>motorLeftHwClk</STRONG> (Thumb, 22 bytes, Stack size 8 bytes, app_pwm.o(i.motorLeftHwClk))
<BR><BR>[Stack]<UL><LI>Max Depth = 152<LI>Call Chain = motorLeftHwClk &rArr; motorHwProcess &rArr; aiPwmProcess &rArr; GetTick &rArr; Delay_Init &rArr; __aeabi_ui2d &rArr; _double_epilogue &rArr; _double_round
</UL>
<BR>[Calls]<UL><LI><a href="#[d4]">&gt;&gt;</a>&nbsp;&nbsp;&nbsp;motorLeftHwSetPercent2
<LI><a href="#[d3]">&gt;&gt;</a>&nbsp;&nbsp;&nbsp;motorLeftHwSetPercent
<LI><a href="#[4c]">&gt;&gt;</a>&nbsp;&nbsp;&nbsp;motorHwProcess
</UL>
<BR>[Called By]<UL><LI><a href="#[7c]">&gt;&gt;</a>&nbsp;&nbsp;&nbsp;HW_PWM_Set_L
</UL>

<P><STRONG><a name="[3f]"></a>motorLeftHwSetDuty</STRONG> (Thumb, 24 bytes, Stack size 8 bytes, app_pwm.o(i.motorLeftHwSetDuty))
<BR><BR>[Stack]<UL><LI>Max Depth = 8<LI>Call Chain = motorLeftHwSetDuty
</UL>
<BR>[Calls]<UL><LI><a href="#[d6]">&gt;&gt;</a>&nbsp;&nbsp;&nbsp;TIM_SetCompare2
<LI><a href="#[d5]">&gt;&gt;</a>&nbsp;&nbsp;&nbsp;TIM_GetCapture2
</UL>
<BR>[Address Reference Count : 2]<UL><LI> app_pwm.o(i.motorHwProcess)
<LI> app_pwm.o(i.motorLeftHwSetPercent)
</UL>
<P><STRONG><a name="[40]"></a>motorLeftHwSetDuty2</STRONG> (Thumb, 24 bytes, Stack size 8 bytes, app_pwm.o(i.motorLeftHwSetDuty2))
<BR><BR>[Stack]<UL><LI>Max Depth = 8<LI>Call Chain = motorLeftHwSetDuty2
</UL>
<BR>[Calls]<UL><LI><a href="#[d8]">&gt;&gt;</a>&nbsp;&nbsp;&nbsp;TIM_SetCompare3
<LI><a href="#[d7]">&gt;&gt;</a>&nbsp;&nbsp;&nbsp;TIM_GetCapture3
</UL>
<BR>[Address Reference Count : 2]<UL><LI> app_pwm.o(i.motorHwProcess)
<LI> app_pwm.o(i.motorLeftHwSetPercent2)
</UL>
<P><STRONG><a name="[d3]"></a>motorLeftHwSetPercent</STRONG> (Thumb, 16 bytes, Stack size 8 bytes, app_pwm.o(i.motorLeftHwSetPercent))
<BR><BR>[Stack]<UL><LI>Max Depth = 8<LI>Call Chain = motorLeftHwSetPercent
</UL>
<BR>[Calls]<UL><LI><a href="#[d9]">&gt;&gt;</a>&nbsp;&nbsp;&nbsp;aiPwmSetPercent
</UL>
<BR>[Called By]<UL><LI><a href="#[b0]">&gt;&gt;</a>&nbsp;&nbsp;&nbsp;motorLeftHwUnclk
<LI><a href="#[ae]">&gt;&gt;</a>&nbsp;&nbsp;&nbsp;motorLeftHwClk
<LI><a href="#[d1]">&gt;&gt;</a>&nbsp;&nbsp;&nbsp;motorLeftHwBreak
</UL>

<P><STRONG><a name="[d4]"></a>motorLeftHwSetPercent2</STRONG> (Thumb, 16 bytes, Stack size 8 bytes, app_pwm.o(i.motorLeftHwSetPercent2))
<BR><BR>[Stack]<UL><LI>Max Depth = 8<LI>Call Chain = motorLeftHwSetPercent2
</UL>
<BR>[Calls]<UL><LI><a href="#[d9]">&gt;&gt;</a>&nbsp;&nbsp;&nbsp;aiPwmSetPercent
</UL>
<BR>[Called By]<UL><LI><a href="#[b0]">&gt;&gt;</a>&nbsp;&nbsp;&nbsp;motorLeftHwUnclk
<LI><a href="#[ae]">&gt;&gt;</a>&nbsp;&nbsp;&nbsp;motorLeftHwClk
<LI><a href="#[d1]">&gt;&gt;</a>&nbsp;&nbsp;&nbsp;motorLeftHwBreak
</UL>

<P><STRONG><a name="[b0]"></a>motorLeftHwUnclk</STRONG> (Thumb, 22 bytes, Stack size 8 bytes, app_pwm.o(i.motorLeftHwUnclk))
<BR><BR>[Stack]<UL><LI>Max Depth = 152<LI>Call Chain = motorLeftHwUnclk &rArr; motorHwProcess &rArr; aiPwmProcess &rArr; GetTick &rArr; Delay_Init &rArr; __aeabi_ui2d &rArr; _double_epilogue &rArr; _double_round
</UL>
<BR>[Calls]<UL><LI><a href="#[d4]">&gt;&gt;</a>&nbsp;&nbsp;&nbsp;motorLeftHwSetPercent2
<LI><a href="#[d3]">&gt;&gt;</a>&nbsp;&nbsp;&nbsp;motorLeftHwSetPercent
<LI><a href="#[4c]">&gt;&gt;</a>&nbsp;&nbsp;&nbsp;motorHwProcess
</UL>
<BR>[Called By]<UL><LI><a href="#[7c]">&gt;&gt;</a>&nbsp;&nbsp;&nbsp;HW_PWM_Set_L
</UL>

<P><STRONG><a name="[d2]"></a>motorRightHwBreak</STRONG> (Thumb, 20 bytes, Stack size 8 bytes, app_pwm.o(i.motorRightHwBreak))
<BR><BR>[Stack]<UL><LI>Max Depth = 152<LI>Call Chain = motorRightHwBreak &rArr; motorHwProcess &rArr; aiPwmProcess &rArr; GetTick &rArr; Delay_Init &rArr; __aeabi_ui2d &rArr; _double_epilogue &rArr; _double_round
</UL>
<BR>[Calls]<UL><LI><a href="#[db]">&gt;&gt;</a>&nbsp;&nbsp;&nbsp;motorRightHwSetPercent2
<LI><a href="#[da]">&gt;&gt;</a>&nbsp;&nbsp;&nbsp;motorRightHwSetPercent
<LI><a href="#[4c]">&gt;&gt;</a>&nbsp;&nbsp;&nbsp;motorHwProcess
</UL>
<BR>[Called By]<UL><LI><a href="#[45]">&gt;&gt;</a>&nbsp;&nbsp;&nbsp;motorHwInit
</UL>

<P><STRONG><a name="[b1]"></a>motorRightHwClk</STRONG> (Thumb, 22 bytes, Stack size 8 bytes, app_pwm.o(i.motorRightHwClk))
<BR><BR>[Stack]<UL><LI>Max Depth = 152<LI>Call Chain = motorRightHwClk &rArr; motorHwProcess &rArr; aiPwmProcess &rArr; GetTick &rArr; Delay_Init &rArr; __aeabi_ui2d &rArr; _double_epilogue &rArr; _double_round
</UL>
<BR>[Calls]<UL><LI><a href="#[db]">&gt;&gt;</a>&nbsp;&nbsp;&nbsp;motorRightHwSetPercent2
<LI><a href="#[da]">&gt;&gt;</a>&nbsp;&nbsp;&nbsp;motorRightHwSetPercent
<LI><a href="#[4c]">&gt;&gt;</a>&nbsp;&nbsp;&nbsp;motorHwProcess
</UL>
<BR>[Called By]<UL><LI><a href="#[7d]">&gt;&gt;</a>&nbsp;&nbsp;&nbsp;HW_PWM_Set_R
</UL>

<P><STRONG><a name="[41]"></a>motorRightHwSetDuty</STRONG> (Thumb, 24 bytes, Stack size 8 bytes, app_pwm.o(i.motorRightHwSetDuty))
<BR><BR>[Stack]<UL><LI>Max Depth = 8<LI>Call Chain = motorRightHwSetDuty
</UL>
<BR>[Calls]<UL><LI><a href="#[dd]">&gt;&gt;</a>&nbsp;&nbsp;&nbsp;TIM_SetCompare1
<LI><a href="#[dc]">&gt;&gt;</a>&nbsp;&nbsp;&nbsp;TIM_GetCapture1
</UL>
<BR>[Address Reference Count : 2]<UL><LI> app_pwm.o(i.motorHwProcess)
<LI> app_pwm.o(i.motorRightHwSetPercent)
</UL>
<P><STRONG><a name="[42]"></a>motorRightHwSetDuty2</STRONG> (Thumb, 24 bytes, Stack size 8 bytes, app_pwm.o(i.motorRightHwSetDuty2))
<BR><BR>[Stack]<UL><LI>Max Depth = 8<LI>Call Chain = motorRightHwSetDuty2
</UL>
<BR>[Calls]<UL><LI><a href="#[df]">&gt;&gt;</a>&nbsp;&nbsp;&nbsp;TIM_SetCompare4
<LI><a href="#[de]">&gt;&gt;</a>&nbsp;&nbsp;&nbsp;TIM_GetCapture4
</UL>
<BR>[Address Reference Count : 2]<UL><LI> app_pwm.o(i.motorHwProcess)
<LI> app_pwm.o(i.motorRightHwSetPercent2)
</UL>
<P><STRONG><a name="[da]"></a>motorRightHwSetPercent</STRONG> (Thumb, 16 bytes, Stack size 8 bytes, app_pwm.o(i.motorRightHwSetPercent))
<BR><BR>[Stack]<UL><LI>Max Depth = 8<LI>Call Chain = motorRightHwSetPercent
</UL>
<BR>[Calls]<UL><LI><a href="#[d9]">&gt;&gt;</a>&nbsp;&nbsp;&nbsp;aiPwmSetPercent
</UL>
<BR>[Called By]<UL><LI><a href="#[b2]">&gt;&gt;</a>&nbsp;&nbsp;&nbsp;motorRightHwUnclk
<LI><a href="#[b1]">&gt;&gt;</a>&nbsp;&nbsp;&nbsp;motorRightHwClk
<LI><a href="#[d2]">&gt;&gt;</a>&nbsp;&nbsp;&nbsp;motorRightHwBreak
</UL>

<P><STRONG><a name="[db]"></a>motorRightHwSetPercent2</STRONG> (Thumb, 16 bytes, Stack size 8 bytes, app_pwm.o(i.motorRightHwSetPercent2))
<BR><BR>[Stack]<UL><LI>Max Depth = 8<LI>Call Chain = motorRightHwSetPercent2
</UL>
<BR>[Calls]<UL><LI><a href="#[d9]">&gt;&gt;</a>&nbsp;&nbsp;&nbsp;aiPwmSetPercent
</UL>
<BR>[Called By]<UL><LI><a href="#[b2]">&gt;&gt;</a>&nbsp;&nbsp;&nbsp;motorRightHwUnclk
<LI><a href="#[b1]">&gt;&gt;</a>&nbsp;&nbsp;&nbsp;motorRightHwClk
<LI><a href="#[d2]">&gt;&gt;</a>&nbsp;&nbsp;&nbsp;motorRightHwBreak
</UL>

<P><STRONG><a name="[b2]"></a>motorRightHwUnclk</STRONG> (Thumb, 22 bytes, Stack size 8 bytes, app_pwm.o(i.motorRightHwUnclk))
<BR><BR>[Stack]<UL><LI>Max Depth = 152<LI>Call Chain = motorRightHwUnclk &rArr; motorHwProcess &rArr; aiPwmProcess &rArr; GetTick &rArr; Delay_Init &rArr; __aeabi_ui2d &rArr; _double_epilogue &rArr; _double_round
</UL>
<BR>[Calls]<UL><LI><a href="#[db]">&gt;&gt;</a>&nbsp;&nbsp;&nbsp;motorRightHwSetPercent2
<LI><a href="#[da]">&gt;&gt;</a>&nbsp;&nbsp;&nbsp;motorRightHwSetPercent
<LI><a href="#[4c]">&gt;&gt;</a>&nbsp;&nbsp;&nbsp;motorHwProcess
</UL>
<BR>[Called By]<UL><LI><a href="#[7d]">&gt;&gt;</a>&nbsp;&nbsp;&nbsp;HW_PWM_Set_R
</UL>

<P><STRONG><a name="[4e]"></a>motot_pid_test</STRONG> (Thumb, 24 bytes, Stack size 24 bytes, app_motor.o(i.motot_pid_test))
<BR><BR>[Stack]<UL><LI>Max Depth = 256<LI>Call Chain = motot_pid_test &rArr; App_Motor_Proc &rArr; PID_Compute &rArr; GetUs &rArr; Delay_Init &rArr; __aeabi_ui2d &rArr; _double_epilogue &rArr; _double_round
</UL>
<BR>[Calls]<UL><LI><a href="#[79]">&gt;&gt;</a>&nbsp;&nbsp;&nbsp;App_Motor_Proc
</UL>
<BR>[Address Reference Count : 1]<UL><LI> app_motor.o(task.item.1)
</UL>
<P><STRONG><a name="[4f]"></a>vofaComParse</STRONG> (Thumb, 82 bytes, Stack size 16 bytes, vofa_com.o(i.vofaComParse))
<BR><BR>[Stack]<UL><LI>Max Depth = 24<LI>Call Chain = vofaComParse &rArr; vofaCommandParse
</UL>
<BR>[Calls]<UL><LI><a href="#[e0]">&gt;&gt;</a>&nbsp;&nbsp;&nbsp;vofaCommandParse
</UL>
<BR>[Address Reference Count : 1]<UL><LI> vofa_com.o(task.item.1)
</UL>
<P><STRONG><a name="[e0]"></a>vofaCommandParse</STRONG> (Thumb, 264 bytes, Stack size 8 bytes, vofa_uart.o(i.vofaCommandParse))
<BR><BR>[Stack]<UL><LI>Max Depth = 8<LI>Call Chain = vofaCommandParse
</UL>
<BR>[Calls]<UL><LI><a href="#[97]">&gt;&gt;</a>&nbsp;&nbsp;&nbsp;__aeabi_memclr4
</UL>
<BR>[Called By]<UL><LI><a href="#[4f]">&gt;&gt;</a>&nbsp;&nbsp;&nbsp;vofaComParse
</UL>

<P><STRONG><a name="[49]"></a>vofaJustFloatInit</STRONG> (Thumb, 42 bytes, Stack size 0 bytes, vofa_uart.o(i.vofaJustFloatInit))
<BR>[Address Reference Count : 1]<UL><LI> vofa_uart.o(init.item.3)
</UL>
<P><STRONG><a name="[50]"></a>vofaSetLeftDuty</STRONG> (Thumb, 12 bytes, Stack size 8 bytes, vofa_com.o(i.vofaSetLeftDuty))
<BR><BR>[Stack]<UL><LI>Max Depth = 176<LI>Call Chain = vofaSetLeftDuty &rArr; HW_PWM_Set_L &rArr; motorLeftHwUnclk &rArr; motorHwProcess &rArr; aiPwmProcess &rArr; GetTick &rArr; Delay_Init &rArr; __aeabi_ui2d &rArr; _double_epilogue &rArr; _double_round
</UL>
<BR>[Calls]<UL><LI><a href="#[7c]">&gt;&gt;</a>&nbsp;&nbsp;&nbsp;HW_PWM_Set_L
</UL>
<BR>[Address Reference Count : 1]<UL><LI> vofa_com.o(.data)
</UL>
<P><STRONG><a name="[52]"></a>vofaSetLeftSpeed</STRONG> (Thumb, 12 bytes, Stack size 8 bytes, vofa_com.o(i.vofaSetLeftSpeed))
<BR><BR>[Stack]<UL><LI>Max Depth = 16<LI>Call Chain = vofaSetLeftSpeed &rArr; App_Motor_SetOmega_L
</UL>
<BR>[Calls]<UL><LI><a href="#[7e]">&gt;&gt;</a>&nbsp;&nbsp;&nbsp;App_Motor_SetOmega_L
</UL>
<BR>[Address Reference Count : 1]<UL><LI> vofa_com.o(.data)
</UL>
<P><STRONG><a name="[51]"></a>vofaSetRightDuty</STRONG> (Thumb, 12 bytes, Stack size 8 bytes, vofa_com.o(i.vofaSetRightDuty))
<BR><BR>[Stack]<UL><LI>Max Depth = 176<LI>Call Chain = vofaSetRightDuty &rArr; HW_PWM_Set_R &rArr; motorRightHwUnclk &rArr; motorHwProcess &rArr; aiPwmProcess &rArr; GetTick &rArr; Delay_Init &rArr; __aeabi_ui2d &rArr; _double_epilogue &rArr; _double_round
</UL>
<BR>[Calls]<UL><LI><a href="#[7d]">&gt;&gt;</a>&nbsp;&nbsp;&nbsp;HW_PWM_Set_R
</UL>
<BR>[Address Reference Count : 1]<UL><LI> vofa_com.o(.data)
</UL>
<P><STRONG><a name="[53]"></a>vofaSetRightSpeed</STRONG> (Thumb, 12 bytes, Stack size 8 bytes, vofa_com.o(i.vofaSetRightSpeed))
<BR><BR>[Stack]<UL><LI>Max Depth = 16<LI>Call Chain = vofaSetRightSpeed &rArr; App_Motor_SetOmega_R
</UL>
<BR>[Calls]<UL><LI><a href="#[80]">&gt;&gt;</a>&nbsp;&nbsp;&nbsp;App_Motor_SetOmega_R
</UL>
<BR>[Address Reference Count : 1]<UL><LI> vofa_com.o(.data)
</UL><P>
<H3>
Local Symbols
</H3>
<P><STRONG><a name="[b4]"></a>SetSysClock</STRONG> (Thumb, 8 bytes, Stack size 8 bytes, system_stm32f10x.o(i.SetSysClock))
<BR><BR>[Stack]<UL><LI>Max Depth = 20<LI>Call Chain = SetSysClock &rArr; SetSysClockTo72
</UL>
<BR>[Calls]<UL><LI><a href="#[b5]">&gt;&gt;</a>&nbsp;&nbsp;&nbsp;SetSysClockTo72
</UL>
<BR>[Called By]<UL><LI><a href="#[36]">&gt;&gt;</a>&nbsp;&nbsp;&nbsp;SystemInit
</UL>

<P><STRONG><a name="[b5]"></a>SetSysClockTo72</STRONG> (Thumb, 214 bytes, Stack size 12 bytes, system_stm32f10x.o(i.SetSysClockTo72))
<BR><BR>[Stack]<UL><LI>Max Depth = 12<LI>Call Chain = SetSysClockTo72
</UL>
<BR>[Called By]<UL><LI><a href="#[b4]">&gt;&gt;</a>&nbsp;&nbsp;&nbsp;SetSysClock
</UL>

<P><STRONG><a name="[a3]"></a>__NVIC_EnableIRQ</STRONG> (Thumb, 34 bytes, Stack size 0 bytes, app_usart2.o(i.__NVIC_EnableIRQ))
<BR><BR>[Called By]<UL><LI><a href="#[a4]">&gt;&gt;</a>&nbsp;&nbsp;&nbsp;comHwSend
<LI><a href="#[91]">&gt;&gt;</a>&nbsp;&nbsp;&nbsp;DMA_Configuration
</UL>

<P><STRONG><a name="[6f]"></a>App_EncoderInst_Init</STRONG> (Thumb, 56 bytes, Stack size 24 bytes, app_encoder.o(i.App_EncoderInst_Init))
<BR><BR>[Stack]<UL><LI>Max Depth = 80<LI>Call Chain = App_EncoderInst_Init &rArr; PT1Filter_InitWithFreq &rArr; PT1Filter_Init &rArr; __aeabi_fdiv
</UL>
<BR>[Calls]<UL><LI><a href="#[70]">&gt;&gt;</a>&nbsp;&nbsp;&nbsp;PT1Filter_InitWithFreq
</UL>
<BR>[Called By]<UL><LI><a href="#[46]">&gt;&gt;</a>&nbsp;&nbsp;&nbsp;App_Encoder_Init
</UL>

<P><STRONG><a name="[71]"></a>App_Encoder_GetSpeed</STRONG> (Thumb, 122 bytes, Stack size 24 bytes, app_encoder.o(i.App_Encoder_GetSpeed))
<BR><BR>[Stack]<UL><LI>Max Depth = 152<LI>Call Chain = App_Encoder_GetSpeed &rArr; GetUs &rArr; Delay_Init &rArr; __aeabi_ui2d &rArr; _double_epilogue &rArr; _double_round
</UL>
<BR>[Calls]<UL><LI><a href="#[73]">&gt;&gt;</a>&nbsp;&nbsp;&nbsp;__aeabi_fmul
<LI><a href="#[5e]">&gt;&gt;</a>&nbsp;&nbsp;&nbsp;__aeabi_fdiv
<LI><a href="#[65]">&gt;&gt;</a>&nbsp;&nbsp;&nbsp;__aeabi_ul2f
<LI><a href="#[63]">&gt;&gt;</a>&nbsp;&nbsp;&nbsp;__aeabi_i2f
<LI><a href="#[74]">&gt;&gt;</a>&nbsp;&nbsp;&nbsp;PT1Filter_Apply
<LI><a href="#[72]">&gt;&gt;</a>&nbsp;&nbsp;&nbsp;GetUs
</UL>
<BR>[Called By]<UL><LI><a href="#[76]">&gt;&gt;</a>&nbsp;&nbsp;&nbsp;App_Encoder_GetSpeed_R
<LI><a href="#[75]">&gt;&gt;</a>&nbsp;&nbsp;&nbsp;App_Encoder_GetSpeed_L
</UL>

<P><STRONG><a name="[3d]"></a>Encoder_L_Init</STRONG> (Thumb, 120 bytes, Stack size 24 bytes, app_encoder.o(i.Encoder_L_Init))
<BR><BR>[Stack]<UL><LI>Max Depth = 60<LI>Call Chain = Encoder_L_Init &rArr; TIM_ICInit &rArr; TI4_Config
</UL>
<BR>[Calls]<UL><LI><a href="#[90]">&gt;&gt;</a>&nbsp;&nbsp;&nbsp;TIM_Cmd
<LI><a href="#[82]">&gt;&gt;</a>&nbsp;&nbsp;&nbsp;RCC_APB2PeriphClockCmd
<LI><a href="#[84]">&gt;&gt;</a>&nbsp;&nbsp;&nbsp;RCC_APB1PeriphClockCmd
<LI><a href="#[83]">&gt;&gt;</a>&nbsp;&nbsp;&nbsp;GPIO_Init
<LI><a href="#[ab]">&gt;&gt;</a>&nbsp;&nbsp;&nbsp;TIM_SetCounter
<LI><a href="#[a9]">&gt;&gt;</a>&nbsp;&nbsp;&nbsp;TIM_ICStructInit
<LI><a href="#[aa]">&gt;&gt;</a>&nbsp;&nbsp;&nbsp;TIM_ICInit
<LI><a href="#[a8]">&gt;&gt;</a>&nbsp;&nbsp;&nbsp;TIM_EncoderInterfaceConfig
<LI><a href="#[a7]">&gt;&gt;</a>&nbsp;&nbsp;&nbsp;GPIO_PinRemapConfig
</UL>
<BR>[Address Reference Count : 1]<UL><LI> app_encoder.o(i.App_Encoder_Init)
</UL>
<P><STRONG><a name="[3a]"></a>Encoder_R_Init</STRONG> (Thumb, 180 bytes, Stack size 32 bytes, app_encoder.o(i.Encoder_R_Init))
<BR><BR>[Stack]<UL><LI>Max Depth = 68<LI>Call Chain = Encoder_R_Init &rArr; TIM_ICInit &rArr; TI4_Config
</UL>
<BR>[Calls]<UL><LI><a href="#[85]">&gt;&gt;</a>&nbsp;&nbsp;&nbsp;TIM_TimeBaseInit
<LI><a href="#[90]">&gt;&gt;</a>&nbsp;&nbsp;&nbsp;TIM_Cmd
<LI><a href="#[82]">&gt;&gt;</a>&nbsp;&nbsp;&nbsp;RCC_APB2PeriphClockCmd
<LI><a href="#[84]">&gt;&gt;</a>&nbsp;&nbsp;&nbsp;RCC_APB1PeriphClockCmd
<LI><a href="#[83]">&gt;&gt;</a>&nbsp;&nbsp;&nbsp;GPIO_Init
<LI><a href="#[ab]">&gt;&gt;</a>&nbsp;&nbsp;&nbsp;TIM_SetCounter
<LI><a href="#[a9]">&gt;&gt;</a>&nbsp;&nbsp;&nbsp;TIM_ICStructInit
<LI><a href="#[aa]">&gt;&gt;</a>&nbsp;&nbsp;&nbsp;TIM_ICInit
<LI><a href="#[a8]">&gt;&gt;</a>&nbsp;&nbsp;&nbsp;TIM_EncoderInterfaceConfig
<LI><a href="#[a7]">&gt;&gt;</a>&nbsp;&nbsp;&nbsp;GPIO_PinRemapConfig
</UL>
<BR>[Address Reference Count : 1]<UL><LI> app_encoder.o(i.App_Encoder_Init)
</UL>
<P><STRONG><a name="[3c]"></a>encoder_L_Read</STRONG> (Thumb, 14 bytes, Stack size 8 bytes, app_encoder.o(i.encoder_L_Read))
<BR><BR>[Stack]<UL><LI>Max Depth = 8<LI>Call Chain = encoder_L_Read
</UL>
<BR>[Calls]<UL><LI><a href="#[cb]">&gt;&gt;</a>&nbsp;&nbsp;&nbsp;TIM_GetCounter
</UL>
<BR>[Address Reference Count : 1]<UL><LI> app_encoder.o(i.App_Encoder_Init)
</UL>
<P><STRONG><a name="[3b]"></a>encoder_L_clr</STRONG> (Thumb, 14 bytes, Stack size 8 bytes, app_encoder.o(i.encoder_L_clr))
<BR><BR>[Stack]<UL><LI>Max Depth = 8<LI>Call Chain = encoder_L_clr
</UL>
<BR>[Calls]<UL><LI><a href="#[ab]">&gt;&gt;</a>&nbsp;&nbsp;&nbsp;TIM_SetCounter
</UL>
<BR>[Address Reference Count : 1]<UL><LI> app_encoder.o(i.App_Encoder_Init)
</UL>
<P><STRONG><a name="[39]"></a>encoder_R_Read</STRONG> (Thumb, 12 bytes, Stack size 8 bytes, app_encoder.o(i.encoder_R_Read))
<BR><BR>[Stack]<UL><LI>Max Depth = 8<LI>Call Chain = encoder_R_Read
</UL>
<BR>[Calls]<UL><LI><a href="#[cb]">&gt;&gt;</a>&nbsp;&nbsp;&nbsp;TIM_GetCounter
</UL>
<BR>[Address Reference Count : 1]<UL><LI> app_encoder.o(i.App_Encoder_Init)
</UL>
<P><STRONG><a name="[38]"></a>encoder_R_clr</STRONG> (Thumb, 12 bytes, Stack size 8 bytes, app_encoder.o(i.encoder_R_clr))
<BR><BR>[Stack]<UL><LI>Max Depth = 8<LI>Call Chain = encoder_R_clr
</UL>
<BR>[Calls]<UL><LI><a href="#[ab]">&gt;&gt;</a>&nbsp;&nbsp;&nbsp;TIM_SetCounter
</UL>
<BR>[Address Reference Count : 1]<UL><LI> app_encoder.o(i.App_Encoder_Init)
</UL>
<P><STRONG><a name="[47]"></a>led_io_init</STRONG> (Thumb, 58 bytes, Stack size 8 bytes, led.o(i.led_io_init))
<BR><BR>[Stack]<UL><LI>Max Depth = 176<LI>Call Chain = led_io_init &rArr; led_ctrl &rArr; blink_dev_ctrl &rArr; get_tick &rArr; GetTick &rArr; Delay_Init &rArr; __aeabi_ui2d &rArr; _double_epilogue &rArr; _double_round
</UL>
<BR>[Calls]<UL><LI><a href="#[82]">&gt;&gt;</a>&nbsp;&nbsp;&nbsp;RCC_APB2PeriphClockCmd
<LI><a href="#[83]">&gt;&gt;</a>&nbsp;&nbsp;&nbsp;GPIO_Init
<LI><a href="#[c4]">&gt;&gt;</a>&nbsp;&nbsp;&nbsp;blink_dev_create
<LI><a href="#[cd]">&gt;&gt;</a>&nbsp;&nbsp;&nbsp;led_ctrl
</UL>
<BR>[Address Reference Count : 1]<UL><LI> led.o(init.item.2)
</UL>
<P><STRONG><a name="[3e]"></a>red_led_ctrl</STRONG> (Thumb, 30 bytes, Stack size 0 bytes, led.o(i.red_led_ctrl))
<BR>[Address Reference Count : 1]<UL><LI> led.o(i.led_io_init)
</UL>
<P><STRONG><a name="[b6]"></a>TI1_Config</STRONG> (Thumb, 108 bytes, Stack size 20 bytes, stm32f10x_tim.o(i.TI1_Config))
<BR><BR>[Stack]<UL><LI>Max Depth = 20<LI>Call Chain = TI1_Config
</UL>
<BR>[Called By]<UL><LI><a href="#[aa]">&gt;&gt;</a>&nbsp;&nbsp;&nbsp;TIM_ICInit
</UL>

<P><STRONG><a name="[b8]"></a>TI2_Config</STRONG> (Thumb, 130 bytes, Stack size 20 bytes, stm32f10x_tim.o(i.TI2_Config))
<BR><BR>[Stack]<UL><LI>Max Depth = 20<LI>Call Chain = TI2_Config
</UL>
<BR>[Called By]<UL><LI><a href="#[aa]">&gt;&gt;</a>&nbsp;&nbsp;&nbsp;TIM_ICInit
</UL>

<P><STRONG><a name="[ba]"></a>TI3_Config</STRONG> (Thumb, 122 bytes, Stack size 20 bytes, stm32f10x_tim.o(i.TI3_Config))
<BR><BR>[Stack]<UL><LI>Max Depth = 20<LI>Call Chain = TI3_Config
</UL>
<BR>[Called By]<UL><LI><a href="#[aa]">&gt;&gt;</a>&nbsp;&nbsp;&nbsp;TIM_ICInit
</UL>

<P><STRONG><a name="[bc]"></a>TI4_Config</STRONG> (Thumb, 130 bytes, Stack size 20 bytes, stm32f10x_tim.o(i.TI4_Config))
<BR><BR>[Stack]<UL><LI>Max Depth = 20<LI>Call Chain = TI4_Config
</UL>
<BR>[Called By]<UL><LI><a href="#[aa]">&gt;&gt;</a>&nbsp;&nbsp;&nbsp;TIM_ICInit
</UL>

<P><STRONG><a name="[43]"></a>nop_process</STRONG> (Thumb, 2 bytes, Stack size 0 bytes, module.o(i.nop_process))
<BR>[Address Reference Count : 4]<UL><LI> module.o(init.item.0)
<LI> module.o(init.item.4)
<LI> module.o(task.item.0)
<LI> module.o(task.item.2)
</UL><P>
<H3>
Undefined Global Symbols
</H3><HR></body></html>
