Component: ARM Compiler 5.06 update 7 (build 960) Tool: armlink [4d3601]

==============================================================================

Section Cross References

    main.o(i.main) refers to misc.o(i.NVIC_PriorityGroupConfig) for NVIC_PriorityGroupConfig
    main.o(i.main) refers to module.o(i.module_task_init) for module_task_init
    main.o(i.main) refers to module.o(i.module_task_process) for module_task_process
    system_stm32f10x.o(i.SetSysClock) refers to system_stm32f10x.o(i.SetSysClockTo72) for SetSysClockTo72
    system_stm32f10x.o(i.SystemCoreClockUpdate) refers to system_stm32f10x.o(.data) for SystemCoreClock
    system_stm32f10x.o(i.SystemInit) refers to system_stm32f10x.o(i.SetSysClock) for SetSysClock
    stm32f10x_it.o(i.SysTick_Handler) refers to delay.o(.data) for ulTicks
    app_bat.o(i.ADC1_2_IRQHandler) refers to stm32f10x_adc.o(i.ADC_GetFlagStatus) for ADC_GetFlagStatus
    app_bat.o(i.ADC1_2_IRQHandler) refers to stm32f10x_adc.o(i.ADC_ClearFlag) for ADC_ClearFlag
    app_bat.o(i.ADC1_2_IRQHandler) refers to stm32f10x_adc.o(i.ADC_GetInjectedConversionValue) for ADC_GetInjectedConversionValue
    app_bat.o(i.ADC1_2_IRQHandler) refers to ffltui.o(.text) for __aeabi_ui2f
    app_bat.o(i.ADC1_2_IRQHandler) refers to fdiv.o(.text) for __aeabi_fdiv
    app_bat.o(i.ADC1_2_IRQHandler) refers to f2d.o(.text) for __aeabi_f2d
    app_bat.o(i.ADC1_2_IRQHandler) refers to dmul.o(.text) for __aeabi_dmul
    app_bat.o(i.ADC1_2_IRQHandler) refers to ddiv.o(.text) for __aeabi_ddiv
    app_bat.o(i.ADC1_2_IRQHandler) refers to d2f.o(.text) for __aeabi_d2f
    app_bat.o(i.ADC1_2_IRQHandler) refers to app_bat.o(.data) for vbat
    app_bat.o(i.ADC1_Init) refers to stm32f10x_rcc.o(i.RCC_ADCCLKConfig) for RCC_ADCCLKConfig
    app_bat.o(i.ADC1_Init) refers to stm32f10x_rcc.o(i.RCC_APB2PeriphClockCmd) for RCC_APB2PeriphClockCmd
    app_bat.o(i.ADC1_Init) refers to stm32f10x_gpio.o(i.GPIO_Init) for GPIO_Init
    app_bat.o(i.ADC1_Init) refers to memseta.o(.text) for __aeabi_memclr4
    app_bat.o(i.ADC1_Init) refers to stm32f10x_adc.o(i.ADC_Init) for ADC_Init
    app_bat.o(i.ADC1_Init) refers to stm32f10x_adc.o(i.ADC_ExternalTrigInjectedConvConfig) for ADC_ExternalTrigInjectedConvConfig
    app_bat.o(i.ADC1_Init) refers to stm32f10x_adc.o(i.ADC_ExternalTrigInjectedConvCmd) for ADC_ExternalTrigInjectedConvCmd
    app_bat.o(i.ADC1_Init) refers to stm32f10x_adc.o(i.ADC_InjectedChannelConfig) for ADC_InjectedChannelConfig
    app_bat.o(i.ADC1_Init) refers to stm32f10x_adc.o(i.ADC_ITConfig) for ADC_ITConfig
    app_bat.o(i.ADC1_Init) refers to misc.o(i.NVIC_Init) for NVIC_Init
    app_bat.o(i.ADC1_Init) refers to stm32f10x_adc.o(i.ADC_Cmd) for ADC_Cmd
    app_bat.o(i.App_Bat_Init) refers to app_bat.o(i.TIM2_TRGO_Init) for TIM2_TRGO_Init
    app_bat.o(i.App_Bat_Init) refers to app_bat.o(i.ADC1_Init) for ADC1_Init
    app_bat.o(i.App_Bat_Init) refers to app_bat.o(i.LED_Init) for LED_Init
    app_bat.o(i.App_Bat_Proc) refers to f2d.o(.text) for __aeabi_f2d
    app_bat.o(i.App_Bat_Proc) refers to cdrcmple.o(.text) for __aeabi_cdrcmple
    app_bat.o(i.App_Bat_Proc) refers to stm32f10x_gpio.o(i.GPIO_WriteBit) for GPIO_WriteBit
    app_bat.o(i.App_Bat_Proc) refers to cfrcmple.o(.text) for __aeabi_cfrcmple
    app_bat.o(i.App_Bat_Proc) refers to delay.o(i.GetTick) for GetTick
    app_bat.o(i.App_Bat_Proc) refers to app_bat.o(.data) for vbat
    app_bat.o(i.LED_Init) refers to stm32f10x_rcc.o(i.RCC_APB2PeriphClockCmd) for RCC_APB2PeriphClockCmd
    app_bat.o(i.LED_Init) refers to stm32f10x_gpio.o(i.GPIO_Init) for GPIO_Init
    app_bat.o(i.TIM2_TRGO_Init) refers to stm32f10x_rcc.o(i.RCC_APB1PeriphClockCmd) for RCC_APB1PeriphClockCmd
    app_bat.o(i.TIM2_TRGO_Init) refers to stm32f10x_tim.o(i.TIM_TimeBaseInit) for TIM_TimeBaseInit
    app_bat.o(i.TIM2_TRGO_Init) refers to stm32f10x_tim.o(i.TIM_SelectOutputTrigger) for TIM_SelectOutputTrigger
    app_bat.o(i.TIM2_TRGO_Init) refers to stm32f10x_tim.o(i.TIM_Cmd) for TIM_Cmd
    app_usart2.o(i.App_USART3_Init) refers to app_usart2.o(i.DMA_Configuration) for DMA_Configuration
    app_usart2.o(i.App_USART3_Init) refers to stm32f10x_rcc.o(i.RCC_APB2PeriphClockCmd) for RCC_APB2PeriphClockCmd
    app_usart2.o(i.App_USART3_Init) refers to stm32f10x_gpio.o(i.GPIO_Init) for GPIO_Init
    app_usart2.o(i.App_USART3_Init) refers to stm32f10x_rcc.o(i.RCC_APB1PeriphClockCmd) for RCC_APB1PeriphClockCmd
    app_usart2.o(i.App_USART3_Init) refers to stm32f10x_usart.o(i.USART_Init) for USART_Init
    app_usart2.o(i.App_USART3_Init) refers to misc.o(i.NVIC_Init) for NVIC_Init
    app_usart2.o(i.App_USART3_Init) refers to stm32f10x_usart.o(i.USART_ITConfig) for USART_ITConfig
    app_usart2.o(i.App_USART3_Init) refers to stm32f10x_usart.o(i.USART_DMACmd) for USART_DMACmd
    app_usart2.o(i.App_USART3_Init) refers to stm32f10x_usart.o(i.USART_Cmd) for USART_Cmd
    app_usart2.o(i.App_USART3_Init) refers to memseta.o(.text) for __aeabi_memclr4
[...]
    std_periph_driver\src\stm32f10x_dbgmcu.c 0x00000000   Number         0  stm32f10x_dbgmcu.o ABSOLUTE
    std_periph_driver\src\stm32f10x_dma.c    0x00000000   Number         0  stm32f10x_dma.o ABSOLUTE
    std_periph_driver\src\stm32f10x_exti.c   0x00000000   Number         0  stm32f10x_exti.o ABSOLUTE
    std_periph_driver\src\stm32f10x_flash.c  0x00000000   Number         0  stm32f10x_flash.o ABSOLUTE
    std_periph_driver\src\stm32f10x_fsmc.c   0x00000000   Number         0  stm32f10x_fsmc.o ABSOLUTE
    std_periph_driver\src\stm32f10x_gpio.c   0x00000000   Number         0  stm32f10x_gpio.o ABSOLUTE
    std_periph_driver\src\stm32f10x_i2c.c    0x00000000   Number         0  stm32f10x_i2c.o ABSOLUTE
    std_periph_driver\src\stm32f10x_iwdg.c   0x00000000   Number         0  stm32f10x_iwdg.o ABSOLUTE
    std_periph_driver\src\stm32f10x_pwr.c    0x00000000   Number         0  stm32f10x_pwr.o ABSOLUTE
    std_periph_driver\src\stm32f10x_rcc.c    0x00000000   Number         0  stm32f10x_rcc.o ABSOLUTE
    std_periph_driver\src\stm32f10x_rtc.c    0x00000000   Number         0  stm32f10x_rtc.o ABSOLUTE
    std_periph_driver\src\stm32f10x_sdio.c   0x00000000   Number         0  stm32f10x_sdio.o ABSOLUTE
    std_periph_driver\src\stm32f10x_spi.c    0x00000000   Number         0  stm32f10x_spi.o ABSOLUTE
    std_periph_driver\src\stm32f10x_tim.c    0x00000000   Number         0  stm32f10x_tim.o ABSOLUTE
    std_periph_driver\src\stm32f10x_usart.c  0x00000000   Number         0  stm32f10x_usart.o ABSOLUTE
    std_periph_driver\src\stm32f10x_wwdg.c   0x00000000   Number         0  stm32f10x_wwdg.o ABSOLUTE
    test\\bat_test.c                         0x00000000   Number         0  bat_test.o ABSOLUTE
    test\\encoder_test.c                     0x00000000   Number         0  encoder_test.o ABSOLUTE
    test\\pwm_test.c                         0x00000000   Number         0  pwm_test.o ABSOLUTE
    test\bat_test.c                          0x00000000   Number         0  bat_test.o ABSOLUTE
    test\encoder_test.c                      0x00000000   Number         0  encoder_test.o ABSOLUTE
    test\pwm_test.c                          0x00000000   Number         0  pwm_test.o ABSOLUTE
    user\\app_bat.c                          0x00000000   Number         0  app_bat.o ABSOLUTE
    user\\app_button.c                       0x00000000   Number         0  app_button.o ABSOLUTE
    user\\app_encoder.c                      0x00000000   Number         0  app_encoder.o ABSOLUTE
    user\\app_motor.c                        0x00000000   Number         0  app_motor.o ABSOLUTE
    user\\app_pwm.c                          0x00000000   Number         0  app_pwm.o ABSOLUTE
    user\\app_usart2.c                       0x00000000   Number         0  app_usart2.o ABSOLUTE
    user\\led.c                              0x00000000   Number         0  led.o ABSOLUTE
    user\\main.c                             0x00000000   Number         0  main.o ABSOLUTE
    user\\mpu6050\\MPU6050.c                 0x00000000   Number         0  mpu6050.o ABSOLUTE
    user\\stm32f10x_it.c                     0x00000000   Number         0  stm32f10x_it.o ABSOLUTE
    user\\system_stm32f10x.c                 0x00000000   Number         0  system_stm32f10x.o ABSOLUTE
    user\\vofa\\vofa_com.c                   0x00000000   Number         0  vofa_com.o ABSOLUTE
    user\\vofa\\vofa_uart.c                  0x00000000   Number         0  vofa_uart.o ABSOLUTE
    user\app_bat.c                           0x00000000   Number         0  app_bat.o ABSOLUTE
    user\app_button.c                        0x00000000   Number         0  app_button.o ABSOLUTE
    user\app_encoder.c                       0x00000000   Number         0  app_encoder.o ABSOLUTE
    user\app_motor.c                         0x00000000   Number         0  app_motor.o ABSOLUTE
    user\app_pwm.c                           0x00000000   Number         0  app_pwm.o ABSOLUTE
    user\app_usart2.c                        0x00000000   Number         0  app_usart2.o ABSOLUTE
    user\led.c                               0x00000000   Number         0  led.o ABSOLUTE
    user\main.c                              0x00000000   Number         0  main.o ABSOLUTE
    user\mpu6050\MPU6050.c                   0x00000000   Number         0  mpu6050.o ABSOLUTE
    user\mpu6050\filter.c                    0x00000000   Number         0  filter.o ABSOLUTE
    user\stm32f10x_it.c                      0x00000000   Number         0  stm32f10x_it.o ABSOLUTE
    user\system_stm32f10x.c                  0x00000000   Number         0  system_stm32f10x.o ABSOLUTE
    user\vofa\vofa_com.c                     0x00000000   Number         0  vofa_com.o ABSOLUTE
    user\vofa\vofa_uart.c                    0x00000000   Number         0  vofa_uart.o ABSOLUTE
    RESET                                    0x08000000   Section      236  startup_stm32f10x_md.o(RESET)
    .ARM.Collect$$$$00000000                 0x080000ec   Section        0  entry.o(.ARM.Collect$$$$00000000)
    .ARM.Collect$$$$00000001                 0x080000ec   Section        4  entry2.o(.ARM.Collect$$$$00000001)
    .ARM.Collect$$$$00000004                 0x080000f0   Section        4  entry5.o(.ARM.Collect$$$$00000004)
    .ARM.Collect$$$$00000008                 0x080000f4   Section        0  entry7b.o(.ARM.Collect$$$$00000008)
    .ARM.Collect$$$$0000000A                 0x080000f4   Section        0  entry8b.o(.ARM.Collect$$$$0000000A)
    .ARM.Collect$$$$0000000B                 0x080000f4   Section        8  entry9a.o(.ARM.Collect$$$$0000000B)
    .ARM.Collect$$$$0000000E                 0x080000fc   Section        4  entry12b.o(.ARM.Collect$$$$0000000E)
    .ARM.Collect$$$$0000000F                 0x08000100   Section        0  entry10a.o(.ARM.Collect$$$$0000000F)
    .ARM.Collect$$$$00000011                 0x08000100   Section        0  entry11a.o(.ARM.Collect$$$$00000011)
    .ARM.Collect$$$$00002712                 0x08000100   Section        4  entry2.o(.ARM.Collect$$$$00002712)
    __lit__00000000                          0x08000100   Data           4  entry2.o(.ARM.Collect$$$$00002712)
    .text                                    0x08000104   Section       36  startup_stm32f10x_md.o(.text)
    .text                                    0x08000128   Section        0  memcpya.o(.text)
    .text                                    0x0800014c   Section        0  memseta.o(.text)
    .text                                    0x08000170   Section        0  fadd.o(.text)
    .text                                    0x08000220   Section        0  fmul.o(.text)
    .text                                    0x08000284   Section        0  fdiv.o(.text)
    .text                                    0x08000300   Section        0  dmul.o(.text)
    .text                                    0x080003e4   Section        0  ddiv.o(.text)
    .text                                    0x080004c2   Section        0  fflti.o(.text)
    .text                                    0x080004d4   Section        0  ffltui.o(.text)
    .text                                    0x080004de   Section        0  ffltul.o(.text)
    .text                                    0x080004fa   Section        0  dfltui.o(.text)
    .text                                    0x08000514   Section        0  ffixui.o(.text)
    .text                                    0x0800053c   Section        0  f2d.o(.text)
    .text                                    0x08000562   Section        0  d2f.o(.text)
    .text                                    0x0800059c   Section       20  cfcmple.o(.text)
    .text                                    0x080005b0   Section       20  cfrcmple.o(.text)
    .text                                    0x080005c4   Section        0  llshl.o(.text)
    .text                                    0x080005e2   Section        0  llushr.o(.text)
    .text                                    0x08000602   Section        0  iusefp.o(.text)
    .text                                    0x08000602   Section        0  fepilogue.o(.text)
    .text                                    0x08000670   Section        0  depilogue.o(.text)
    .text                                    0x0800072c   Section       36  init.o(.text)
    i.ADC1_2_IRQHandler                      0x08000750   Section        0  app_bat.o(i.ADC1_2_IRQHandler)
    i.ADC_ClearFlag                          0x080007d0   Section        0  stm32f10x_adc.o(i.ADC_ClearFlag)
    i.ADC_GetFlagStatus                      0x080007d6   Section        0  stm32f10x_adc.o(i.ADC_GetFlagStatus)
    i.ADC_GetInjectedConversionValue         0x080007e8   Section        0  stm32f10x_adc.o(i.ADC_GetInjectedConversionValue)
    i.App_Bat_Get                            0x08000804   Section        0  app_bat.o(i.App_Bat_Get)
    i.App_EncoderInst_Init                   0x0800080c   Section        0  app_encoder.o(i.App_EncoderInst_Init)
    App_EncoderInst_Init                     0x0800080d   Thumb Code    56  app_encoder.o(i.App_EncoderInst_Init)
    i.App_Encoder_GetSpeed                   0x08000844   Section        0  app_encoder.o(i.App_Encoder_GetSpeed)
    App_Encoder_GetSpeed                     0x08000845   Thumb Code   122  app_encoder.o(i.App_Encoder_GetSpeed)
    i.App_Encoder_GetSpeed_L                 0x080008d0   Section        0  app_encoder.o(i.App_Encoder_GetSpeed_L)
    i.App_Encoder_GetSpeed_R                 0x080008e0   Section        0  app_encoder.o(i.App_Encoder_GetSpeed_R)
    i.App_Encoder_Init                       0x080008f4   Section        0  app_encoder.o(i.App_Encoder_Init)
    i.App_Motor_Init                         0x08000930   Section        0  app_motor.o(i.App_Motor_Init)
    i.App_Motor_Proc                         0x0800097c   Section        0  app_motor.o(i.App_Motor_Proc)
    i.App_Motor_SetOmega_L                   0x080009f8   Section        0  app_motor.o(i.App_Motor_SetOmega_L)
    i.App_Motor_SetOmega_R                   0x08000a0c   Section        0  app_motor.o(i.App_Motor_SetOmega_R)
    i.App_PWM_Init                           0x08000a20   Section        0  app_pwm.o(i.App_PWM_Init)
    i.App_USART3_Init                        0x08000b38   Section        0  app_usart2.o(i.App_USART3_Init)
    i.BusFault_Handler                       0x08000c3c   Section        0  stm32f10x_it.o(i.BusFault_Handler)
    i.DMA1_Channel2_IRQHandler               0x08000c40   Section        0  app_usart2.o(i.DMA1_Channel2_IRQHandler)
    i.DMA1_Channel3_IRQHandler               0x08000c56   Section        0  app_usart2.o(i.DMA1_Channel3_IRQHandler)
    i.DMA_ClearITPendingBit                  0x08000c70   Section        0  stm32f10x_dma.o(i.DMA_ClearITPendingBit)
    i.DMA_Cmd                                0x08000c8c   Section        0  stm32f10x_dma.o(i.DMA_Cmd)
    i.DMA_Configuration                      0x08000ca4   Section        0  app_usart2.o(i.DMA_Configuration)
    i.DMA_DeInit                             0x08000d4c   Section        0  stm32f10x_dma.o(i.DMA_DeInit)
    i.DMA_GetCurrDataCounter                 0x08000e98   Section        0  stm32f10x_dma.o(i.DMA_GetCurrDataCounter)
    i.DMA_GetITStatus                        0x08000ea0   Section        0  stm32f10x_dma.o(i.DMA_GetITStatus)
    i.DMA_ITConfig                           0x08000ecc   Section        0  stm32f10x_dma.o(i.DMA_ITConfig)
    i.DMA_Init                               0x08000ede   Section        0  stm32f10x_dma.o(i.DMA_Init)
    i.DMA_Tx_Test                            0x08000f1c   Section        0  app_usart2.o(i.DMA_Tx_Test)
    i.DebugMon_Handler                       0x08000f2c   Section        0  stm32f10x_it.o(i.DebugMon_Handler)
    i.Delay_Init                             0x08000f30   Section        0  delay.o(i.Delay_Init)
    i.Encoder_L_Init                         0x08001004   Section        0  app_encoder.o(i.Encoder_L_Init)
    Encoder_L_Init                           0x08001005   Thumb Code   120  app_encoder.o(i.Encoder_L_Init)
    i.Encoder_R_Init                         0x08001084   Section        0  app_encoder.o(i.Encoder_R_Init)
    Encoder_R_Init                           0x08001085   Thumb Code   180  app_encoder.o(i.Encoder_R_Init)
    i.GPIO_Init                              0x08001144   Section        0  stm32f10x_gpio.o(i.GPIO_Init)
    i.GPIO_PinRemapConfig                    0x0800125c   Section        0  stm32f10x_gpio.o(i.GPIO_PinRemapConfig)
    i.GetTick                                0x080012ec   Section        0  delay.o(i.GetTick)
    i.GetUs                                  0x080012fc   Section        0  delay.o(i.GetUs)
    i.HW_PWM_Set_L                           0x0800137c   Section        0  app_pwm.o(i.HW_PWM_Set_L)
    i.HW_PWM_Set_R                           0x080013b8   Section        0  app_pwm.o(i.HW_PWM_Set_R)
    i.HardFault_Handler                      0x080013f4   Section        0  stm32f10x_it.o(i.HardFault_Handler)
    i.MemManage_Handler                      0x080013f8   Section        0  stm32f10x_it.o(i.MemManage_Handler)
    i.NMI_Handler                            0x080013fc   Section        0  stm32f10x_it.o(i.NMI_Handler)
    i.NVIC_Init                              0x08001400   Section        0  misc.o(i.NVIC_Init)
    i.NVIC_PriorityGroupConfig               0x08001470   Section        0  misc.o(i.NVIC_PriorityGroupConfig)
    i.PID_ChangeSP                           0x08001484   Section        0  pid.o(i.PID_ChangeSP)
    i.PID_Compute                            0x08001488   Section        0  pid.o(i.PID_Compute)
    i.PID_Init                               0x08001584   Section        0  pid.o(i.PID_Init)
    i.PID_LimitConfig                        0x080015ac   Section        0  pid.o(i.PID_LimitConfig)
    i.PT1Filter_Apply                        0x080015b2   Section        0  filter.o(i.PT1Filter_Apply)
    i.PT1Filter_Init                         0x080015ee   Section        0  filter.o(i.PT1Filter_Init)
    i.PT1Filter_InitWithFreq                 0x08001618   Section        0  filter.o(i.PT1Filter_InitWithFreq)
    i.PendSV_Handler                         0x0800164c   Section        0  stm32f10x_it.o(i.PendSV_Handler)
    i.RCC_AHBPeriphClockCmd                  0x08001650   Section        0  stm32f10x_rcc.o(i.RCC_AHBPeriphClockCmd)
    i.RCC_APB1PeriphClockCmd                 0x08001670   Section        0  stm32f10x_rcc.o(i.RCC_APB1PeriphClockCmd)
    i.RCC_APB2PeriphClockCmd                 0x08001690   Section        0  stm32f10x_rcc.o(i.RCC_APB2PeriphClockCmd)
    i.RCC_GetClocksFreq                      0x080016b0   Section        0  stm32f10x_rcc.o(i.RCC_GetClocksFreq)
    i.SVC_Handler                            0x08001784   Section        0  stm32f10x_it.o(i.SVC_Handler)
    i.SetSysClock                            0x08001786   Section        0  system_stm32f10x.o(i.SetSysClock)
    SetSysClock                              0x08001787   Thumb Code     8  system_stm32f10x.o(i.SetSysClock)
    i.SetSysClockTo72                        0x08001790   Section        0  system_stm32f10x.o(i.SetSysClockTo72)
    SetSysClockTo72                          0x08001791   Thumb Code   214  system_stm32f10x.o(i.SetSysClockTo72)
    i.SysTick_Handler                        0x08001870   Section        0  stm32f10x_it.o(i.SysTick_Handler)
    i.SystemInit                             0x0800188c   Section        0  system_stm32f10x.o(i.SystemInit)
    i.TI1_Config                             0x080018ec   Section        0  stm32f10x_tim.o(i.TI1_Config)
    TI1_Config                               0x080018ed   Thumb Code   108  stm32f10x_tim.o(i.TI1_Config)
    i.TI2_Config                             0x0800196c   Section        0  stm32f10x_tim.o(i.TI2_Config)
    TI2_Config                               0x0800196d   Thumb Code   130  stm32f10x_tim.o(i.TI2_Config)
    i.TI3_Config                             0x08001a04   Section        0  stm32f10x_tim.o(i.TI3_Config)
    TI3_Config                               0x08001a05   Thumb Code   122  stm32f10x_tim.o(i.TI3_Config)
    i.TI4_Config                             0x08001a94   Section        0  stm32f10x_tim.o(i.TI4_Config)
    TI4_Config                               0x08001a95   Thumb Code   130  stm32f10x_tim.o(i.TI4_Config)
    i.TIM_ARRPreloadConfig                   0x08001b2c   Section        0  stm32f10x_tim.o(i.TIM_ARRPreloadConfig)
    i.TIM_Cmd                                0x08001b44   Section        0  stm32f10x_tim.o(i.TIM_Cmd)
    i.TIM_CtrlPWMOutputs                     0x08001b5c   Section        0  stm32f10x_tim.o(i.TIM_CtrlPWMOutputs)
    i.TIM_EncoderInterfaceConfig             0x08001b7a   Section        0  stm32f10x_tim.o(i.TIM_EncoderInterfaceConfig)
    i.TIM_GetCapture1                        0x08001bbc   Section        0  stm32f10x_tim.o(i.TIM_GetCapture1)
    i.TIM_GetCapture2                        0x08001bc2   Section        0  stm32f10x_tim.o(i.TIM_GetCapture2)
    i.TIM_GetCapture3                        0x08001bc8   Section        0  stm32f10x_tim.o(i.TIM_GetCapture3)
    i.TIM_GetCapture4                        0x08001bce   Section        0  stm32f10x_tim.o(i.TIM_GetCapture4)
    i.TIM_GetCounter                         0x08001bd6   Section        0  stm32f10x_tim.o(i.TIM_GetCounter)
    i.TIM_ICInit                             0x08001bdc   Section        0  stm32f10x_tim.o(i.TIM_ICInit)
    i.TIM_ICStructInit                       0x08001c88   Section        0  stm32f10x_tim.o(i.TIM_ICStructInit)
    i.TIM_OC1Init                            0x08001c9c   Section        0  stm32f10x_tim.o(i.TIM_OC1Init)
    i.TIM_OC1PreloadConfig                   0x08001d34   Section        0  stm32f10x_tim.o(i.TIM_OC1PreloadConfig)
    i.TIM_OC2Init                            0x08001d48   Section        0  stm32f10x_tim.o(i.TIM_OC2Init)
    i.TIM_OC2PreloadConfig                   0x08001dec   Section        0  stm32f10x_tim.o(i.TIM_OC2PreloadConfig)
    i.TIM_OC3Init                            0x08001e08   Section        0  stm32f10x_tim.o(i.TIM_OC3Init)
    i.TIM_OC3PreloadConfig                   0x08001ea8   Section        0  stm32f10x_tim.o(i.TIM_OC3PreloadConfig)
    i.TIM_OC4Init                            0x08001ebc   Section        0  stm32f10x_tim.o(i.TIM_OC4Init)
    i.TIM_OC4PreloadConfig                   0x08001f38   Section        0  stm32f10x_tim.o(i.TIM_OC4PreloadConfig)
    i.TIM_SetCompare1                        0x08001f52   Section        0  stm32f10x_tim.o(i.TIM_SetCompare1)
    i.TIM_SetCompare2                        0x08001f56   Section        0  stm32f10x_tim.o(i.TIM_SetCompare2)
    i.TIM_SetCompare3                        0x08001f5a   Section        0  stm32f10x_tim.o(i.TIM_SetCompare3)
    i.TIM_SetCompare4                        0x08001f5e   Section        0  stm32f10x_tim.o(i.TIM_SetCompare4)
    i.TIM_SetCounter                         0x08001f64   Section        0  stm32f10x_tim.o(i.TIM_SetCounter)
    i.TIM_SetIC1Prescaler                    0x08001f68   Section        0  stm32f10x_tim.o(i.TIM_SetIC1Prescaler)
    i.TIM_SetIC2Prescaler                    0x08001f7a   Section        0  stm32f10x_tim.o(i.TIM_SetIC2Prescaler)
    i.TIM_SetIC3Prescaler                    0x08001f94   Section        0  stm32f10x_tim.o(i.TIM_SetIC3Prescaler)
    i.TIM_SetIC4Prescaler                    0x08001fa6   Section        0  stm32f10x_tim.o(i.TIM_SetIC4Prescaler)
    i.TIM_TimeBaseInit                       0x08001fc0   Section        0  stm32f10x_tim.o(i.TIM_TimeBaseInit)
    i.USART3_IRQHandler                      0x08002064   Section        0  app_usart2.o(i.USART3_IRQHandler)
    i.USART_Cmd                              0x08002088   Section        0  stm32f10x_usart.o(i.USART_Cmd)
    i.USART_DMACmd                           0x080020a0   Section        0  stm32f10x_usart.o(i.USART_DMACmd)
    i.USART_GetITStatus                      0x080020b2   Section        0  stm32f10x_usart.o(i.USART_GetITStatus)
    i.USART_ITConfig                         0x08002106   Section        0  stm32f10x_usart.o(i.USART_ITConfig)
    i.USART_Init                             0x08002150   Section        0  stm32f10x_usart.o(i.USART_Init)
    i.USART_ReceiveData                      0x08002228   Section        0  stm32f10x_usart.o(i.USART_ReceiveData)
    i.UsageFault_Handler                     0x08002232   Section        0  stm32f10x_it.o(i.UsageFault_Handler)
    i.__NVIC_EnableIRQ                       0x08002236   Section        0  app_usart2.o(i.__NVIC_EnableIRQ)
    __NVIC_EnableIRQ                         0x08002237   Thumb Code    34  app_usart2.o(i.__NVIC_EnableIRQ)
    i.__scatterload_copy                     0x08002258   Section       14  handlers.o(i.__scatterload_copy)
    i.__scatterload_null                     0x08002266   Section        2  handlers.o(i.__scatterload_null)
    i.__scatterload_zeroinit                 0x08002268   Section       14  handlers.o(i.__scatterload_zeroinit)
    i.aiPwmInit                              0x08002276   Section        0  ai_pwm.o(i.aiPwmInit)
    i.aiPwmPercentVolCompensate              0x080022ac   Section        0  ai_pwm.o(i.aiPwmPercentVolCompensate)
    i.aiPwmProcess                           0x080022e2   Section        0  ai_pwm.o(i.aiPwmProcess)
    i.aiPwmSetPercent                        0x08002396   Section        0  ai_pwm.o(i.aiPwmSetPercent)
    i.aiPwmVolCompensate                     0x080023aa   Section        0  ai_pwm.o(i.aiPwmVolCompensate)
    i.blink_dev_create                       0x080023d4   Section        0  blink.o(i.blink_dev_create)
    i.blink_dev_ctrl                         0x0800240c   Section        0  blink.o(i.blink_dev_ctrl)
    i.blink_dev_process                      0x08002438   Section        0  blink.o(i.blink_dev_process)
    i.comHwProcess                           0x080024b0   Section        0  app_usart2.o(i.comHwProcess)
    i.comHwRxInt                             0x08002558   Section        0  app_usart2.o(i.comHwRxInt)
    i.comHwSend                              0x080025a8   Section        0  app_usart2.o(i.comHwSend)
    i.comHwTxInt                             0x080025ec   Section        0  app_usart2.o(i.comHwTxInt)
    i.encoder_L_Read                         0x08002628   Section        0  app_encoder.o(i.encoder_L_Read)
    encoder_L_Read                           0x08002629   Thumb Code    14  app_encoder.o(i.encoder_L_Read)
    i.encoder_L_clr                          0x08002636   Section        0  app_encoder.o(i.encoder_L_clr)
    encoder_L_clr                            0x08002637   Thumb Code    14  app_encoder.o(i.encoder_L_clr)
    i.encoder_R_Read                         0x08002644   Section        0  app_encoder.o(i.encoder_R_Read)
    encoder_R_Read                           0x08002645   Thumb Code    12  app_encoder.o(i.encoder_R_Read)
    i.encoder_R_clr                          0x08002654   Section        0  app_encoder.o(i.encoder_R_clr)
    encoder_R_clr                            0x08002655   Thumb Code    12  app_encoder.o(i.encoder_R_clr)
    i.fifoDequeue                            0x08002664   Section        0  fifo.o(i.fifoDequeue)
    i.fifoEnqueue                            0x080026d8   Section        0  fifo.o(i.fifoEnqueue)
    i.fifoInit                               0x08002754   Section        0  fifo.o(i.fifoInit)
    i.fifoPeak                               0x08002762   Section        0  fifo.o(i.fifoPeak)
    i.get_tick                               0x08002768   Section        0  module.o(i.get_tick)
    i.led_ctrl                               0x08002770   Section        0  led.o(i.led_ctrl)
    i.led_io_init                            0x080027d0   Section        0  led.o(i.led_io_init)
    led_io_init                              0x080027d1   Thumb Code    58  led.o(i.led_io_init)
    i.main                                   0x08002818   Section        0  main.o(i.main)
    i.module_task_init                       0x0800282c   Section        0  module.o(i.module_task_init)
    i.module_task_process                    0x0800284c   Section        0  module.o(i.module_task_process)
    i.motorHwInit                            0x08002880   Section        0  app_pwm.o(i.motorHwInit)
    i.motorHwProcess                         0x080028e8   Section        0  app_pwm.o(i.motorHwProcess)
    i.motorLeftHwBreak                       0x08002934   Section        0  app_pwm.o(i.motorLeftHwBreak)
    i.motorLeftHwClk                         0x08002948   Section        0  app_pwm.o(i.motorLeftHwClk)
    i.motorLeftHwSetDuty                     0x08002960   Section        0  app_pwm.o(i.motorLeftHwSetDuty)
    i.motorLeftHwSetDuty2                    0x0800297c   Section        0  app_pwm.o(i.motorLeftHwSetDuty2)
    i.motorLeftHwSetPercent                  0x08002998   Section        0  app_pwm.o(i.motorLeftHwSetPercent)
    i.motorLeftHwSetPercent2                 0x080029b0   Section        0  app_pwm.o(i.motorLeftHwSetPercent2)
    i.motorLeftHwUnclk                       0x080029c8   Section        0  app_pwm.o(i.motorLeftHwUnclk)
    i.motorRightHwBreak                      0x080029de   Section        0  app_pwm.o(i.motorRightHwBreak)
    i.motorRightHwClk                        0x080029f2   Section        0  app_pwm.o(i.motorRightHwClk)
    i.motorRightHwSetDuty                    0x08002a08   Section        0  app_pwm.o(i.motorRightHwSetDuty)
    i.motorRightHwSetDuty2                   0x08002a24   Section        0  app_pwm.o(i.motorRightHwSetDuty2)
    i.motorRightHwSetPercent                 0x08002a40   Section        0  app_pwm.o(i.motorRightHwSetPercent)
    i.motorRightHwSetPercent2                0x08002a58   Section        0  app_pwm.o(i.motorRightHwSetPercent2)
    i.motorRightHwUnclk                      0x08002a70   Section        0  app_pwm.o(i.motorRightHwUnclk)
    i.motot_pid_test                         0x08002a88   Section        0  app_motor.o(i.motot_pid_test)
    i.nop_process                            0x08002aa8   Section        0  module.o(i.nop_process)
    nop_process                              0x08002aa9   Thumb Code     2  module.o(i.nop_process)
    i.red_led_ctrl                           0x08002aac   Section        0  led.o(i.red_led_ctrl)
    red_led_ctrl                             0x08002aad   Thumb Code    30  led.o(i.red_led_ctrl)
    i.vofaComParse                           0x08002ad0   Section        0  vofa_com.o(i.vofaComParse)
    i.vofaCommandParse                       0x08002b28   Section        0  vofa_uart.o(i.vofaCommandParse)
    i.vofaJustFloatInit                      0x08002c34   Section        0  vofa_uart.o(i.vofaJustFloatInit)
    i.vofaSetLeftDuty                        0x08002c68   Section        0  vofa_com.o(i.vofaSetLeftDuty)
    i.vofaSetLeftSpeed                       0x08002c74   Section        0  vofa_com.o(i.vofaSetLeftSpeed)
    i.vofaSetRightDuty                       0x08002c80   Section        0  vofa_com.o(i.vofaSetRightDuty)
    i.vofaSetRightSpeed                      0x08002c8c   Section        0  vofa_com.o(i.vofaSetRightSpeed)
    .conststrlit                             0x08002c98   Section       32  app_usart2.o(.conststrlit)
    .conststrlit                             0x08002cb8   Section        4  app_pwm.o(.conststrlit)
    .conststrlit                             0x08002cbc   Section        8  app_encoder.o(.conststrlit)
    .conststrlit                             0x08002cc4   Section        4  led.o(.conststrlit)
    .conststrlit                             0x08002cc8   Section        6  app_motor.o(.conststrlit)
    .conststrlit                             0x08002cd0   Section        1  module.o(.conststrlit)
    .conststrlit                             0x08002cd4   Section       18  vofa_uart.o(.conststrlit)
    .conststrlit                             0x08002ce8   Section       17  vofa_com.o(.conststrlit)
    init.item.0                              0x08002d1c   Section        8  module.o(init.item.0)
    init.item.2                              0x08002d24   Section        8  app_usart2.o(init.item.2)
    __tagsym$$used                           0x08002d24   Number         0  app_usart2.o(init.item.2)
    init.item.2                              0x08002d2c   Section        8  app_pwm.o(init.item.2)
    __tagsym$$used                           0x08002d2c   Number         0  app_pwm.o(init.item.2)
    init.item.2                              0x08002d34   Section        8  app_encoder.o(init.item.2)
    __tagsym$$used                           0x08002d34   Number         0  app_encoder.o(init.item.2)
    init.item.2                              0x08002d3c   Section        8  led.o(init.item.2)
    __tagsym$$used                           0x08002d3c   Number         0  led.o(init.item.2)
    init.item.2                              0x08002d44   Section        8  app_motor.o(init.item.2)
    __tagsym$$used                           0x08002d44   Number         0  app_motor.o(init.item.2)
    init.item.3                              0x08002d4c   Section        8  vofa_uart.o(init.item.3)
    __tagsym$$used                           0x08002d4c   Number         0  vofa_uart.o(init.item.3)
    init.item.4                              0x08002d54   Section        8  module.o(init.item.4)
    task.item.0                              0x08002d5c   Section       16  module.o(task.item.0)
    task.item.1                              0x08002d6c   Section       32  app_usart2.o(task.item.1)
    __tagsym$$used                           0x08002d6c   Number         0  app_usart2.o(task.item.1)
    __tagsym$$used                           0x08002d7c   Number         0  app_usart2.o(task.item.1)
    task.item.1                              0x08002d8c   Section       16  app_pwm.o(task.item.1)
    __tagsym$$used                           0x08002d8c   Number         0  app_pwm.o(task.item.1)
    task.item.1                              0x08002d9c   Section       16  led.o(task.item.1)
    __tagsym$$used                           0x08002d9c   Number         0  led.o(task.item.1)
    task.item.1                              0x08002dac   Section       16  app_motor.o(task.item.1)
    __tagsym$$used                           0x08002dac   Number         0  app_motor.o(task.item.1)
    task.item.1                              0x08002dbc   Section       16  vofa_com.o(task.item.1)
    __tagsym$$used                           0x08002dbc   Number         0  vofa_com.o(task.item.1)
    task.item.2                              0x08002dcc   Section       16  module.o(task.item.2)
    .data                                    0x20000000   Section        9  app_bat.o(.data)
    vbat                                     0x20000000   Data           4  app_bat.o(.data)
    lastTime                                 0x20000004   Data           4  app_bat.o(.data)
    stage                                    0x20000008   Data           1  app_bat.o(.data)
    .data                                    0x2000000c   Section       72  app_usart2.o(.data)
    __task_timer_comHwProcess                0x2000004c   Data           4  app_usart2.o(.data)
    __task_timer_DMA_Tx_Test                 0x20000050   Data           4  app_usart2.o(.data)
    .data                                    0x20000054   Section       16  app_pwm.o(.data)
    __task_timer_motorHwProcess              0x2000005c   Data           4  app_pwm.o(.data)
    state_count                              0x20000060   Data           4  app_pwm.o(.data)
    .data                                    0x20000064   Section        4  led.o(.data)
    __task_timer_blink_dev_process           0x20000064   Data           4  led.o(.data)
    .data                                    0x20000068   Section       16  app_motor.o(.data)
    __task_timer_motot_pid_test              0x20000074   Data           4  app_motor.o(.data)
    .data                                    0x20000078   Section       20  stm32f10x_rcc.o(.data)
    APBAHBPrescTable                         0x20000078   Data          16  stm32f10x_rcc.o(.data)
    ADCPrescTable                            0x20000088   Data           4  stm32f10x_rcc.o(.data)
    .data                                    0x2000008c   Section       12  delay.o(.data)
    delay_initialized_flag                   0x20000090   Data           1  delay.o(.data)
    us_per_mini_tick                         0x20000094   Data           4  delay.o(.data)
    .data                                    0x20000098   Section        4  blink.o(.data)
    head                                     0x20000098   Data           4  blink.o(.data)
    .data                                    0x2000009c   Section       36  vofa_com.o(.data)
    __task_timer_vofaComParse                0x200000bc   Data           4  vofa_com.o(.data)
    .bss                                     0x200000c0   Section      840  app_usart2.o(.bss)
    .bss                                     0x20000408   Section       64  app_pwm.o(.bss)
    .bss                                     0x20000448   Section      112  app_encoder.o(.bss)
    .bss                                     0x200004b8   Section       60  led.o(.bss)
    led                                      0x200004b8   Data          60  led.o(.bss)
    .bss                                     0x200004f8   Section       80  app_motor.o(.bss)
    .bss                                     0x20000548   Section       56  vofa_uart.o(.bss)
    STACK                                    0x20000580   Section     4096  startup_stm32f10x_md.o(STACK)

    Global Symbols

    Symbol Name                              Value     Ov Type        Size  Object(Section)

    BuildAttributes$$THM_ISAv4$P$D$K$B$S$PE$A:L22UL41UL21$X:L11$S22US41US21$IEEE1$IW$USESV6$~STKCKD$USESV7$~SHL$OTIME$ROPI$IEEEX$EBA8$MICROLIB$REQ8$PRES8$EABIv2 0x00000000   Number         0  anon$$obj.o ABSOLUTE
    __ARM_use_no_argv                        0x00000000   Number         0  main.o ABSOLUTE
    __arm_fini_                               - Undefined Weak Reference
    __cpp_initialize__aeabi_                  - Undefined Weak Reference
    __cxa_finalize                            - Undefined Weak Reference
    __decompress                              - Undefined Weak Reference
    _clock_init                               - Undefined Weak Reference
    _microlib_exit                            - Undefined Weak Reference
    __Vectors_Size                           0x000000ec   Number         0  startup_stm32f10x_md.o ABSOLUTE
    __Vectors                                0x08000000   Data           4  startup_stm32f10x_md.o(RESET)
    __Vectors_End                            0x080000ec   Data           0  startup_stm32f10x_md.o(RESET)
    __main                                   0x080000ed   Thumb Code     0  entry.o(.ARM.Collect$$$$00000000)
    _main_stk                                0x080000ed   Thumb Code     0  entry2.o(.ARM.Collect$$$$00000001)
    _main_scatterload                        0x080000f1   Thumb Code     0  entry5.o(.ARM.Collect$$$$00000004)
    __main_after_scatterload                 0x080000f5   Thumb Code     0  entry5.o(.ARM.Collect$$$$00000004)
    _main_clock                              0x080000f5   Thumb Code     0  entry7b.o(.ARM.Collect$$$$00000008)
    _main_cpp_init                           0x080000f5   Thumb Code     0  entry8b.o(.ARM.Collect$$$$0000000A)
    _main_init                               0x080000f5   Thumb Code     0  entry9a.o(.ARM.Collect$$$$0000000B)
    __rt_lib_shutdown_fini                   0x080000fd   Thumb Code     0  entry12b.o(.ARM.Collect$$$$0000000E)
    __rt_final_cpp                           0x08000101   Thumb Code     0  entry10a.o(.ARM.Collect$$$$0000000F)
    __rt_final_exit                          0x08000101   Thumb Code     0  entry11a.o(.ARM.Collect$$$$00000011)
    Reset_Handler                            0x08000105   Thumb Code     8  startup_stm32f10x_md.o(.text)
    CAN1_RX1_IRQHandler                      0x0800011f   Thumb Code     0  startup_stm32f10x_md.o(.text)
    CAN1_SCE_IRQHandler                      0x0800011f   Thumb Code     0  startup_stm32f10x_md.o(.text)
    DMA1_Channel1_IRQHandler                 0x0800011f   Thumb Code     0  startup_stm32f10x_md.o(.text)
    DMA1_Channel4_IRQHandler                 0x0800011f   Thumb Code     0  startup_stm32f10x_md.o(.text)
    DMA1_Channel5_IRQHandler                 0x0800011f   Thumb Code     0  startup_stm32f10x_md.o(.text)
    DMA1_Channel6_IRQHandler                 0x0800011f   Thumb Code     0  startup_stm32f10x_md.o(.text)
    DMA1_Channel7_IRQHandler                 0x0800011f   Thumb Code     0  startup_stm32f10x_md.o(.text)
    EXTI0_IRQHandler                         0x0800011f   Thumb Code     0  startup_stm32f10x_md.o(.text)
    EXTI15_10_IRQHandler                     0x0800011f   Thumb Code     0  startup_stm32f10x_md.o(.text)
    EXTI1_IRQHandler                         0x0800011f   Thumb Code     0  startup_stm32f10x_md.o(.text)
    EXTI2_IRQHandler                         0x0800011f   Thumb Code     0  startup_stm32f10x_md.o(.text)
    EXTI3_IRQHandler                         0x0800011f   Thumb Code     0  startup_stm32f10x_md.o(.text)
    EXTI4_IRQHandler                         0x0800011f   Thumb Code     0  startup_stm32f10x_md.o(.text)
    EXTI9_5_IRQHandler                       0x0800011f   Thumb Code     0  startup_stm32f10x_md.o(.text)
    FLASH_IRQHandler                         0x0800011f   Thumb Code     0  startup_stm32f10x_md.o(.text)
    I2C1_ER_IRQHandler                       0x0800011f   Thumb Code     0  startup_stm32f10x_md.o(.text)
    I2C1_EV_IRQHandler                       0x0800011f   Thumb Code     0  startup_stm32f10x_md.o(.text)
    I2C2_ER_IRQHandler                       0x0800011f   Thumb Code     0  startup_stm32f10x_md.o(.text)
    I2C2_EV_IRQHandler                       0x0800011f   Thumb Code     0  startup_stm32f10x_md.o(.text)
    PVD_IRQHandler                           0x0800011f   Thumb Code     0  startup_stm32f10x_md.o(.text)
    RCC_IRQHandler                           0x0800011f   Thumb Code     0  startup_stm32f10x_md.o(.text)
    RTCAlarm_IRQHandler                      0x0800011f   Thumb Code     0  startup_stm32f10x_md.o(.text)
    RTC_IRQHandler                           0x0800011f   Thumb Code     0  startup_stm32f10x_md.o(.text)
    SPI1_IRQHandler                          0x0800011f   Thumb Code     0  startup_stm32f10x_md.o(.text)
    SPI2_IRQHandler                          0x0800011f   Thumb Code     0  startup_stm32f10x_md.o(.text)
    TAMPER_IRQHandler                        0x0800011f   Thumb Code     0  startup_stm32f10x_md.o(.text)
    TIM1_BRK_IRQHandler                      0x0800011f   Thumb Code     0  startup_stm32f10x_md.o(.text)
    TIM1_CC_IRQHandler                       0x0800011f   Thumb Code     0  startup_stm32f10x_md.o(.text)
    TIM1_TRG_COM_IRQHandler                  0x0800011f   Thumb Code     0  startup_stm32f10x_md.o(.text)
    TIM1_UP_IRQHandler                       0x0800011f   Thumb Code     0  startup_stm32f10x_md.o(.text)
    TIM2_IRQHandler                          0x0800011f   Thumb Code     0  startup_stm32f10x_md.o(.text)
    TIM3_IRQHandler                          0x0800011f   Thumb Code     0  startup_stm32f10x_md.o(.text)
    TIM4_IRQHandler                          0x0800011f   Thumb Code     0  startup_stm32f10x_md.o(.text)
    USART1_IRQHandler                        0x0800011f   Thumb Code     0  startup_stm32f10x_md.o(.text)
    USART2_IRQHandler                        0x0800011f   Thumb Code     0  startup_stm32f10x_md.o(.text)
    USBWakeUp_IRQHandler                     0x0800011f   Thumb Code     0  startup_stm32f10x_md.o(.text)
    USB_HP_CAN1_TX_IRQHandler                0x0800011f   Thumb Code     0  startup_stm32f10x_md.o(.text)
    USB_LP_CAN1_RX0_IRQHandler               0x0800011f   Thumb Code     0  startup_stm32f10x_md.o(.text)
    WWDG_IRQHandler                          0x0800011f   Thumb Code     0  startup_stm32f10x_md.o(.text)
    __aeabi_memcpy                           0x08000129   Thumb Code    36  memcpya.o(.text)
    __aeabi_memcpy4                          0x08000129   Thumb Code     0  memcpya.o(.text)
    __aeabi_memcpy8                          0x08000129   Thumb Code     0  memcpya.o(.text)
    __aeabi_memset                           0x0800014d   Thumb Code    14  memseta.o(.text)
    __aeabi_memset4                          0x0800014d   Thumb Code     0  memseta.o(.text)
    __aeabi_memset8                          0x0800014d   Thumb Code     0  memseta.o(.text)
    __aeabi_memclr                           0x0800015b   Thumb Code     4  memseta.o(.text)
    __aeabi_memclr4                          0x0800015b   Thumb Code     0  memseta.o(.text)
    __aeabi_memclr8                          0x0800015b   Thumb Code     0  memseta.o(.text)
    _memset$wrapper                          0x0800015f   Thumb Code    18  memseta.o(.text)
    __aeabi_fadd                             0x08000171   Thumb Code   164  fadd.o(.text)
    __aeabi_fsub                             0x08000215   Thumb Code     6  fadd.o(.text)
    __aeabi_frsub                            0x0800021b   Thumb Code     6  fadd.o(.text)
    __aeabi_fmul                             0x08000221   Thumb Code   100  fmul.o(.text)
    __aeabi_fdiv                             0x08000285   Thumb Code   124  fdiv.o(.text)
    __aeabi_dmul                             0x08000301   Thumb Code   228  dmul.o(.text)
    __aeabi_ddiv                             0x080003e5   Thumb Code   222  ddiv.o(.text)
    __aeabi_i2f                              0x080004c3   Thumb Code    18  fflti.o(.text)
    __aeabi_ui2f                             0x080004d5   Thumb Code    10  ffltui.o(.text)
    __aeabi_ul2f                             0x080004df   Thumb Code    28  ffltul.o(.text)
    __aeabi_ui2d                             0x080004fb   Thumb Code    26  dfltui.o(.text)
    __aeabi_f2uiz                            0x08000515   Thumb Code    40  ffixui.o(.text)
    __aeabi_f2d                              0x0800053d   Thumb Code    38  f2d.o(.text)
    __aeabi_d2f                              0x08000563   Thumb Code    56  d2f.o(.text)
    __aeabi_cfcmpeq                          0x0800059d   Thumb Code     0  cfcmple.o(.text)
    __aeabi_cfcmple                          0x0800059d   Thumb Code    20  cfcmple.o(.text)
    __aeabi_cfrcmple                         0x080005b1   Thumb Code    20  cfrcmple.o(.text)
    __aeabi_llsl                             0x080005c5   Thumb Code    30  llshl.o(.text)
    _ll_shift_l                              0x080005c5   Thumb Code     0  llshl.o(.text)
    __aeabi_llsr                             0x080005e3   Thumb Code    32  llushr.o(.text)
    _ll_ushift_r                             0x080005e3   Thumb Code     0  llushr.o(.text)
    __I$use$fp                               0x08000603   Thumb Code     0  iusefp.o(.text)
    _float_round                             0x08000603   Thumb Code    18  fepilogue.o(.text)
    _float_epilogue                          0x08000615   Thumb Code    92  fepilogue.o(.text)
    _double_round                            0x08000671   Thumb Code    30  depilogue.o(.text)
    _double_epilogue                         0x0800068f   Thumb Code   156  depilogue.o(.text)
    __scatterload                            0x0800072d   Thumb Code    28  init.o(.text)
    __scatterload_rt2                        0x0800072d   Thumb Code     0  init.o(.text)
    ADC1_2_IRQHandler                        0x08000751   Thumb Code   106  app_bat.o(i.ADC1_2_IRQHandler)
    ADC_ClearFlag                            0x080007d1   Thumb Code     6  stm32f10x_adc.o(i.ADC_ClearFlag)
    ADC_GetFlagStatus                        0x080007d7   Thumb Code    18  stm32f10x_adc.o(i.ADC_GetFlagStatus)
    ADC_GetInjectedConversionValue           0x080007e9   Thumb Code    28  stm32f10x_adc.o(i.ADC_GetInjectedConversionValue)
    App_Bat_Get                              0x08000805   Thumb Code     4  app_bat.o(i.App_Bat_Get)
    App_Encoder_GetSpeed_L                   0x080008d1   Thumb Code    10  app_encoder.o(i.App_Encoder_GetSpeed_L)
    App_Encoder_GetSpeed_R                   0x080008e1   Thumb Code    14  app_encoder.o(i.App_Encoder_GetSpeed_R)
    App_Encoder_Init                         0x080008f5   Thumb Code    28  app_encoder.o(i.App_Encoder_Init)
    App_Motor_Init                           0x08000931   Thumb Code    52  app_motor.o(i.App_Motor_Init)
    App_Motor_Proc                           0x0800097d   Thumb Code   102  app_motor.o(i.App_Motor_Proc)
    App_Motor_SetOmega_L                     0x080009f9   Thumb Code    14  app_motor.o(i.App_Motor_SetOmega_L)
    App_Motor_SetOmega_R                     0x08000a0d   Thumb Code    14  app_motor.o(i.App_Motor_SetOmega_R)
    App_PWM_Init                             0x08000a21   Thumb Code   268  app_pwm.o(i.App_PWM_Init)
    App_USART3_Init                          0x08000b39   Thumb Code   246  app_usart2.o(i.App_USART3_Init)
    BusFault_Handler                         0x08000c3d   Thumb Code     4  stm32f10x_it.o(i.BusFault_Handler)
    DMA1_Channel2_IRQHandler                 0x08000c41   Thumb Code    22  app_usart2.o(i.DMA1_Channel2_IRQHandler)
    DMA1_Channel3_IRQHandler                 0x08000c57   Thumb Code    26  app_usart2.o(i.DMA1_Channel3_IRQHandler)
    DMA_ClearITPendingBit                    0x08000c71   Thumb Code    18  stm32f10x_dma.o(i.DMA_ClearITPendingBit)
    DMA_Cmd                                  0x08000c8d   Thumb Code    24  stm32f10x_dma.o(i.DMA_Cmd)
    DMA_Configuration                        0x08000ca5   Thumb Code   156  app_usart2.o(i.DMA_Configuration)
    DMA_DeInit                               0x08000d4d   Thumb Code   324  stm32f10x_dma.o(i.DMA_DeInit)
    DMA_GetCurrDataCounter                   0x08000e99   Thumb Code     8  stm32f10x_dma.o(i.DMA_GetCurrDataCounter)
    DMA_GetITStatus                          0x08000ea1   Thumb Code    36  stm32f10x_dma.o(i.DMA_GetITStatus)
    DMA_ITConfig                             0x08000ecd   Thumb Code    18  stm32f10x_dma.o(i.DMA_ITConfig)
    DMA_Init                                 0x08000edf   Thumb Code    60  stm32f10x_dma.o(i.DMA_Init)
    DMA_Tx_Test                              0x08000f1d   Thumb Code    12  app_usart2.o(i.DMA_Tx_Test)
    DebugMon_Handler                         0x08000f2d   Thumb Code     2  stm32f10x_it.o(i.DebugMon_Handler)
    Delay_Init                               0x08000f31   Thumb Code   192  delay.o(i.Delay_Init)
    GPIO_Init                                0x08001145   Thumb Code   278  stm32f10x_gpio.o(i.GPIO_Init)
    GPIO_PinRemapConfig                      0x0800125d   Thumb Code   138  stm32f10x_gpio.o(i.GPIO_PinRemapConfig)
    GetTick                                  0x080012ed   Thumb Code    12  delay.o(i.GetTick)
    GetUs                                    0x080012fd   Thumb Code   118  delay.o(i.GetUs)
    HW_PWM_Set_L                             0x0800137d   Thumb Code    60  app_pwm.o(i.HW_PWM_Set_L)
    HW_PWM_Set_R                             0x080013b9   Thumb Code    60  app_pwm.o(i.HW_PWM_Set_R)
    HardFault_Handler                        0x080013f5   Thumb Code     4  stm32f10x_it.o(i.HardFault_Handler)
    MemManage_Handler                        0x080013f9   Thumb Code     4  stm32f10x_it.o(i.MemManage_Handler)
    NMI_Handler                              0x080013fd   Thumb Code     2  stm32f10x_it.o(i.NMI_Handler)
    NVIC_Init                                0x08001401   Thumb Code   100  misc.o(i.NVIC_Init)
    NVIC_PriorityGroupConfig                 0x08001471   Thumb Code    10  misc.o(i.NVIC_PriorityGroupConfig)
    PID_ChangeSP                             0x08001485   Thumb Code     4  pid.o(i.PID_ChangeSP)
    PID_Compute                              0x08001489   Thumb Code   248  pid.o(i.PID_Compute)
    PID_Init                                 0x08001585   Thumb Code    32  pid.o(i.PID_Init)
    PID_LimitConfig                          0x080015ad   Thumb Code     6  pid.o(i.PID_LimitConfig)
    PT1Filter_Apply                          0x080015b3   Thumb Code    60  filter.o(i.PT1Filter_Apply)
    PT1Filter_Init                           0x080015ef   Thumb Code    40  filter.o(i.PT1Filter_Init)
    PT1Filter_InitWithFreq                   0x08001619   Thumb Code    46  filter.o(i.PT1Filter_InitWithFreq)
    PendSV_Handler                           0x0800164d   Thumb Code     2  stm32f10x_it.o(i.PendSV_Handler)
    RCC_AHBPeriphClockCmd                    0x08001651   Thumb Code    26  stm32f10x_rcc.o(i.RCC_AHBPeriphClockCmd)
    RCC_APB1PeriphClockCmd                   0x08001671   Thumb Code    26  stm32f10x_rcc.o(i.RCC_APB1PeriphClockCmd)
    RCC_APB2PeriphClockCmd                   0x08001691   Thumb Code    26  stm32f10x_rcc.o(i.RCC_APB2PeriphClockCmd)
    RCC_GetClocksFreq                        0x080016b1   Thumb Code   192  stm32f10x_rcc.o(i.RCC_GetClocksFreq)
    SVC_Handler                              0x08001785   Thumb Code     2  stm32f10x_it.o(i.SVC_Handler)
    SysTick_Handler                          0x08001871   Thumb Code    24  stm32f10x_it.o(i.SysTick_Handler)
    SystemInit                               0x0800188d   Thumb Code    78  system_stm32f10x.o(i.SystemInit)
    TIM_ARRPreloadConfig                     0x08001b2d   Thumb Code    24  stm32f10x_tim.o(i.TIM_ARRPreloadConfig)
    TIM_Cmd                                  0x08001b45   Thumb Code    24  stm32f10x_tim.o(i.TIM_Cmd)
    TIM_CtrlPWMOutputs                       0x08001b5d   Thumb Code    30  stm32f10x_tim.o(i.TIM_CtrlPWMOutputs)
    TIM_EncoderInterfaceConfig               0x08001b7b   Thumb Code    66  stm32f10x_tim.o(i.TIM_EncoderInterfaceConfig)
    TIM_GetCapture1                          0x08001bbd   Thumb Code     6  stm32f10x_tim.o(i.TIM_GetCapture1)
    TIM_GetCapture2                          0x08001bc3   Thumb Code     6  stm32f10x_tim.o(i.TIM_GetCapture2)
    TIM_GetCapture3                          0x08001bc9   Thumb Code     6  stm32f10x_tim.o(i.TIM_GetCapture3)
    TIM_GetCapture4                          0x08001bcf   Thumb Code     8  stm32f10x_tim.o(i.TIM_GetCapture4)
    TIM_GetCounter                           0x08001bd7   Thumb Code     6  stm32f10x_tim.o(i.TIM_GetCounter)
    TIM_ICInit                               0x08001bdd   Thumb Code   150  stm32f10x_tim.o(i.TIM_ICInit)
    TIM_ICStructInit                         0x08001c89   Thumb Code    18  stm32f10x_tim.o(i.TIM_ICStructInit)
    TIM_OC1Init                              0x08001c9d   Thumb Code   132  stm32f10x_tim.o(i.TIM_OC1Init)
    TIM_OC1PreloadConfig                     0x08001d35   Thumb Code    18  stm32f10x_tim.o(i.TIM_OC1PreloadConfig)
    TIM_OC2Init                              0x08001d49   Thumb Code   154  stm32f10x_tim.o(i.TIM_OC2Init)
    TIM_OC2PreloadConfig                     0x08001ded   Thumb Code    26  stm32f10x_tim.o(i.TIM_OC2PreloadConfig)
    TIM_OC3Init                              0x08001e09   Thumb Code   150  stm32f10x_tim.o(i.TIM_OC3Init)
    TIM_OC3PreloadConfig                     0x08001ea9   Thumb Code    18  stm32f10x_tim.o(i.TIM_OC3PreloadConfig)
    TIM_OC4Init                              0x08001ebd   Thumb Code   114  stm32f10x_tim.o(i.TIM_OC4Init)
    TIM_OC4PreloadConfig                     0x08001f39   Thumb Code    26  stm32f10x_tim.o(i.TIM_OC4PreloadConfig)
    TIM_SetCompare1                          0x08001f53   Thumb Code     4  stm32f10x_tim.o(i.TIM_SetCompare1)
    TIM_SetCompare2                          0x08001f57   Thumb Code     4  stm32f10x_tim.o(i.TIM_SetCompare2)
    TIM_SetCompare3                          0x08001f5b   Thumb Code     4  stm32f10x_tim.o(i.TIM_SetCompare3)
    TIM_SetCompare4                          0x08001f5f   Thumb Code     6  stm32f10x_tim.o(i.TIM_SetCompare4)
    TIM_SetCounter                           0x08001f65   Thumb Code     4  stm32f10x_tim.o(i.TIM_SetCounter)
    TIM_SetIC1Prescaler                      0x08001f69   Thumb Code    18  stm32f10x_tim.o(i.TIM_SetIC1Prescaler)
    TIM_SetIC2Prescaler                      0x08001f7b   Thumb Code    26  stm32f10x_tim.o(i.TIM_SetIC2Prescaler)
    TIM_SetIC3Prescaler                      0x08001f95   Thumb Code    18  stm32f10x_tim.o(i.TIM_SetIC3Prescaler)
    TIM_SetIC4Prescaler                      0x08001fa7   Thumb Code    26  stm32f10x_tim.o(i.TIM_SetIC4Prescaler)
    TIM_TimeBaseInit                         0x08001fc1   Thumb Code   122  stm32f10x_tim.o(i.TIM_TimeBaseInit)
    USART3_IRQHandler                        0x08002065   Thumb Code    30  app_usart2.o(i.USART3_IRQHandler)
    USART_Cmd                                0x08002089   Thumb Code    24  stm32f10x_usart.o(i.USART_Cmd)
    USART_DMACmd                             0x080020a1   Thumb Code    18  stm32f10x_usart.o(i.USART_DMACmd)
    USART_GetITStatus                        0x080020b3   Thumb Code    84  stm32f10x_usart.o(i.USART_GetITStatus)
    USART_ITConfig                           0x08002107   Thumb Code    74  stm32f10x_usart.o(i.USART_ITConfig)
    USART_Init                               0x08002151   Thumb Code   210  stm32f10x_usart.o(i.USART_Init)
    USART_ReceiveData                        0x08002229   Thumb Code    10  stm32f10x_usart.o(i.USART_ReceiveData)
    UsageFault_Handler                       0x08002233   Thumb Code     4  stm32f10x_it.o(i.UsageFault_Handler)
    __scatterload_copy                       0x08002259   Thumb Code    14  handlers.o(i.__scatterload_copy)
    __scatterload_null                       0x08002267   Thumb Code     2  handlers.o(i.__scatterload_null)
    __scatterload_zeroinit                   0x08002269   Thumb Code    14  handlers.o(i.__scatterload_zeroinit)
    aiPwmInit                                0x08002277   Thumb Code    54  ai_pwm.o(i.aiPwmInit)
    aiPwmPercentVolCompensate                0x080022ad   Thumb Code    54  ai_pwm.o(i.aiPwmPercentVolCompensate)
    aiPwmProcess                             0x080022e3   Thumb Code   180  ai_pwm.o(i.aiPwmProcess)
    aiPwmSetPercent                          0x08002397   Thumb Code    20  ai_pwm.o(i.aiPwmSetPercent)
    aiPwmVolCompensate                       0x080023ab   Thumb Code    40  ai_pwm.o(i.aiPwmVolCompensate)
    blink_dev_create                         0x080023d5   Thumb Code    52  blink.o(i.blink_dev_create)
    blink_dev_ctrl                           0x0800240d   Thumb Code    44  blink.o(i.blink_dev_ctrl)
    blink_dev_process                        0x08002439   Thumb Code   116  blink.o(i.blink_dev_process)
    comHwProcess                             0x080024b1   Thumb Code   160  app_usart2.o(i.comHwProcess)
    comHwRxInt                               0x08002559   Thumb Code    66  app_usart2.o(i.comHwRxInt)
    comHwSend                                0x080025a9   Thumb Code    58  app_usart2.o(i.comHwSend)
    comHwTxInt                               0x080025ed   Thumb Code    52  app_usart2.o(i.comHwTxInt)
    fifoDequeue                              0x08002665   Thumb Code   116  fifo.o(i.fifoDequeue)
    fifoEnqueue                              0x080026d9   Thumb Code   124  fifo.o(i.fifoEnqueue)
    fifoInit                                 0x08002755   Thumb Code    14  fifo.o(i.fifoInit)
    fifoPeak                                 0x08002763   Thumb Code     6  fifo.o(i.fifoPeak)
    get_tick                                 0x08002769   Thumb Code     8  module.o(i.get_tick)
    led_ctrl                                 0x08002771   Thumb Code    90  led.o(i.led_ctrl)
    main                                     0x08002819   Thumb Code    20  main.o(i.main)
    module_task_init                         0x0800282d   Thumb Code    22  module.o(i.module_task_init)
    module_task_process                      0x0800284d   Thumb Code    44  module.o(i.module_task_process)
    motorHwInit                              0x08002881   Thumb Code    88  app_pwm.o(i.motorHwInit)
    motorHwProcess                           0x080028e9   Thumb Code    44  app_pwm.o(i.motorHwProcess)
    motorLeftHwBreak                         0x08002935   Thumb Code    20  app_pwm.o(i.motorLeftHwBreak)
    motorLeftHwClk                           0x08002949   Thumb Code    22  app_pwm.o(i.motorLeftHwClk)
    motorLeftHwSetDuty                       0x08002961   Thumb Code    24  app_pwm.o(i.motorLeftHwSetDuty)
    motorLeftHwSetDuty2                      0x0800297d   Thumb Code    24  app_pwm.o(i.motorLeftHwSetDuty2)
    motorLeftHwSetPercent                    0x08002999   Thumb Code    16  app_pwm.o(i.motorLeftHwSetPercent)
    motorLeftHwSetPercent2                   0x080029b1   Thumb Code    16  app_pwm.o(i.motorLeftHwSetPercent2)
    motorLeftHwUnclk                         0x080029c9   Thumb Code    22  app_pwm.o(i.motorLeftHwUnclk)
    motorRightHwBreak                        0x080029df   Thumb Code    20  app_pwm.o(i.motorRightHwBreak)
    motorRightHwClk                          0x080029f3   Thumb Code    22  app_pwm.o(i.motorRightHwClk)
    motorRightHwSetDuty                      0x08002a09   Thumb Code    24  app_pwm.o(i.motorRightHwSetDuty)
    motorRightHwSetDuty2                     0x08002a25   Thumb Code    24  app_pwm.o(i.motorRightHwSetDuty2)
    motorRightHwSetPercent                   0x08002a41   Thumb Code    16  app_pwm.o(i.motorRightHwSetPercent)
    motorRightHwSetPercent2                  0x08002a59   Thumb Code    16  app_pwm.o(i.motorRightHwSetPercent2)
    motorRightHwUnclk                        0x08002a71   Thumb Code    22  app_pwm.o(i.motorRightHwUnclk)
    motot_pid_test                           0x08002a89   Thumb Code    24  app_motor.o(i.motot_pid_test)
    vofaComParse                             0x08002ad1   Thumb Code    82  vofa_com.o(i.vofaComParse)
    vofaCommandParse                         0x08002b29   Thumb Code   264  vofa_uart.o(i.vofaCommandParse)
    vofaJustFloatInit                        0x08002c35   Thumb Code    42  vofa_uart.o(i.vofaJustFloatInit)
    vofaSetLeftDuty                          0x08002c69   Thumb Code    12  vofa_com.o(i.vofaSetLeftDuty)
    vofaSetLeftSpeed                         0x08002c75   Thumb Code    12  vofa_com.o(i.vofaSetLeftSpeed)
    vofaSetRightDuty                         0x08002c81   Thumb Code    12  vofa_com.o(i.vofaSetRightDuty)
    vofaSetRightSpeed                        0x08002c8d   Thumb Code    12  vofa_com.o(i.vofaSetRightSpeed)
    Region$$Table$$Base                      0x08002cfc   Number         0  anon$$obj.o(Region$$Table)
    Region$$Table$$Limit                     0x08002d1c   Number         0  anon$$obj.o(Region$$Table)
    init_tbl_start                           0x08002d1c   Data           8  module.o(init.item.0)
    init_tbl_App_USART3_Init                 0x08002d24   Data           8  app_usart2.o(init.item.2)
    init_tbl_motorHwInit                     0x08002d2c   Data           8  app_pwm.o(init.item.2)
    init_tbl_App_Encoder_Init                0x08002d34   Data           8  app_encoder.o(init.item.2)
    init_tbl_led_io_init                     0x08002d3c   Data           8  led.o(init.item.2)
    init_tbl_App_Motor_Init                  0x08002d44   Data           8  app_motor.o(init.item.2)
    init_tbl_vofaJustFloatInit               0x08002d4c   Data           8  vofa_uart.o(init.item.3)
    init_tbl_end                             0x08002d54   Data           8  module.o(init.item.4)
    task_tbl_start                           0x08002d5c   Data          16  module.o(task.item.0)
    task_item_comHwProcess                   0x08002d6c   Data          16  app_usart2.o(task.item.1)
    task_item_DMA_Tx_Test                    0x08002d7c   Data          16  app_usart2.o(task.item.1)
    task_item_motorHwProcess                 0x08002d8c   Data          16  app_pwm.o(task.item.1)
    task_item_blink_dev_process              0x08002d9c   Data          16  led.o(task.item.1)
    task_item_motot_pid_test                 0x08002dac   Data          16  app_motor.o(task.item.1)
    task_item_vofaComParse                   0x08002dbc   Data          16  vofa_com.o(task.item.1)
    task_tbl_end                             0x08002dcc   Data          16  module.o(task.item.2)
    count                                    0x2000000c   Data           1  app_usart2.o(.data)
    TxBuffer1                                0x2000000d   Data          63  app_usart2.o(.data)
    pwmR                                     0x20000054   Data           4  app_pwm.o(.data)
    pwmL                                     0x20000058   Data           4  app_pwm.o(.data)
    omega_l                                  0x20000068   Data           4  app_motor.o(.data)
    omega_r                                  0x2000006c   Data           4  app_motor.o(.data)
    targetOmega                              0x20000070   Data           4  app_motor.o(.data)
    ulTicks                                  0x2000008c   Data           4  delay.o(.data)
    paracmdList                              0x2000009c   Data          32  vofa_com.o(.data)
    comHw                                    0x200000c0   Data         840  app_usart2.o(.bss)
    MotorLeftSoftForward                     0x20000408   Data          16  app_pwm.o(.bss)
    MotorLeftSoftBack                        0x20000418   Data          16  app_pwm.o(.bss)
    MotorRightSoftForward                    0x20000428   Data          16  app_pwm.o(.bss)
    MotorRightSoftBack                       0x20000438   Data          16  app_pwm.o(.bss)
    encoder_R                                0x20000448   Data          56  app_encoder.o(.bss)
    encoder_L                                0x20000480   Data          56  app_encoder.o(.bss)
    pid_motor_l                              0x200004f8   Data          40  app_motor.o(.bss)
    pid_motor_r                              0x20000520   Data          40  app_motor.o(.bss)
    JustFloat_Data                           0x20000548   Data          36  vofa_uart.o(.bss)
    vofaCommandData                          0x2000056c   Data          20  vofa_uart.o(.bss)
    __initial_sp                             0x20001580   Data           0  startup_stm32f10x_md.o(STACK)



==============================================================================

Memory Map of the image

  Image Entry point : 0x080000ed

  Load Region LR_IROM1 (Base: 0x08000000, Size: 0x00002e9c, Max: 0x00010000, ABSOLUTE)

    Execution Region ER_IROM1 (Exec base: 0x08000000, Load base: 0x08000000, Size: 0x00002ddc, Max: 0x00010000, ABSOLUTE)

    Exec Addr    Load Addr    Size         Type   Attr      Idx    E Section Name        Object

    0x08000000   0x08000000   0x000000ec   Data   RO          899    RESET               startup_stm32f10x_md.o
    0x080000ec   0x080000ec   0x00000000   Code   RO         5628  * .ARM.Collect$$$$00000000  mc_w.l(entry.o)
    0x080000ec   0x080000ec   0x00000004   Code   RO         5789    .ARM.Collect$$$$00000001  mc_w.l(entry2.o)
    0x080000f0   0x080000f0   0x00000004   Code   RO         5792    .ARM.Collect$$$$00000004  mc_w.l(entry5.o)
    0x080000f4   0x080000f4   0x00000000   Code   RO         5794    .ARM.Collect$$$$00000008  mc_w.l(entry7b.o)
    0x080000f4   0x080000f4   0x00000000   Code   RO         5796    .ARM.Collect$$$$0000000A  mc_w.l(entry8b.o)
    0x080000f4   0x080000f4   0x00000008   Code   RO         5797    .ARM.Collect$$$$0000000B  mc_w.l(entry9a.o)
    0x080000fc   0x080000fc   0x00000004   Code   RO         5804    .ARM.Collect$$$$0000000E  mc_w.l(entry12b.o)
    0x08000100   0x08000100   0x00000000   Code   RO         5799    .ARM.Collect$$$$0000000F  mc_w.l(entry10a.o)
    0x08000100   0x08000100   0x00000000   Code   RO         5801    .ARM.Collect$$$$00000011  mc_w.l(entry11a.o)
    0x08000100   0x08000100   0x00000004   Code   RO         5790    .ARM.Collect$$$$00002712  mc_w.l(entry2.o)
    0x08000104   0x08000104   0x00000024   Code   RO          900    .text               startup_stm32f10x_md.o
    0x08000128   0x08000128   0x00000024   Code   RO         5631    .text               mc_w.l(memcpya.o)
    0x0800014c   0x0800014c   0x00000024   Code   RO         5633    .text               mc_w.l(memseta.o)
    0x08000170   0x08000170   0x000000b0   Code   RO         5695    .text               mf_w.l(fadd.o)
    0x08000220   0x08000220   0x00000064   Code   RO         5697    .text               mf_w.l(fmul.o)
    0x08000284   0x08000284   0x0000007c   Code   RO         5699    .text               mf_w.l(fdiv.o)
    0x08000300   0x08000300   0x000000e4   Code   RO         5703    .text               mf_w.l(dmul.o)
    0x080003e4   0x080003e4   0x000000de   Code   RO         5705    .text               mf_w.l(ddiv.o)
    0x080004c2   0x080004c2   0x00000012   Code   RO         5707    .text               mf_w.l(fflti.o)
    0x080004d4   0x080004d4   0x0000000a   Code   RO         5709    .text               mf_w.l(ffltui.o)
    0x080004de   0x080004de   0x0000001c   Code   RO         5711    .text               mf_w.l(ffltul.o)
    0x080004fa   0x080004fa   0x0000001a   Code   RO         5715    .text               mf_w.l(dfltui.o)
    0x08000514   0x08000514   0x00000028   Code   RO         5719    .text               mf_w.l(ffixui.o)
    0x0800053c   0x0800053c   0x00000026   Code   RO         5727    .text               mf_w.l(f2d.o)
    0x08000562   0x08000562   0x00000038   Code   RO         5731    .text               mf_w.l(d2f.o)
    0x0800059a   0x0800059a   0x00000002   PAD
    0x0800059c   0x0800059c   0x00000014   Code   RO         5733    .text               mf_w.l(cfcmple.o)
    0x080005b0   0x080005b0   0x00000014   Code   RO         5735    .text               mf_w.l(cfrcmple.o)
    0x080005c4   0x080005c4   0x0000001e   Code   RO         5812    .text               mc_w.l(llshl.o)
    0x080005e2   0x080005e2   0x00000020   Code   RO         5814    .text               mc_w.l(llushr.o)
    0x08000602   0x08000602   0x00000000   Code   RO         5827    .text               mc_w.l(iusefp.o)
    0x08000602   0x08000602   0x0000006e   Code   RO         5828    .text               mf_w.l(fepilogue.o)
    0x08000670   0x08000670   0x000000ba   Code   RO         5834    .text               mf_w.l(depilogue.o)
    0x0800072a   0x0800072a   0x00000002   PAD
    0x0800072c   0x0800072c   0x00000024   Code   RO         5846    .text               mc_w.l(init.o)
    0x08000750   0x08000750   0x00000080   Code   RO          269    i.ADC1_2_IRQHandler  app_bat.o
    0x080007d0   0x080007d0   0x00000006   Code   RO          959    i.ADC_ClearFlag     stm32f10x_adc.o
    0x080007d6   0x080007d6   0x00000012   Code   RO          972    i.ADC_GetFlagStatus  stm32f10x_adc.o
    0x080007e8   0x080007e8   0x0000001c   Code   RO          974    i.ADC_GetInjectedConversionValue  stm32f10x_adc.o
    0x08000804   0x08000804   0x00000008   Code   RO          271    i.App_Bat_Get       app_bat.o
    0x0800080c   0x0800080c   0x00000038   Code   RO          661    i.App_EncoderInst_Init  app_encoder.o
    0x08000844   0x08000844   0x0000008c   Code   RO          664    i.App_Encoder_GetSpeed  app_encoder.o
    0x080008d0   0x080008d0   0x00000010   Code   RO          665    i.App_Encoder_GetSpeed_L  app_encoder.o
    0x080008e0   0x080008e0   0x00000014   Code   RO          666    i.App_Encoder_GetSpeed_R  app_encoder.o
    0x080008f4   0x080008f4   0x0000003c   Code   RO          667    i.App_Encoder_Init  app_encoder.o
    0x08000930   0x08000930   0x0000004c   Code   RO          831    i.App_Motor_Init    app_motor.o
    0x0800097c   0x0800097c   0x0000007c   Code   RO          832    i.App_Motor_Proc    app_motor.o
    0x080009f8   0x080009f8   0x00000014   Code   RO          833    i.App_Motor_SetOmega_L  app_motor.o
    0x08000a0c   0x08000a0c   0x00000014   Code   RO          834    i.App_Motor_SetOmega_R  app_motor.o
    0x08000a20   0x08000a20   0x00000118   Code   RO          486    i.App_PWM_Init      app_pwm.o
    0x08000b38   0x08000b38   0x00000104   Code   RO          331    i.App_USART3_Init   app_usart2.o
    0x08000c3c   0x08000c3c   0x00000004   Code   RO          193    i.BusFault_Handler  stm32f10x_it.o
    0x08000c40   0x08000c40   0x00000016   Code   RO          332    i.DMA1_Channel2_IRQHandler  app_usart2.o
    0x08000c56   0x08000c56   0x0000001a   Code   RO          333    i.DMA1_Channel3_IRQHandler  app_usart2.o
    0x08000c70   0x08000c70   0x0000001c   Code   RO         1729    i.DMA_ClearITPendingBit  stm32f10x_dma.o
    0x08000c8c   0x08000c8c   0x00000018   Code   RO         1730    i.DMA_Cmd           stm32f10x_dma.o
    0x08000ca4   0x08000ca4   0x000000a8   Code   RO          334    i.DMA_Configuration  app_usart2.o
    0x08000d4c   0x08000d4c   0x0000014c   Code   RO         1731    i.DMA_DeInit        stm32f10x_dma.o
    0x08000e98   0x08000e98   0x00000008   Code   RO         1732    i.DMA_GetCurrDataCounter  stm32f10x_dma.o
    0x08000ea0   0x08000ea0   0x0000002c   Code   RO         1734    i.DMA_GetITStatus   stm32f10x_dma.o
    0x08000ecc   0x08000ecc   0x00000012   Code   RO         1735    i.DMA_ITConfig      stm32f10x_dma.o
    0x08000ede   0x08000ede   0x0000003c   Code   RO         1736    i.DMA_Init          stm32f10x_dma.o
    0x08000f1a   0x08000f1a   0x00000002   PAD
    0x08000f1c   0x08000f1c   0x00000010   Code   RO          335    i.DMA_Tx_Test       app_usart2.o
    0x08000f2c   0x08000f2c   0x00000002   Code   RO          194    i.DebugMon_Handler  stm32f10x_it.o
    0x08000f2e   0x08000f2e   0x00000002   PAD
    0x08000f30   0x08000f30   0x000000d4   Code   RO         4152    i.Delay_Init        delay.o
    0x08001004   0x08001004   0x00000080   Code   RO          668    i.Encoder_L_Init    app_encoder.o
    0x08001084   0x08001084   0x000000c0   Code   RO          669    i.Encoder_R_Init    app_encoder.o
    0x08001144   0x08001144   0x00000116   Code   RO         2202    i.GPIO_Init         stm32f10x_gpio.o
    0x0800125a   0x0800125a   0x00000002   PAD
    0x0800125c   0x0800125c   0x00000090   Code   RO         2204    i.GPIO_PinRemapConfig  stm32f10x_gpio.o
    0x080012ec   0x080012ec   0x00000010   Code   RO         4153    i.GetTick           delay.o
    0x080012fc   0x080012fc   0x00000080   Code   RO         4154    i.GetUs             delay.o
    0x0800137c   0x0800137c   0x0000003c   Code   RO          489    i.HW_PWM_Set_L      app_pwm.o
    0x080013b8   0x080013b8   0x0000003c   Code   RO          490    i.HW_PWM_Set_R      app_pwm.o
    0x080013f4   0x080013f4   0x00000004   Code   RO          195    i.HardFault_Handler  stm32f10x_it.o
    0x080013f8   0x080013f8   0x00000004   Code   RO          196    i.MemManage_Handler  stm32f10x_it.o
    0x080013fc   0x080013fc   0x00000002   Code   RO          197    i.NMI_Handler       stm32f10x_it.o
    0x080013fe   0x080013fe   0x00000002   PAD
    0x08001400   0x08001400   0x00000070   Code   RO          907    i.NVIC_Init         misc.o
    0x08001470   0x08001470   0x00000014   Code   RO          908    i.NVIC_PriorityGroupConfig  misc.o
    0x08001484   0x08001484   0x00000004   Code   RO         4900    i.PID_ChangeSP      pid.o
    0x08001488   0x08001488   0x000000fc   Code   RO         4901    i.PID_Compute       pid.o
    0x08001584   0x08001584   0x00000028   Code   RO         4902    i.PID_Init          pid.o
    0x080015ac   0x080015ac   0x00000006   Code   RO         4903    i.PID_LimitConfig   pid.o
    0x080015b2   0x080015b2   0x0000003c   Code   RO         5279    i.PT1Filter_Apply   filter.o
    0x080015ee   0x080015ee   0x00000028   Code   RO         5280    i.PT1Filter_Init    filter.o
    0x08001616   0x08001616   0x00000002   PAD
    0x08001618   0x08001618   0x00000034   Code   RO         5281    i.PT1Filter_InitWithFreq  filter.o
    0x0800164c   0x0800164c   0x00000002   Code   RO          198    i.PendSV_Handler    stm32f10x_it.o
    0x0800164e   0x0800164e   0x00000002   PAD
    0x08001650   0x08001650   0x00000020   Code   RO         2665    i.RCC_AHBPeriphClockCmd  stm32f10x_rcc.o
    0x08001670   0x08001670   0x00000020   Code   RO         2666    i.RCC_APB1PeriphClockCmd  stm32f10x_rcc.o
    0x08001690   0x08001690   0x00000020   Code   RO         2668    i.RCC_APB2PeriphClockCmd  stm32f10x_rcc.o
    0x080016b0   0x080016b0   0x000000d4   Code   RO         2676    i.RCC_GetClocksFreq  stm32f10x_rcc.o
    0x08001784   0x08001784   0x00000002   Code   RO          199    i.SVC_Handler       stm32f10x_it.o
    0x08001786   0x08001786   0x00000008   Code   RO          147    i.SetSysClock       system_stm32f10x.o
    0x0800178e   0x0800178e   0x00000002   PAD
    0x08001790   0x08001790   0x000000e0   Code   RO          148    i.SetSysClockTo72   system_stm32f10x.o
    0x08001870   0x08001870   0x0000001c   Code   RO          200    i.SysTick_Handler   stm32f10x_it.o
    0x0800188c   0x0800188c   0x00000060   Code   RO          150    i.SystemInit        system_stm32f10x.o
    0x080018ec   0x080018ec   0x00000080   Code   RO         3332    i.TI1_Config        stm32f10x_tim.o
    0x0800196c   0x0800196c   0x00000098   Code   RO         3333    i.TI2_Config        stm32f10x_tim.o
    0x08001a04   0x08001a04   0x00000090   Code   RO         3334    i.TI3_Config        stm32f10x_tim.o
    0x08001a94   0x08001a94   0x00000098   Code   RO         3335    i.TI4_Config        stm32f10x_tim.o
    0x08001b2c   0x08001b2c   0x00000018   Code   RO         3336    i.TIM_ARRPreloadConfig  stm32f10x_tim.o
    0x08001b44   0x08001b44   0x00000018   Code   RO         3348    i.TIM_Cmd           stm32f10x_tim.o
    0x08001b5c   0x08001b5c   0x0000001e   Code   RO         3350    i.TIM_CtrlPWMOutputs  stm32f10x_tim.o
    0x08001b7a   0x08001b7a   0x00000042   Code   RO         3357    i.TIM_EncoderInterfaceConfig  stm32f10x_tim.o
    0x08001bbc   0x08001bbc   0x00000006   Code   RO         3363    i.TIM_GetCapture1   stm32f10x_tim.o
    0x08001bc2   0x08001bc2   0x00000006   Code   RO         3364    i.TIM_GetCapture2   stm32f10x_tim.o
    0x08001bc8   0x08001bc8   0x00000006   Code   RO         3365    i.TIM_GetCapture3   stm32f10x_tim.o
    0x08001bce   0x08001bce   0x00000008   Code   RO         3366    i.TIM_GetCapture4   stm32f10x_tim.o
    0x08001bd6   0x08001bd6   0x00000006   Code   RO         3367    i.TIM_GetCounter    stm32f10x_tim.o
    0x08001bdc   0x08001bdc   0x000000ac   Code   RO         3371    i.TIM_ICInit        stm32f10x_tim.o
    0x08001c88   0x08001c88   0x00000012   Code   RO         3372    i.TIM_ICStructInit  stm32f10x_tim.o
    0x08001c9a   0x08001c9a   0x00000002   PAD
    0x08001c9c   0x08001c9c   0x00000098   Code   RO         3377    i.TIM_OC1Init       stm32f10x_tim.o
    0x08001d34   0x08001d34   0x00000012   Code   RO         3380    i.TIM_OC1PreloadConfig  stm32f10x_tim.o
    0x08001d46   0x08001d46   0x00000002   PAD
    0x08001d48   0x08001d48   0x000000a4   Code   RO         3382    i.TIM_OC2Init       stm32f10x_tim.o
    0x08001dec   0x08001dec   0x0000001a   Code   RO         3385    i.TIM_OC2PreloadConfig  stm32f10x_tim.o
    0x08001e06   0x08001e06   0x00000002   PAD
    0x08001e08   0x08001e08   0x000000a0   Code   RO         3387    i.TIM_OC3Init       stm32f10x_tim.o
    0x08001ea8   0x08001ea8   0x00000012   Code   RO         3390    i.TIM_OC3PreloadConfig  stm32f10x_tim.o
    0x08001eba   0x08001eba   0x00000002   PAD
    0x08001ebc   0x08001ebc   0x0000007c   Code   RO         3392    i.TIM_OC4Init       stm32f10x_tim.o
    0x08001f38   0x08001f38   0x0000001a   Code   RO         3394    i.TIM_OC4PreloadConfig  stm32f10x_tim.o
    0x08001f52   0x08001f52   0x00000004   Code   RO         3409    i.TIM_SetCompare1   stm32f10x_tim.o
    0x08001f56   0x08001f56   0x00000004   Code   RO         3410    i.TIM_SetCompare2   stm32f10x_tim.o
    0x08001f5a   0x08001f5a   0x00000004   Code   RO         3411    i.TIM_SetCompare3   stm32f10x_tim.o
    0x08001f5e   0x08001f5e   0x00000006   Code   RO         3412    i.TIM_SetCompare4   stm32f10x_tim.o
    0x08001f64   0x08001f64   0x00000004   Code   RO         3413    i.TIM_SetCounter    stm32f10x_tim.o
    0x08001f68   0x08001f68   0x00000012   Code   RO         3414    i.TIM_SetIC1Prescaler  stm32f10x_tim.o
    0x08001f7a   0x08001f7a   0x0000001a   Code   RO         3415    i.TIM_SetIC2Prescaler  stm32f10x_tim.o
    0x08001f94   0x08001f94   0x00000012   Code   RO         3416    i.TIM_SetIC3Prescaler  stm32f10x_tim.o
    0x08001fa6   0x08001fa6   0x0000001a   Code   RO         3417    i.TIM_SetIC4Prescaler  stm32f10x_tim.o
    0x08001fc0   0x08001fc0   0x000000a4   Code   RO         3419    i.TIM_TimeBaseInit  stm32f10x_tim.o
    0x08002064   0x08002064   0x00000024   Code   RO          336    i.USART3_IRQHandler  app_usart2.o
    0x08002088   0x08002088   0x00000018   Code   RO         3896    i.USART_Cmd         stm32f10x_usart.o
    0x080020a0   0x080020a0   0x00000012   Code   RO         3897    i.USART_DMACmd      stm32f10x_usart.o
    0x080020b2   0x080020b2   0x00000054   Code   RO         3900    i.USART_GetITStatus  stm32f10x_usart.o
    0x08002106   0x08002106   0x0000004a   Code   RO         3902    i.USART_ITConfig    stm32f10x_usart.o
    0x08002150   0x08002150   0x000000d8   Code   RO         3903    i.USART_Init        stm32f10x_usart.o
    0x08002228   0x08002228   0x0000000a   Code   RO         3910    i.USART_ReceiveData  stm32f10x_usart.o
    0x08002232   0x08002232   0x00000004   Code   RO          201    i.UsageFault_Handler  stm32f10x_it.o
    0x08002236   0x08002236   0x00000022   Code   RO          337    i.__NVIC_EnableIRQ  app_usart2.o
    0x08002258   0x08002258   0x0000000e   Code   RO         5856    i.__scatterload_copy  mc_w.l(handlers.o)
    0x08002266   0x08002266   0x00000002   Code   RO         5857    i.__scatterload_null  mc_w.l(handlers.o)
    0x08002268   0x08002268   0x0000000e   Code   RO         5858    i.__scatterload_zeroinit  mc_w.l(handlers.o)
    0x08002276   0x08002276   0x00000036   Code   RO         4984    i.aiPwmInit         ai_pwm.o
    0x080022ac   0x080022ac   0x00000036   Code   RO         4985    i.aiPwmPercentVolCompensate  ai_pwm.o
    0x080022e2   0x080022e2   0x000000b4   Code   RO         4986    i.aiPwmProcess      ai_pwm.o
    0x08002396   0x08002396   0x00000014   Code   RO         4987    i.aiPwmSetPercent   ai_pwm.o
    0x080023aa   0x080023aa   0x00000028   Code   RO         4988    i.aiPwmVolCompensate  ai_pwm.o
    0x080023d2   0x080023d2   0x00000002   PAD
    0x080023d4   0x080023d4   0x00000038   Code   RO         5131    i.blink_dev_create  blink.o
    0x0800240c   0x0800240c   0x0000002c   Code   RO         5132    i.blink_dev_ctrl    blink.o
    0x08002438   0x08002438   0x00000078   Code   RO         5133    i.blink_dev_process  blink.o
    0x080024b0   0x080024b0   0x000000a8   Code   RO          338    i.comHwProcess      app_usart2.o
    0x08002558   0x08002558   0x00000050   Code   RO          339    i.comHwRxInt        app_usart2.o
    0x080025a8   0x080025a8   0x00000044   Code   RO          340    i.comHwSend         app_usart2.o
    0x080025ec   0x080025ec   0x0000003c   Code   RO          341    i.comHwTxInt        app_usart2.o
    0x08002628   0x08002628   0x0000000e   Code   RO          671    i.encoder_L_Read    app_encoder.o
    0x08002636   0x08002636   0x0000000e   Code   RO          672    i.encoder_L_clr     app_encoder.o
    0x08002644   0x08002644   0x00000010   Code   RO          673    i.encoder_R_Read    app_encoder.o
    0x08002654   0x08002654   0x00000010   Code   RO          674    i.encoder_R_clr     app_encoder.o
    0x08002664   0x08002664   0x00000074   Code   RO         5232    i.fifoDequeue       fifo.o
    0x080026d8   0x080026d8   0x0000007c   Code   RO         5234    i.fifoEnqueue       fifo.o
    0x08002754   0x08002754   0x0000000e   Code   RO         5236    i.fifoInit          fifo.o
    0x08002762   0x08002762   0x00000006   Code   RO         5237    i.fifoPeak          fifo.o
    0x08002768   0x08002768   0x00000008   Code   RO         5174    i.get_tick          module.o
    0x08002770   0x08002770   0x00000060   Code   RO          772    i.led_ctrl          led.o
    0x080027d0   0x080027d0   0x00000048   Code   RO          773    i.led_io_init       led.o
    0x08002818   0x08002818   0x00000014   Code   RO            4    i.main              main.o
    0x0800282c   0x0800282c   0x00000020   Code   RO         5176    i.module_task_init  module.o
    0x0800284c   0x0800284c   0x00000034   Code   RO         5177    i.module_task_process  module.o
    0x08002880   0x08002880   0x00000068   Code   RO          492    i.motorHwInit       app_pwm.o
    0x080028e8   0x080028e8   0x0000004c   Code   RO          493    i.motorHwProcess    app_pwm.o
    0x08002934   0x08002934   0x00000014   Code   RO          494    i.motorLeftHwBreak  app_pwm.o
    0x08002948   0x08002948   0x00000016   Code   RO          495    i.motorLeftHwClk    app_pwm.o
    0x0800295e   0x0800295e   0x00000002   PAD
    0x08002960   0x08002960   0x0000001c   Code   RO          496    i.motorLeftHwSetDuty  app_pwm.o
    0x0800297c   0x0800297c   0x0000001c   Code   RO          497    i.motorLeftHwSetDuty2  app_pwm.o
    0x08002998   0x08002998   0x00000018   Code   RO          498    i.motorLeftHwSetPercent  app_pwm.o
    0x080029b0   0x080029b0   0x00000018   Code   RO          499    i.motorLeftHwSetPercent2  app_pwm.o
    0x080029c8   0x080029c8   0x00000016   Code   RO          500    i.motorLeftHwUnclk  app_pwm.o
    0x080029de   0x080029de   0x00000014   Code   RO          501    i.motorRightHwBreak  app_pwm.o
    0x080029f2   0x080029f2   0x00000016   Code   RO          502    i.motorRightHwClk   app_pwm.o
    0x08002a08   0x08002a08   0x0000001c   Code   RO          503    i.motorRightHwSetDuty  app_pwm.o
    0x08002a24   0x08002a24   0x0000001c   Code   RO          504    i.motorRightHwSetDuty2  app_pwm.o
    0x08002a40   0x08002a40   0x00000018   Code   RO          505    i.motorRightHwSetPercent  app_pwm.o
    0x08002a58   0x08002a58   0x00000018   Code   RO          506    i.motorRightHwSetPercent2  app_pwm.o
    0x08002a70   0x08002a70   0x00000016   Code   RO          507    i.motorRightHwUnclk  app_pwm.o
    0x08002a86   0x08002a86   0x00000002   PAD
    0x08002a88   0x08002a88   0x00000020   Code   RO          835    i.motot_pid_test    app_motor.o
    0x08002aa8   0x08002aa8   0x00000002   Code   RO         5178    i.nop_process       module.o
    0x08002aaa   0x08002aaa   0x00000002   PAD
    0x08002aac   0x08002aac   0x00000024   Code   RO          774    i.red_led_ctrl      led.o
    0x08002ad0   0x08002ad0   0x00000058   Code   RO         5525    i.vofaComParse      vofa_com.o
    0x08002b28   0x08002b28   0x0000010c   Code   RO         5444    i.vofaCommandParse  vofa_uart.o
    0x08002c34   0x08002c34   0x00000034   Code   RO         5445    i.vofaJustFloatInit  vofa_uart.o
    0x08002c68   0x08002c68   0x0000000c   Code   RO         5526    i.vofaSetLeftDuty   vofa_com.o
    0x08002c74   0x08002c74   0x0000000c   Code   RO         5527    i.vofaSetLeftSpeed  vofa_com.o
    0x08002c80   0x08002c80   0x0000000c   Code   RO         5528    i.vofaSetRightDuty  vofa_com.o
    0x08002c8c   0x08002c8c   0x0000000c   Code   RO         5529    i.vofaSetRightSpeed  vofa_com.o
    0x08002c98   0x08002c98   0x00000020   Data   RO          343    .conststrlit        app_usart2.o
    0x08002cb8   0x08002cb8   0x00000004   Data   RO          509    .conststrlit        app_pwm.o
    0x08002cbc   0x08002cbc   0x00000008   Data   RO          676    .conststrlit        app_encoder.o
    0x08002cc4   0x08002cc4   0x00000004   Data   RO          776    .conststrlit        led.o
    0x08002cc8   0x08002cc8   0x00000006   Data   RO          837    .conststrlit        app_motor.o
    0x08002cce   0x08002cce   0x00000002   PAD
    0x08002cd0   0x08002cd0   0x00000001   Data   RO         5180    .conststrlit        module.o
    0x08002cd1   0x08002cd1   0x00000003   PAD
    0x08002cd4   0x08002cd4   0x00000012   Data   RO         5451    .conststrlit        vofa_uart.o
    0x08002ce6   0x08002ce6   0x00000002   PAD
    0x08002ce8   0x08002ce8   0x00000011   Data   RO         5530    .conststrlit        vofa_com.o
    0x08002cf9   0x08002cf9   0x00000003   PAD
    0x08002cfc   0x08002cfc   0x00000020   Data   RO         5854    Region$$Table       anon$$obj.o
    0x08002d1c   0x08002d1c   0x00000008   Data   RO         5182    init.item.0         module.o
    0x08002d24   0x08002d24   0x00000008   Data   RO          345    init.item.2         app_usart2.o
    0x08002d2c   0x08002d2c   0x00000008   Data   RO          511    init.item.2         app_pwm.o
    0x08002d34   0x08002d34   0x00000008   Data   RO          678    init.item.2         app_encoder.o
    0x08002d3c   0x08002d3c   0x00000008   Data   RO          778    init.item.2         led.o
    0x08002d44   0x08002d44   0x00000008   Data   RO          839    init.item.2         app_motor.o
    0x08002d4c   0x08002d4c   0x00000008   Data   RO         5452    init.item.3         vofa_uart.o
    0x08002d54   0x08002d54   0x00000008   Data   RO         5183    init.item.4         module.o
    0x08002d5c   0x08002d5c   0x00000010   Data   RO         5184    task.item.0         module.o
    0x08002d6c   0x08002d6c   0x00000020   Data   RO          346    task.item.1         app_usart2.o
    0x08002d8c   0x08002d8c   0x00000010   Data   RO          512    task.item.1         app_pwm.o
    0x08002d9c   0x08002d9c   0x00000010   Data   RO          779    task.item.1         led.o
    0x08002dac   0x08002dac   0x00000010   Data   RO          840    task.item.1         app_motor.o
    0x08002dbc   0x08002dbc   0x00000010   Data   RO         5532    task.item.1         vofa_com.o
    0x08002dcc   0x08002dcc   0x00000010   Data   RO         5185    task.item.2         module.o


    Execution Region RW_IRAM1 (Exec base: 0x20000000, Load base: 0x08002ddc, Size: 0x00001580, Max: 0x00005000, ABSOLUTE)

    Exec Addr    Load Addr    Size         Type   Attr      Idx    E Section Name        Object

    0x20000000   0x08002ddc   0x00000009   Data   RW          276    .data               app_bat.o
    0x20000009   0x08002de5   0x00000003   PAD
    0x2000000c   0x08002de8   0x00000048   Data   RW          344    .data               app_usart2.o
    0x20000054   0x08002e30   0x00000010   Data   RW          510    .data               app_pwm.o
    0x20000064   0x08002e40   0x00000004   Data   RW          777    .data               led.o
    0x20000068   0x08002e44   0x00000010   Data   RW          838    .data               app_motor.o
    0x20000078   0x08002e54   0x00000014   Data   RW         2696    .data               stm32f10x_rcc.o
    0x2000008c   0x08002e68   0x0000000c   Data   RW         4155    .data               delay.o
    0x20000098   0x08002e74   0x00000004   Data   RW         5134    .data               blink.o
    0x2000009c   0x08002e78   0x00000024   Data   RW         5531    .data               vofa_com.o
    0x200000c0        -       0x00000348   Zero   RW          342    .bss                app_usart2.o
    0x20000408        -       0x00000040   Zero   RW          508    .bss                app_pwm.o
    0x20000448        -       0x00000070   Zero   RW          675    .bss                app_encoder.o
    0x200004b8        -       0x0000003c   Zero   RW          775    .bss                led.o
    0x200004f4   0x08002e9c   0x00000004   PAD
    0x200004f8        -       0x00000050   Zero   RW          836    .bss                app_motor.o
    0x20000548        -       0x00000038   Zero   RW         5450    .bss                vofa_uart.o
    0x20000580        -       0x00001000   Zero   RW          897    STACK               startup_stm32f10x_md.o


==============================================================================

Image component sizes


      Code (inc. data)   RO Data    RW Data    ZI Data      Debug   Object Name

       348          0          0          0          0       4310   ai_pwm.o
       136         26          0          9          0       1170   app_bat.o
       672         90         16          0        112       7485   app_encoder.o
       272         66         30         16         80       4040   app_motor.o
       916        108         28         16         64      14431   app_pwm.o
       938         76         72         72        840      37525   app_usart2.o
       220          8          0          4          0       4492   blink.o
       356         34          0         12          0       2229   delay.o
       260          0          0          0          0       3646   fifo.o
       152          6          0          0          0       2932   filter.o
       204         26         28          4         60       3346   led.o
        20          0          0          0          0     274539   main.o
       132         22          0          0          0       1615   misc.o
        94         18         49          0          0       2634   module.o
       302         12          0          0          0       3194   pid.o
        36          8        236          0       4096        784   startup_stm32f10x_md.o
        52          0          0          0          0       3929   stm32f10x_adc.o
       514         26          0          0          0       5716   stm32f10x_dma.o
       422          6          0          0          0       2878   stm32f10x_gpio.o
        52          4          0          0          0       3698   stm32f10x_it.o
       308         38          0         20          0       5046   stm32f10x_rcc.o
      1904        200          0          0          0      20360   stm32f10x_tim.o
       426          6          0          0          0       5601   stm32f10x_usart.o
       328         28          0          0          0       1925   system_stm32f10x.o
       136          6         33         36          0       4953   vofa_com.o
       320         50         26          0         56       3387   vofa_uart.o

    ----------------------------------------------------------------------
      9550        864        560        192       5312     425865   Object Totals
         0          0         32          0          0          0   (incl. Generated)
        30          0         10          3          4          0   (incl. Padding)

    ----------------------------------------------------------------------

      Code (inc. data)   RO Data    RW Data    ZI Data      Debug   Library Member Name

         0          0          0          0          0          0   entry.o
         0          0          0          0          0          0   entry10a.o
         0          0          0          0          0          0   entry11a.o
         4          0          0          0          0          0   entry12b.o
         8          4          0          0          0          0   entry2.o
         4          0          0          0          0          0   entry5.o
         0          0          0          0          0          0   entry7b.o
         0          0          0          0          0          0   entry8b.o
         8          4          0          0          0          0   entry9a.o
        30          0          0          0          0          0   handlers.o
        36          8          0          0          0         68   init.o
         0          0          0          0          0          0   iusefp.o
        30          0          0          0          0         68   llshl.o
        32          0          0          0          0         68   llushr.o
        36          0          0          0          0         68   memcpya.o
        36          0          0          0          0        108   memseta.o
        20          0          0          0          0         68   cfcmple.o
        20          0          0          0          0         68   cfrcmple.o
        56          0          0          0          0         88   d2f.o
       222          0          0          0          0        100   ddiv.o
       186          0          0          0          0        176   depilogue.o
        26          0          0          0          0         76   dfltui.o
       228          0          0          0          0         96   dmul.o
        38          0          0          0          0         68   f2d.o
       176          0          0          0          0        140   fadd.o
       124          0          0          0          0         88   fdiv.o
       110          0          0          0          0        168   fepilogue.o
        40          0          0          0          0         68   ffixui.o
        18          0          0          0          0         68   fflti.o
        10          0          0          0          0         68   ffltui.o
        28          0          0          0          0         84   ffltul.o
       100          0          0          0          0         76   fmul.o

    ----------------------------------------------------------------------
      1630         16          0          0          0       1880   Library Totals
         4          0          0          0          0          0   (incl. Padding)

    ----------------------------------------------------------------------

      Code (inc. data)   RO Data    RW Data    ZI Data      Debug   Library Name

       224         16          0          0          0        380   mc_w.l
      1402          0          0          0          0       1500   mf_w.l

    ----------------------------------------------------------------------
      1630         16          0          0          0       1880   Library Totals

    ----------------------------------------------------------------------

==============================================================================


      Code (inc. data)   RO Data    RW Data    ZI Data      Debug   

     11180        880        560        192       5312     419161   Grand Totals
     11180        880        560        192       5312     419161   ELF Image Totals
     11180        880        560        192          0          0   ROM Totals

==============================================================================

    Total RO  Size (Code + RO Data)                11740 (  11.46kB)
    Total RW  Size (RW Data + ZI Data)              5504 (   5.38kB)
    Total ROM Size (Code + RO Data + RW Data)      11932 (  11.65kB)

==============================================================================

