Component: ARM Compiler 5.06 update 7 (build 960) Tool: armlink [4d3601]

==============================================================================

Section Cross References

    main.o(i.main) refers to misc.o(i.NVIC_PriorityGroupConfig) for NVIC_PriorityGroupConfig
    main.o(i.main) refers to module.o(i.module_task_init) for module_task_init
    main.o(i.main) refers to module.o(i.module_task_process) for module_task_process
    system_stm32f10x.o(i.SetSysClock) refers to system_stm32f10x.o(i.SetSysClockTo72) for SetSysClockTo72
    system_stm32f10x.o(i.SystemCoreClockUpdate) refers to system_stm32f10x.o(.data) for SystemCoreClock
    system_stm32f10x.o(i.SystemInit) refers to system_stm32f10x.o(i.SetSysClock) for SetSysClock
    stm32f10x_it.o(i.SysTick_Handler) refers to delay.o(.data) for ulTicks
    app_bat.o(i.ADC1_2_IRQHandler) refers to stm32f10x_adc.o(i.ADC_GetFlagStatus) for ADC_GetFlagStatus
    app_bat.o(i.ADC1_2_IRQHandler) refers to stm32f10x_adc.o(i.ADC_ClearFlag) for ADC_ClearFlag
    app_bat.o(i.ADC1_2_IRQHandler) refers to stm32f10x_adc.o(i.ADC_GetInjectedConversionValue) for ADC_GetInjectedConversionValue
    app_bat.o(i.ADC1_2_IRQHandler) refers to ffltui.o(.text) for __aeabi_ui2f
    app_bat.o(i.ADC1_2_IRQHandler) refers to fdiv.o(.text) for __aeabi_fdiv
    app_bat.o(i.ADC1_2_IRQHandler) refers to f2d.o(.text) for __aeabi_f2d
    app_bat.o(i.ADC1_2_IRQHandler) refers to dmul.o(.text) for __aeabi_dmul
    app_bat.o(i.ADC1_2_IRQHandler) refers to ddiv.o(.text) for __aeabi_ddiv
    app_bat.o(i.ADC1_2_IRQHandler) refers to d2f.o(.text) for __aeabi_d2f
    app_bat.o(i.ADC1_2_IRQHandler) refers to app_bat.o(.data) for vbat
    app_bat.o(i.ADC1_Init) refers to stm32f10x_rcc.o(i.RCC_ADCCLKConfig) for RCC_ADCCLKConfig
    app_bat.o(i.ADC1_Init) refers to stm32f10x_rcc.o(i.RCC_APB2PeriphClockCmd) for RCC_APB2PeriphClockCmd
    app_bat.o(i.ADC1_Init) refers to stm32f10x_gpio.o(i.GPIO_Init) for GPIO_Init
    app_bat.o(i.ADC1_Init) refers to memseta.o(.text) for __aeabi_memclr4
    app_bat.o(i.ADC1_Init) refers to stm32f10x_adc.o(i.ADC_Init) for ADC_Init
    app_bat.o(i.ADC1_Init) refers to stm32f10x_adc.o(i.ADC_ExternalTrigInjectedConvConfig) for ADC_ExternalTrigInjectedConvConfig
    app_bat.o(i.ADC1_Init) refers to stm32f10x_adc.o(i.ADC_ExternalTrigInjectedConvCmd) for ADC_ExternalTrigInjectedConvCmd
    app_bat.o(i.ADC1_Init) refers to stm32f10x_adc.o(i.ADC_InjectedChannelConfig) for ADC_InjectedChannelConfig
    app_bat.o(i.ADC1_Init) refers to stm32f10x_adc.o(i.ADC_ITConfig) for ADC_ITConfig
    app_bat.o(i.ADC1_Init) refers to misc.o(i.NVIC_Init) for NVIC_Init
    app_bat.o(i.ADC1_Init) refers to stm32f10x_adc.o(i.ADC_Cmd) for ADC_Cmd
    app_bat.o(i.App_Bat_Init) refers to app_bat.o(i.TIM2_TRGO_Init) for TIM2_TRGO_Init
    app_bat.o(i.App_Bat_Init) refers to app_bat.o(i.ADC1_Init) for ADC1_Init
    app_bat.o(i.App_Bat_Init) refers to app_bat.o(i.LED_Init) for LED_Init
    app_bat.o(i.App_Bat_Proc) refers to f2d.o(.text) for __aeabi_f2d
    app_bat.o(i.App_Bat_Proc) refers to cdrcmple.o(.text) for __aeabi_cdrcmple
    app_bat.o(i.App_Bat_Proc) refers to stm32f10x_gpio.o(i.GPIO_WriteBit) for GPIO_WriteBit
    app_bat.o(i.App_Bat_Proc) refers to cfrcmple.o(.text) for __aeabi_cfrcmple
    app_bat.o(i.App_Bat_Proc) refers to delay.o(i.GetTick) for GetTick
    app_bat.o(i.App_Bat_Proc) refers to app_bat.o(.data) for vbat
    app_bat.o(i.LED_Init) refers to stm32f10x_rcc.o(i.RCC_APB2PeriphClockCmd) for RCC_APB2PeriphClockCmd
    app_bat.o(i.LED_Init) refers to stm32f10x_gpio.o(i.GPIO_Init) for GPIO_Init
    app_bat.o(i.TIM2_TRGO_Init) refers to stm32f10x_rcc.o(i.RCC_APB1PeriphClockCmd) for RCC_APB1PeriphClockCmd
    app_bat.o(i.TIM2_TRGO_Init) refers to stm32f10x_tim.o(i.TIM_TimeBaseInit) for TIM_TimeBaseInit
    app_bat.o(i.TIM2_TRGO_Init) refers to stm32f10x_tim.o(i.TIM_SelectOutputTrigger) for TIM_SelectOutputTrigger
    app_bat.o(i.TIM2_TRGO_Init) refers to stm32f10x_tim.o(i.TIM_Cmd) for TIM_Cmd
    app_usart2.o(i.App_USART3_Init) refers to stm32f10x_rcc.o(i.RCC_APB2PeriphClockCmd) for RCC_APB2PeriphClockCmd
    app_usart2.o(i.App_USART3_Init) refers to stm32f10x_gpio.o(i.GPIO_Init) for GPIO_Init
    app_usart2.o(i.App_USART3_Init) refers to stm32f10x_rcc.o(i.RCC_APB1PeriphClockCmd) for RCC_APB1PeriphClockCmd
    app_usart2.o(i.App_USART3_Init) refers to stm32f10x_usart.o(i.USART_Init) for USART_Init
    app_usart2.o(i.App_USART3_Init) refers to stm32f10x_usart.o(i.USART_Cmd) for USART_Cmd
    app_usart2.o(init.item.2) refers to app_usart2.o(.conststrlit) for .conststrlit
    app_usart2.o(init.item.2) refers to app_usart2.o(i.App_USART3_Init) for App_USART3_Init
    app_button.o(i.App_Button_Init) refers to button.o(i.My_Button_Init) for My_Button_Init
    app_button.o(i.App_Button_Init) refers to button.o(i.My_Button_SetClickCb) for My_Button_SetClickCb
    app_button.o(i.App_Button_Init) refers to app_button.o(.bss) for userKey
[...]
    ../clib/microlib/printf/printf.c         0x00000000   Number         0  printfa.o ABSOLUTE
    ../clib/microlib/stdio/fputc.c           0x00000000   Number         0  fputc.o ABSOLUTE
    ../clib/microlib/stdio/semi.s            0x00000000   Number         0  semi.o ABSOLUTE
    ../clib/microlib/stdio/streams.c         0x00000000   Number         0  stdout.o ABSOLUTE
    ../clib/microlib/string/memcpy.c         0x00000000   Number         0  memcpyb.o ABSOLUTE
    ../clib/microlib/string/memcpy.c         0x00000000   Number         0  memcpya.o ABSOLUTE
    ../clib/microlib/string/memset.c         0x00000000   Number         0  memseta.o ABSOLUTE
    ../clib/microlib/string/strlen.c         0x00000000   Number         0  strlen.o ABSOLUTE
    ../clib/microlib/stubs.s                 0x00000000   Number         0  iusesemip.o ABSOLUTE
    ../clib/microlib/stubs.s                 0x00000000   Number         0  iusefp.o ABSOLUTE
    ../fplib/microlib/d2f.c                  0x00000000   Number         0  d2f.o ABSOLUTE
    ../fplib/microlib/f2d.c                  0x00000000   Number         0  f2d.o ABSOLUTE
    ../fplib/microlib/fpadd.c                0x00000000   Number         0  fadd.o ABSOLUTE
    ../fplib/microlib/fpadd.c                0x00000000   Number         0  dadd.o ABSOLUTE
    ../fplib/microlib/fpdiv.c                0x00000000   Number         0  fdiv.o ABSOLUTE
    ../fplib/microlib/fpdiv.c                0x00000000   Number         0  ddiv.o ABSOLUTE
    ../fplib/microlib/fpepilogue.c           0x00000000   Number         0  depilogue.o ABSOLUTE
    ../fplib/microlib/fpepilogue.c           0x00000000   Number         0  fepilogue.o ABSOLUTE
    ../fplib/microlib/fpfix.c                0x00000000   Number         0  dfixi.o ABSOLUTE
    ../fplib/microlib/fpfix.c                0x00000000   Number         0  dfixui.o ABSOLUTE
    ../fplib/microlib/fpfix.c                0x00000000   Number         0  ffixui.o ABSOLUTE
    ../fplib/microlib/fpfix.c                0x00000000   Number         0  dfixul.o ABSOLUTE
    ../fplib/microlib/fpfix.c                0x00000000   Number         0  ffixi.o ABSOLUTE
    ../fplib/microlib/fpflt.c                0x00000000   Number         0  ffltul.o ABSOLUTE
    ../fplib/microlib/fpflt.c                0x00000000   Number         0  dfltui.o ABSOLUTE
    ../fplib/microlib/fpflt.c                0x00000000   Number         0  dflti.o ABSOLUTE
    ../fplib/microlib/fpflt.c                0x00000000   Number         0  ffltui.o ABSOLUTE
    ../fplib/microlib/fpflt.c                0x00000000   Number         0  fflti.o ABSOLUTE
    ../fplib/microlib/fpmul.c                0x00000000   Number         0  dmul.o ABSOLUTE
    ../fplib/microlib/fpmul.c                0x00000000   Number         0  fmul.o ABSOLUTE
    ../fplib/microlib/fprnd.c                0x00000000   Number         0  drnd.o ABSOLUTE
    ../fplib/microlib/fprnd.c                0x00000000   Number         0  frnd.o ABSOLUTE
    ../fplib/microlib/fpscalb.c              0x00000000   Number         0  dscalb.o ABSOLUTE
    ../fplib/microlib/fpscalb.c              0x00000000   Number         0  fscalb.o ABSOLUTE
    ../fplib/microlib/fpsqrt.c               0x00000000   Number         0  fsqrt.o ABSOLUTE
    ../fplib/microlib/fpsqrt.c               0x00000000   Number         0  dsqrt.o ABSOLUTE
    ../mathlib/asinf.c                       0x00000000   Number         0  asinf_x.o ABSOLUTE
    ../mathlib/asinf.c                       0x00000000   Number         0  asinf.o ABSOLUTE
    ../mathlib/atan.c                        0x00000000   Number         0  atan_x.o ABSOLUTE
    ../mathlib/atan.c                        0x00000000   Number         0  atan.o ABSOLUTE
    ../mathlib/atan2.c                       0x00000000   Number         0  atan2.o ABSOLUTE
    ../mathlib/atan2.c                       0x00000000   Number         0  atan2_x.o ABSOLUTE
    ../mathlib/atan2f.c                      0x00000000   Number         0  atan2f_x.o ABSOLUTE
    ../mathlib/atan2f.c                      0x00000000   Number         0  atan2f.o ABSOLUTE
    ../mathlib/ceil.c                        0x00000000   Number         0  ceil.o ABSOLUTE
    ../mathlib/dunder.c                      0x00000000   Number         0  dunder.o ABSOLUTE
    ../mathlib/fpclassify.c                  0x00000000   Number         0  fpclassify.o ABSOLUTE
    ../mathlib/fpclassifyf.c                 0x00000000   Number         0  fpclassifyf.o ABSOLUTE
    ../mathlib/funder.c                      0x00000000   Number         0  funder.o ABSOLUTE
    ../mathlib/poly.c                        0x00000000   Number         0  poly.o ABSOLUTE
    ../mathlib/qnan.c                        0x00000000   Number         0  qnan.o ABSOLUTE
    ../mathlib/round.c                       0x00000000   Number         0  round.o ABSOLUTE
    ../mathlib/rredf.c                       0x00000000   Number         0  rredf.o ABSOLUTE
    ../mathlib/sqrt.c                        0x00000000   Number         0  sqrt_x.o ABSOLUTE
    ../mathlib/sqrt.c                        0x00000000   Number         0  sqrt.o ABSOLUTE
    ../mathlib/sqrtf.c                       0x00000000   Number         0  sqrtf_x.o ABSOLUTE
    ../mathlib/sqrtf.c                       0x00000000   Number         0  sqrtf.o ABSOLUTE
    ../mathlib/tanf.c                        0x00000000   Number         0  tanf_x.o ABSOLUTE
    ../mathlib/tanf.c                        0x00000000   Number         0  tanf.o ABSOLUTE
    cdcmple.s                                0x00000000   Number         0  cdcmple.o ABSOLUTE
    cdrcmple.s                               0x00000000   Number         0  cdrcmple.o ABSOLUTE
    cfcmple.s                                0x00000000   Number         0  cfcmple.o ABSOLUTE
    cfrcmple.s                               0x00000000   Number         0  cfrcmple.o ABSOLUTE
    dc.s                                     0x00000000   Number         0  dc.o ABSOLUTE
    framework\\module.c                      0x00000000   Number         0  module.o ABSOLUTE
    framework\blink.c                        0x00000000   Number         0  blink.o ABSOLUTE
    framework\module.c                       0x00000000   Number         0  module.o ABSOLUTE
    handlers.s                               0x00000000   Number         0  handlers.o ABSOLUTE
    init.s                                   0x00000000   Number         0  init.o ABSOLUTE
    my_lib\Kalman.c                          0x00000000   Number         0  kalman.o ABSOLUTE
    my_lib\\ai_pwm.c                         0x00000000   Number         0  ai_pwm.o ABSOLUTE
    my_lib\\button.c                         0x00000000   Number         0  button.o ABSOLUTE
    my_lib\\delay.c                          0x00000000   Number         0  delay.o ABSOLUTE
    my_lib\\i2c.c                            0x00000000   Number         0  i2c.o ABSOLUTE
    my_lib\\oled.c                           0x00000000   Number         0  oled.o ABSOLUTE
    my_lib\\pid.c                            0x00000000   Number         0  pid.o ABSOLUTE
    my_lib\\qmath.c                          0x00000000   Number         0  qmath.o ABSOLUTE
    my_lib\\si2c.c                           0x00000000   Number         0  si2c.o ABSOLUTE
    my_lib\\spi.c                            0x00000000   Number         0  spi.o ABSOLUTE
    my_lib\\usart.c                          0x00000000   Number         0  usart.o ABSOLUTE
    my_lib\ai_pwm.c                          0x00000000   Number         0  ai_pwm.o ABSOLUTE
    my_lib\button.c                          0x00000000   Number         0  button.o ABSOLUTE
    my_lib\delay.c                           0x00000000   Number         0  delay.o ABSOLUTE
    my_lib\i2c.c                             0x00000000   Number         0  i2c.o ABSOLUTE
    my_lib\oled.c                            0x00000000   Number         0  oled.o ABSOLUTE
    my_lib\pid.c                             0x00000000   Number         0  pid.o ABSOLUTE
    my_lib\qmath.c                           0x00000000   Number         0  qmath.o ABSOLUTE
    my_lib\si2c.c                            0x00000000   Number         0  si2c.o ABSOLUTE
    my_lib\spi.c                             0x00000000   Number         0  spi.o ABSOLUTE
    my_lib\usart.c                           0x00000000   Number         0  usart.o ABSOLUTE
    startup\startup_stm32f10x_md.s           0x00000000   Number         0  startup_stm32f10x_md.o ABSOLUTE
    std_periph_driver\\src\\misc.c           0x00000000   Number         0  misc.o ABSOLUTE
    std_periph_driver\\src\\stm32f10x_adc.c  0x00000000   Number         0  stm32f10x_adc.o ABSOLUTE
    std_periph_driver\\src\\stm32f10x_bkp.c  0x00000000   Number         0  stm32f10x_bkp.o ABSOLUTE
    std_periph_driver\\src\\stm32f10x_can.c  0x00000000   Number         0  stm32f10x_can.o ABSOLUTE
    std_periph_driver\\src\\stm32f10x_cec.c  0x00000000   Number         0  stm32f10x_cec.o ABSOLUTE
    std_periph_driver\\src\\stm32f10x_crc.c  0x00000000   Number         0  stm32f10x_crc.o ABSOLUTE
    std_periph_driver\\src\\stm32f10x_dac.c  0x00000000   Number         0  stm32f10x_dac.o ABSOLUTE
    std_periph_driver\\src\\stm32f10x_dbgmcu.c 0x00000000   Number         0  stm32f10x_dbgmcu.o ABSOLUTE
    std_periph_driver\\src\\stm32f10x_dma.c  0x00000000   Number         0  stm32f10x_dma.o ABSOLUTE
    std_periph_driver\\src\\stm32f10x_exti.c 0x00000000   Number         0  stm32f10x_exti.o ABSOLUTE
    std_periph_driver\\src\\stm32f10x_flash.c 0x00000000   Number         0  stm32f10x_flash.o ABSOLUTE
    std_periph_driver\\src\\stm32f10x_fsmc.c 0x00000000   Number         0  stm32f10x_fsmc.o ABSOLUTE
    std_periph_driver\\src\\stm32f10x_gpio.c 0x00000000   Number         0  stm32f10x_gpio.o ABSOLUTE
    std_periph_driver\\src\\stm32f10x_i2c.c  0x00000000   Number         0  stm32f10x_i2c.o ABSOLUTE
    std_periph_driver\\src\\stm32f10x_iwdg.c 0x00000000   Number         0  stm32f10x_iwdg.o ABSOLUTE
    std_periph_driver\\src\\stm32f10x_pwr.c  0x00000000   Number         0  stm32f10x_pwr.o ABSOLUTE
    std_periph_driver\\src\\stm32f10x_rcc.c  0x00000000   Number         0  stm32f10x_rcc.o ABSOLUTE
    std_periph_driver\\src\\stm32f10x_rtc.c  0x00000000   Number         0  stm32f10x_rtc.o ABSOLUTE
    std_periph_driver\\src\\stm32f10x_sdio.c 0x00000000   Number         0  stm32f10x_sdio.o ABSOLUTE
    std_periph_driver\\src\\stm32f10x_spi.c  0x00000000   Number         0  stm32f10x_spi.o ABSOLUTE
    std_periph_driver\\src\\stm32f10x_tim.c  0x00000000   Number         0  stm32f10x_tim.o ABSOLUTE
    std_periph_driver\\src\\stm32f10x_usart.c 0x00000000   Number         0  stm32f10x_usart.o ABSOLUTE
    std_periph_driver\\src\\stm32f10x_wwdg.c 0x00000000   Number         0  stm32f10x_wwdg.o ABSOLUTE
    std_periph_driver\src\misc.c             0x00000000   Number         0  misc.o ABSOLUTE
    std_periph_driver\src\stm32f10x_adc.c    0x00000000   Number         0  stm32f10x_adc.o ABSOLUTE
    std_periph_driver\src\stm32f10x_bkp.c    0x00000000   Number         0  stm32f10x_bkp.o ABSOLUTE
    std_periph_driver\src\stm32f10x_can.c    0x00000000   Number         0  stm32f10x_can.o ABSOLUTE
    std_periph_driver\src\stm32f10x_cec.c    0x00000000   Number         0  stm32f10x_cec.o ABSOLUTE
    std_periph_driver\src\stm32f10x_crc.c    0x00000000   Number         0  stm32f10x_crc.o ABSOLUTE
    std_periph_driver\src\stm32f10x_dac.c    0x00000000   Number         0  stm32f10x_dac.o ABSOLUTE
    std_periph_driver\src\stm32f10x_dbgmcu.c 0x00000000   Number         0  stm32f10x_dbgmcu.o ABSOLUTE
    std_periph_driver\src\stm32f10x_dma.c    0x00000000   Number         0  stm32f10x_dma.o ABSOLUTE
    std_periph_driver\src\stm32f10x_exti.c   0x00000000   Number         0  stm32f10x_exti.o ABSOLUTE
    std_periph_driver\src\stm32f10x_flash.c  0x00000000   Number         0  stm32f10x_flash.o ABSOLUTE
    std_periph_driver\src\stm32f10x_fsmc.c   0x00000000   Number         0  stm32f10x_fsmc.o ABSOLUTE
    std_periph_driver\src\stm32f10x_gpio.c   0x00000000   Number         0  stm32f10x_gpio.o ABSOLUTE
    std_periph_driver\src\stm32f10x_i2c.c    0x00000000   Number         0  stm32f10x_i2c.o ABSOLUTE
    std_periph_driver\src\stm32f10x_iwdg.c   0x00000000   Number         0  stm32f10x_iwdg.o ABSOLUTE
    std_periph_driver\src\stm32f10x_pwr.c    0x00000000   Number         0  stm32f10x_pwr.o ABSOLUTE
    std_periph_driver\src\stm32f10x_rcc.c    0x00000000   Number         0  stm32f10x_rcc.o ABSOLUTE
    std_periph_driver\src\stm32f10x_rtc.c    0x00000000   Number         0  stm32f10x_rtc.o ABSOLUTE
    std_periph_driver\src\stm32f10x_sdio.c   0x00000000   Number         0  stm32f10x_sdio.o ABSOLUTE
    std_periph_driver\src\stm32f10x_spi.c    0x00000000   Number         0  stm32f10x_spi.o ABSOLUTE
    std_periph_driver\src\stm32f10x_tim.c    0x00000000   Number         0  stm32f10x_tim.o ABSOLUTE
    std_periph_driver\src\stm32f10x_usart.c  0x00000000   Number         0  stm32f10x_usart.o ABSOLUTE
    std_periph_driver\src\stm32f10x_wwdg.c   0x00000000   Number         0  stm32f10x_wwdg.o ABSOLUTE
    test\\bat_test.c                         0x00000000   Number         0  bat_test.o ABSOLUTE
    test\\encoder_test.c                     0x00000000   Number         0  encoder_test.o ABSOLUTE
    test\\pwm_test.c                         0x00000000   Number         0  pwm_test.o ABSOLUTE
    test\bat_test.c                          0x00000000   Number         0  bat_test.o ABSOLUTE
    test\encoder_test.c                      0x00000000   Number         0  encoder_test.o ABSOLUTE
    test\pwm_test.c                          0x00000000   Number         0  pwm_test.o ABSOLUTE
    user\\app_bat.c                          0x00000000   Number         0  app_bat.o ABSOLUTE
    user\\app_button.c                       0x00000000   Number         0  app_button.o ABSOLUTE
    user\\app_encoder.c                      0x00000000   Number         0  app_encoder.o ABSOLUTE
    user\\app_motor.c                        0x00000000   Number         0  app_motor.o ABSOLUTE
    user\\app_pwm.c                          0x00000000   Number         0  app_pwm.o ABSOLUTE
    user\\app_usart2.c                       0x00000000   Number         0  app_usart2.o ABSOLUTE
    user\\led.c                              0x00000000   Number         0  led.o ABSOLUTE
    user\\main.c                             0x00000000   Number         0  main.o ABSOLUTE
    user\\mpu6050\\MPU6050.c                 0x00000000   Number         0  mpu6050.o ABSOLUTE
    user\\stm32f10x_it.c                     0x00000000   Number         0  stm32f10x_it.o ABSOLUTE
    user\\system_stm32f10x.c                 0x00000000   Number         0  system_stm32f10x.o ABSOLUTE
    user\app_bat.c                           0x00000000   Number         0  app_bat.o ABSOLUTE
    user\app_button.c                        0x00000000   Number         0  app_button.o ABSOLUTE
    user\app_encoder.c                       0x00000000   Number         0  app_encoder.o ABSOLUTE
    user\app_motor.c                         0x00000000   Number         0  app_motor.o ABSOLUTE
    user\app_pwm.c                           0x00000000   Number         0  app_pwm.o ABSOLUTE
    user\app_usart2.c                        0x00000000   Number         0  app_usart2.o ABSOLUTE
    user\led.c                               0x00000000   Number         0  led.o ABSOLUTE
    user\main.c                              0x00000000   Number         0  main.o ABSOLUTE
    user\mpu6050\MPU6050.c                   0x00000000   Number         0  mpu6050.o ABSOLUTE
    user\mpu6050\filter.c                    0x00000000   Number         0  filter.o ABSOLUTE
    user\stm32f10x_it.c                      0x00000000   Number         0  stm32f10x_it.o ABSOLUTE
    user\system_stm32f10x.c                  0x00000000   Number         0  system_stm32f10x.o ABSOLUTE
    RESET                                    0x08000000   Section      236  startup_stm32f10x_md.o(RESET)
    .ARM.Collect$$$$00000000                 0x080000ec   Section        0  entry.o(.ARM.Collect$$$$00000000)
    .ARM.Collect$$$$00000001                 0x080000ec   Section        4  entry2.o(.ARM.Collect$$$$00000001)
    .ARM.Collect$$$$00000004                 0x080000f0   Section        4  entry5.o(.ARM.Collect$$$$00000004)
    .ARM.Collect$$$$00000008                 0x080000f4   Section        0  entry7b.o(.ARM.Collect$$$$00000008)
    .ARM.Collect$$$$0000000A                 0x080000f4   Section        0  entry8b.o(.ARM.Collect$$$$0000000A)
    .ARM.Collect$$$$0000000B                 0x080000f4   Section        8  entry9a.o(.ARM.Collect$$$$0000000B)
    .ARM.Collect$$$$0000000E                 0x080000fc   Section        4  entry12b.o(.ARM.Collect$$$$0000000E)
    .ARM.Collect$$$$0000000F                 0x08000100   Section        0  entry10a.o(.ARM.Collect$$$$0000000F)
    .ARM.Collect$$$$00000011                 0x08000100   Section        0  entry11a.o(.ARM.Collect$$$$00000011)
    .ARM.Collect$$$$00002712                 0x08000100   Section        4  entry2.o(.ARM.Collect$$$$00002712)
    __lit__00000000                          0x08000100   Data           4  entry2.o(.ARM.Collect$$$$00002712)
    .text                                    0x08000104   Section       36  startup_stm32f10x_md.o(.text)
    .text                                    0x08000128   Section        0  memseta.o(.text)
    .text                                    0x0800014c   Section        0  strlen.o(.text)
    .text                                    0x0800015a   Section        0  fadd.o(.text)
    .text                                    0x0800020a   Section        0  fmul.o(.text)
    .text                                    0x0800026e   Section        0  fdiv.o(.text)
    .text                                    0x080002ea   Section        0  dadd.o(.text)
    .text                                    0x08000438   Section        0  dmul.o(.text)
    .text                                    0x0800051c   Section        0  ddiv.o(.text)
    .text                                    0x080005fa   Section        0  fflti.o(.text)
    .text                                    0x0800060c   Section        0  ffltui.o(.text)
    .text                                    0x08000616   Section        0  ffltul.o(.text)
    .text                                    0x08000632   Section        0  dfltui.o(.text)
    .text                                    0x0800064c   Section        0  ffixui.o(.text)
    .text                                    0x08000674   Section        0  dfixul.o(.text)
    .text                                    0x080006a4   Section        0  f2d.o(.text)
    .text                                    0x080006cc   Section       48  cdrcmple.o(.text)
    .text                                    0x080006fc   Section        0  d2f.o(.text)
    .text                                    0x08000734   Section       20  cfrcmple.o(.text)
    .text                                    0x08000748   Section        0  uidiv.o(.text)
    .text                                    0x08000774   Section        0  uldiv.o(.text)
    .text                                    0x080007d6   Section        0  llshl.o(.text)
    .text                                    0x080007f4   Section        0  llushr.o(.text)
    .text                                    0x08000814   Section        0  llsshr.o(.text)
    .text                                    0x08000838   Section        0  iusefp.o(.text)
    .text                                    0x08000838   Section        0  fepilogue.o(.text)
    .text                                    0x080008a6   Section        0  depilogue.o(.text)
    .text                                    0x08000960   Section       36  init.o(.text)
    i.ADC1_2_IRQHandler                      0x08000984   Section        0  app_bat.o(i.ADC1_2_IRQHandler)
    i.ADC_ClearFlag                          0x08000a04   Section        0  stm32f10x_adc.o(i.ADC_ClearFlag)
    i.ADC_GetFlagStatus                      0x08000a0a   Section        0  stm32f10x_adc.o(i.ADC_GetFlagStatus)
    i.ADC_GetInjectedConversionValue         0x08000a1c   Section        0  stm32f10x_adc.o(i.ADC_GetInjectedConversionValue)
    i.App_EncoderInst_Init                   0x08000a38   Section        0  app_encoder.o(i.App_EncoderInst_Init)
    App_EncoderInst_Init                     0x08000a39   Thumb Code    56  app_encoder.o(i.App_EncoderInst_Init)
    i.App_Encoder_GetSpeed                   0x08000a70   Section        0  app_encoder.o(i.App_Encoder_GetSpeed)
    App_Encoder_GetSpeed                     0x08000a71   Thumb Code   122  app_encoder.o(i.App_Encoder_GetSpeed)
    i.App_Encoder_GetSpeed_L                 0x08000afc   Section        0  app_encoder.o(i.App_Encoder_GetSpeed_L)
    i.App_Encoder_Init                       0x08000b0c   Section        0  app_encoder.o(i.App_Encoder_Init)
    i.App_Motor_Init                         0x08000b48   Section        0  app_motor.o(i.App_Motor_Init)
    i.App_PWM_Init                           0x08000b90   Section        0  app_pwm.o(i.App_PWM_Init)
    i.App_USART3_Init                        0x08000ca8   Section        0  app_usart2.o(i.App_USART3_Init)
    i.BusFault_Handler                       0x08000d34   Section        0  stm32f10x_it.o(i.BusFault_Handler)
    i.DebugMon_Handler                       0x08000d38   Section        0  stm32f10x_it.o(i.DebugMon_Handler)
    i.Delay_Init                             0x08000d3c   Section        0  delay.o(i.Delay_Init)
    i.Encoder_L_Init                         0x08000e10   Section        0  app_encoder.o(i.Encoder_L_Init)
    Encoder_L_Init                           0x08000e11   Thumb Code   120  app_encoder.o(i.Encoder_L_Init)
    i.Encoder_R_Init                         0x08000e90   Section        0  app_encoder.o(i.Encoder_R_Init)
    Encoder_R_Init                           0x08000e91   Thumb Code   180  app_encoder.o(i.Encoder_R_Init)
    i.Encoder_T_Method_Test                  0x08000f50   Section        0  app_encoder.o(i.Encoder_T_Method_Test)
    i.GPIO_Init                              0x08000f9c   Section        0  stm32f10x_gpio.o(i.GPIO_Init)
    i.GPIO_PinRemapConfig                    0x080010b4   Section        0  stm32f10x_gpio.o(i.GPIO_PinRemapConfig)
    i.GetTick                                0x08001144   Section        0  delay.o(i.GetTick)
    i.GetUs                                  0x08001154   Section        0  delay.o(i.GetUs)
    i.HardFault_Handler                      0x080011d4   Section        0  stm32f10x_it.o(i.HardFault_Handler)
    i.MemManage_Handler                      0x080011d8   Section        0  stm32f10x_it.o(i.MemManage_Handler)
    i.My_USART_Printf                        0x080011dc   Section        0  usart.o(i.My_USART_Printf)
    i.My_USART_SendBytes                     0x08001206   Section        0  usart.o(i.My_USART_SendBytes)
    i.My_USART_SendString                    0x0800124a   Section        0  usart.o(i.My_USART_SendString)
    i.NMI_Handler                            0x08001264   Section        0  stm32f10x_it.o(i.NMI_Handler)
    i.NVIC_PriorityGroupConfig               0x08001268   Section        0  misc.o(i.NVIC_PriorityGroupConfig)
    i.PID_Init                               0x0800127c   Section        0  pid.o(i.PID_Init)
    i.PID_LimitConfig                        0x080012a4   Section        0  pid.o(i.PID_LimitConfig)
    i.PT1Filter_Apply                        0x080012aa   Section        0  filter.o(i.PT1Filter_Apply)
    i.PT1Filter_Init                         0x080012e6   Section        0  filter.o(i.PT1Filter_Init)
    i.PT1Filter_InitWithFreq                 0x08001310   Section        0  filter.o(i.PT1Filter_InitWithFreq)
    i.PWM_Test1                              0x08001344   Section        0  app_pwm.o(i.PWM_Test1)
    i.PendSV_Handler                         0x080013d8   Section        0  stm32f10x_it.o(i.PendSV_Handler)
    i.RCC_APB1PeriphClockCmd                 0x080013dc   Section        0  stm32f10x_rcc.o(i.RCC_APB1PeriphClockCmd)
    i.RCC_APB2PeriphClockCmd                 0x080013fc   Section        0  stm32f10x_rcc.o(i.RCC_APB2PeriphClockCmd)
    i.RCC_GetClocksFreq                      0x0800141c   Section        0  stm32f10x_rcc.o(i.RCC_GetClocksFreq)
    i.SVC_Handler                            0x080014f0   Section        0  stm32f10x_it.o(i.SVC_Handler)
    i.SetSysClock                            0x080014f2   Section        0  system_stm32f10x.o(i.SetSysClock)
    SetSysClock                              0x080014f3   Thumb Code     8  system_stm32f10x.o(i.SetSysClock)
    i.SetSysClockTo72                        0x080014fc   Section        0  system_stm32f10x.o(i.SetSysClockTo72)
    SetSysClockTo72                          0x080014fd   Thumb Code   214  system_stm32f10x.o(i.SetSysClockTo72)
    i.SysTick_Handler                        0x080015dc   Section        0  stm32f10x_it.o(i.SysTick_Handler)
    i.SystemInit                             0x080015f8   Section        0  system_stm32f10x.o(i.SystemInit)
    i.TI1_Config                             0x08001658   Section        0  stm32f10x_tim.o(i.TI1_Config)
    TI1_Config                               0x08001659   Thumb Code   108  stm32f10x_tim.o(i.TI1_Config)
    i.TI2_Config                             0x080016d8   Section        0  stm32f10x_tim.o(i.TI2_Config)
    TI2_Config                               0x080016d9   Thumb Code   130  stm32f10x_tim.o(i.TI2_Config)
    i.TI3_Config                             0x08001770   Section        0  stm32f10x_tim.o(i.TI3_Config)
    TI3_Config                               0x08001771   Thumb Code   122  stm32f10x_tim.o(i.TI3_Config)
    i.TI4_Config                             0x08001800   Section        0  stm32f10x_tim.o(i.TI4_Config)
    TI4_Config                               0x08001801   Thumb Code   130  stm32f10x_tim.o(i.TI4_Config)
    i.TIM_ARRPreloadConfig                   0x08001898   Section        0  stm32f10x_tim.o(i.TIM_ARRPreloadConfig)
    i.TIM_Cmd                                0x080018b0   Section        0  stm32f10x_tim.o(i.TIM_Cmd)
    i.TIM_CtrlPWMOutputs                     0x080018c8   Section        0  stm32f10x_tim.o(i.TIM_CtrlPWMOutputs)
    i.TIM_EncoderInterfaceConfig             0x080018e6   Section        0  stm32f10x_tim.o(i.TIM_EncoderInterfaceConfig)
    i.TIM_GetCapture1                        0x08001928   Section        0  stm32f10x_tim.o(i.TIM_GetCapture1)
    i.TIM_GetCapture2                        0x0800192e   Section        0  stm32f10x_tim.o(i.TIM_GetCapture2)
    i.TIM_GetCapture3                        0x08001934   Section        0  stm32f10x_tim.o(i.TIM_GetCapture3)
    i.TIM_GetCapture4                        0x0800193a   Section        0  stm32f10x_tim.o(i.TIM_GetCapture4)
    i.TIM_GetCounter                         0x08001942   Section        0  stm32f10x_tim.o(i.TIM_GetCounter)
    i.TIM_ICInit                             0x08001948   Section        0  stm32f10x_tim.o(i.TIM_ICInit)
    i.TIM_ICStructInit                       0x080019f4   Section        0  stm32f10x_tim.o(i.TIM_ICStructInit)
    i.TIM_OC1Init                            0x08001a08   Section        0  stm32f10x_tim.o(i.TIM_OC1Init)
    i.TIM_OC1PreloadConfig                   0x08001aa0   Section        0  stm32f10x_tim.o(i.TIM_OC1PreloadConfig)
    i.TIM_OC2Init                            0x08001ab4   Section        0  stm32f10x_tim.o(i.TIM_OC2Init)
    i.TIM_OC2PreloadConfig                   0x08001b58   Section        0  stm32f10x_tim.o(i.TIM_OC2PreloadConfig)
    i.TIM_OC3Init                            0x08001b74   Section        0  stm32f10x_tim.o(i.TIM_OC3Init)
    i.TIM_OC3PreloadConfig                   0x08001c14   Section        0  stm32f10x_tim.o(i.TIM_OC3PreloadConfig)
    i.TIM_OC4Init                            0x08001c28   Section        0  stm32f10x_tim.o(i.TIM_OC4Init)
    i.TIM_OC4PreloadConfig                   0x08001ca4   Section        0  stm32f10x_tim.o(i.TIM_OC4PreloadConfig)
    i.TIM_SetCompare1                        0x08001cbe   Section        0  stm32f10x_tim.o(i.TIM_SetCompare1)
    i.TIM_SetCompare2                        0x08001cc2   Section        0  stm32f10x_tim.o(i.TIM_SetCompare2)
    i.TIM_SetCompare3                        0x08001cc6   Section        0  stm32f10x_tim.o(i.TIM_SetCompare3)
    i.TIM_SetCompare4                        0x08001cca   Section        0  stm32f10x_tim.o(i.TIM_SetCompare4)
    i.TIM_SetCounter                         0x08001cd0   Section        0  stm32f10x_tim.o(i.TIM_SetCounter)
    i.TIM_SetIC1Prescaler                    0x08001cd4   Section        0  stm32f10x_tim.o(i.TIM_SetIC1Prescaler)
    i.TIM_SetIC2Prescaler                    0x08001ce6   Section        0  stm32f10x_tim.o(i.TIM_SetIC2Prescaler)
    i.TIM_SetIC3Prescaler                    0x08001d00   Section        0  stm32f10x_tim.o(i.TIM_SetIC3Prescaler)
    i.TIM_SetIC4Prescaler                    0x08001d12   Section        0  stm32f10x_tim.o(i.TIM_SetIC4Prescaler)
    i.TIM_TimeBaseInit                       0x08001d2c   Section        0  stm32f10x_tim.o(i.TIM_TimeBaseInit)
    i.USART_Cmd                              0x08001dd0   Section        0  stm32f10x_usart.o(i.USART_Cmd)
    i.USART_GetFlagStatus                    0x08001de8   Section        0  stm32f10x_usart.o(i.USART_GetFlagStatus)
    i.USART_Init                             0x08001e04   Section        0  stm32f10x_usart.o(i.USART_Init)
    i.USART_SendData                         0x08001edc   Section        0  stm32f10x_usart.o(i.USART_SendData)
    i.UsageFault_Handler                     0x08001ee4   Section        0  stm32f10x_it.o(i.UsageFault_Handler)
    i.__0vsprintf                            0x08001ee8   Section        0  printfa.o(i.__0vsprintf)
    i.__scatterload_copy                     0x08001f0c   Section       14  handlers.o(i.__scatterload_copy)
    i.__scatterload_null                     0x08001f1a   Section        2  handlers.o(i.__scatterload_null)
    i.__scatterload_zeroinit                 0x08001f1c   Section       14  handlers.o(i.__scatterload_zeroinit)
    i._fp_digits                             0x08001f2c   Section        0  printfa.o(i._fp_digits)
    _fp_digits                               0x08001f2d   Thumb Code   366  printfa.o(i._fp_digits)
    i._printf_core                           0x080020b0   Section        0  printfa.o(i._printf_core)
    _printf_core                             0x080020b1   Thumb Code  1704  printfa.o(i._printf_core)
    i._printf_post_padding                   0x08002764   Section        0  printfa.o(i._printf_post_padding)
    _printf_post_padding                     0x08002765   Thumb Code    36  printfa.o(i._printf_post_padding)
    i._printf_pre_padding                    0x08002788   Section        0  printfa.o(i._printf_pre_padding)
    _printf_pre_padding                      0x08002789   Thumb Code    46  printfa.o(i._printf_pre_padding)
    i._sputc                                 0x080027b6   Section        0  printfa.o(i._sputc)
    _sputc                                   0x080027b7   Thumb Code    10  printfa.o(i._sputc)
    i.aiPwmInit                              0x080027c0   Section        0  ai_pwm.o(i.aiPwmInit)
    i.aiPwmPercentVolCompensate              0x080027f6   Section        0  ai_pwm.o(i.aiPwmPercentVolCompensate)
    i.aiPwmProcess                           0x0800282c   Section        0  ai_pwm.o(i.aiPwmProcess)
    i.aiPwmSetPercent                        0x080028e0   Section        0  ai_pwm.o(i.aiPwmSetPercent)
    i.aiPwmVolCompensate                     0x080028f4   Section        0  ai_pwm.o(i.aiPwmVolCompensate)
    i.blink_dev_create                       0x0800291c   Section        0  blink.o(i.blink_dev_create)
    i.blink_dev_ctrl                         0x08002954   Section        0  blink.o(i.blink_dev_ctrl)
    i.blink_dev_process                      0x08002980   Section        0  blink.o(i.blink_dev_process)
    i.encoder_L_Read                         0x080029f8   Section        0  app_encoder.o(i.encoder_L_Read)
    encoder_L_Read                           0x080029f9   Thumb Code    14  app_encoder.o(i.encoder_L_Read)
    i.encoder_L_clr                          0x08002a06   Section        0  app_encoder.o(i.encoder_L_clr)
    encoder_L_clr                            0x08002a07   Thumb Code    14  app_encoder.o(i.encoder_L_clr)
    i.encoder_R_Read                         0x08002a14   Section        0  app_encoder.o(i.encoder_R_Read)
    encoder_R_Read                           0x08002a15   Thumb Code    12  app_encoder.o(i.encoder_R_Read)
    i.encoder_R_clr                          0x08002a24   Section        0  app_encoder.o(i.encoder_R_clr)
    encoder_R_clr                            0x08002a25   Thumb Code    12  app_encoder.o(i.encoder_R_clr)
    i.get_tick                               0x08002a34   Section        0  module.o(i.get_tick)
    i.led_ctrl                               0x08002a3c   Section        0  led.o(i.led_ctrl)
    i.led_io_init                            0x08002a9c   Section        0  led.o(i.led_io_init)
    led_io_init                              0x08002a9d   Thumb Code    58  led.o(i.led_io_init)
    i.main                                   0x08002ae4   Section        0  main.o(i.main)
    i.module_task_init                       0x08002af8   Section        0  module.o(i.module_task_init)
    i.module_task_process                    0x08002b18   Section        0  module.o(i.module_task_process)
    i.motorHwInit                            0x08002b4c   Section        0  app_pwm.o(i.motorHwInit)
    i.motorHwProcess                         0x08002bb4   Section        0  app_pwm.o(i.motorHwProcess)
    i.motorLeftHwBreak                       0x08002c00   Section        0  app_pwm.o(i.motorLeftHwBreak)
    i.motorLeftHwClk                         0x08002c14   Section        0  app_pwm.o(i.motorLeftHwClk)
    i.motorLeftHwSetDuty                     0x08002c2c   Section        0  app_pwm.o(i.motorLeftHwSetDuty)
    i.motorLeftHwSetDuty2                    0x08002c48   Section        0  app_pwm.o(i.motorLeftHwSetDuty2)
    i.motorLeftHwSetPercent                  0x08002c64   Section        0  app_pwm.o(i.motorLeftHwSetPercent)
    i.motorLeftHwSetPercent2                 0x08002c7c   Section        0  app_pwm.o(i.motorLeftHwSetPercent2)
    i.motorLeftHwUnclk                       0x08002c94   Section        0  app_pwm.o(i.motorLeftHwUnclk)
    i.motorRightHwBreak                      0x08002caa   Section        0  app_pwm.o(i.motorRightHwBreak)
    i.motorRightHwClk                        0x08002cbe   Section        0  app_pwm.o(i.motorRightHwClk)
    i.motorRightHwSetDuty                    0x08002cd4   Section        0  app_pwm.o(i.motorRightHwSetDuty)
    i.motorRightHwSetDuty2                   0x08002cf0   Section        0  app_pwm.o(i.motorRightHwSetDuty2)
    i.motorRightHwSetPercent                 0x08002d0c   Section        0  app_pwm.o(i.motorRightHwSetPercent)
    i.motorRightHwSetPercent2                0x08002d24   Section        0  app_pwm.o(i.motorRightHwSetPercent2)
    i.motorRightHwUnclk                      0x08002d3c   Section        0  app_pwm.o(i.motorRightHwUnclk)
    i.nop_process                            0x08002d52   Section        0  module.o(i.nop_process)
    nop_process                              0x08002d53   Thumb Code     2  module.o(i.nop_process)
    i.red_led_ctrl                           0x08002d54   Section        0  led.o(i.red_led_ctrl)
    red_led_ctrl                             0x08002d55   Thumb Code    30  led.o(i.red_led_ctrl)
    .conststrlit                             0x08002d78   Section       12  app_usart2.o(.conststrlit)
    .conststrlit                             0x08002d84   Section        4  app_pwm.o(.conststrlit)
    .conststrlit                             0x08002d88   Section       12  app_encoder.o(.conststrlit)
    .conststrlit                             0x08002d94   Section        4  led.o(.conststrlit)
    .conststrlit                             0x08002d98   Section        6  app_motor.o(.conststrlit)
    .conststrlit                             0x08002da0   Section        1  module.o(.conststrlit)
    init.item.0                              0x08002dc4   Section        8  module.o(init.item.0)
    init.item.2                              0x08002dcc   Section        8  app_usart2.o(init.item.2)
    __tagsym$$used                           0x08002dcc   Number         0  app_usart2.o(init.item.2)
    init.item.2                              0x08002dd4   Section        8  app_pwm.o(init.item.2)
    __tagsym$$used                           0x08002dd4   Number         0  app_pwm.o(init.item.2)
    init.item.2                              0x08002ddc   Section        8  app_encoder.o(init.item.2)
    __tagsym$$used                           0x08002ddc   Number         0  app_encoder.o(init.item.2)
    init.item.2                              0x08002de4   Section        8  led.o(init.item.2)
    __tagsym$$used                           0x08002de4   Number         0  led.o(init.item.2)
    init.item.2                              0x08002dec   Section        8  app_motor.o(init.item.2)
    __tagsym$$used                           0x08002dec   Number         0  app_motor.o(init.item.2)
    init.item.4                              0x08002df4   Section        8  module.o(init.item.4)
    task.item.0                              0x08002dfc   Section       16  module.o(task.item.0)
    task.item.1                              0x08002e0c   Section       16  app_pwm.o(task.item.1)
    __tagsym$$used                           0x08002e0c   Number         0  app_pwm.o(task.item.1)
    task.item.1                              0x08002e1c   Section       16  app_encoder.o(task.item.1)
    __tagsym$$used                           0x08002e1c   Number         0  app_encoder.o(task.item.1)
    task.item.1                              0x08002e2c   Section       16  led.o(task.item.1)
    __tagsym$$used                           0x08002e2c   Number         0  led.o(task.item.1)
    task.item.2                              0x08002e3c   Section       16  module.o(task.item.2)
    .data                                    0x20000000   Section        9  app_bat.o(.data)
    vbat                                     0x20000000   Data           4  app_bat.o(.data)
    lastTime                                 0x20000004   Data           4  app_bat.o(.data)
    stage                                    0x20000008   Data           1  app_bat.o(.data)
    .data                                    0x2000000c   Section       16  app_pwm.o(.data)
    __task_timer_PWM_Test1                   0x20000014   Data           4  app_pwm.o(.data)
    state_count                              0x20000018   Data           4  app_pwm.o(.data)
    .data                                    0x2000001c   Section       12  app_encoder.o(.data)
    __task_timer_Encoder_T_Method_Test       0x20000024   Data           4  app_encoder.o(.data)
    .data                                    0x20000028   Section        4  led.o(.data)
    __task_timer_blink_dev_process           0x20000028   Data           4  led.o(.data)
    .data                                    0x2000002c   Section       20  stm32f10x_rcc.o(.data)
    APBAHBPrescTable                         0x2000002c   Data          16  stm32f10x_rcc.o(.data)
    ADCPrescTable                            0x2000003c   Data           4  stm32f10x_rcc.o(.data)
    .data                                    0x20000040   Section       12  delay.o(.data)
    delay_initialized_flag                   0x20000044   Data           1  delay.o(.data)
    us_per_mini_tick                         0x20000048   Data           4  delay.o(.data)
    .data                                    0x2000004c   Section        4  blink.o(.data)
    head                                     0x2000004c   Data           4  blink.o(.data)
    .bss                                     0x20000050   Section       64  app_pwm.o(.bss)
    .bss                                     0x20000090   Section      112  app_encoder.o(.bss)
    .bss                                     0x20000100   Section       60  led.o(.bss)
    led                                      0x20000100   Data          60  led.o(.bss)
    .bss                                     0x20000140   Section       80  app_motor.o(.bss)
    STACK                                    0x20000190   Section     4096  startup_stm32f10x_md.o(STACK)

    Global Symbols

    Symbol Name                              Value     Ov Type        Size  Object(Section)

    BuildAttributes$$THM_ISAv4$P$D$K$B$S$PE$A:L22UL41UL21$X:L11$S22US41US21$IEEE1$IW$USESV6$~STKCKD$USESV7$~SHL$OTIME$ROPI$IEEEX$EBA8$MICROLIB$REQ8$PRES8$EABIv2 0x00000000   Number         0  anon$$obj.o ABSOLUTE
    __ARM_use_no_argv                        0x00000000   Number         0  main.o ABSOLUTE
    __arm_fini_                               - Undefined Weak Reference
    __cpp_initialize__aeabi_                  - Undefined Weak Reference
    __cxa_finalize                            - Undefined Weak Reference
    __decompress                              - Undefined Weak Reference
    _clock_init                               - Undefined Weak Reference
    _microlib_exit                            - Undefined Weak Reference
    __Vectors_Size                           0x000000ec   Number         0  startup_stm32f10x_md.o ABSOLUTE
    __Vectors                                0x08000000   Data           4  startup_stm32f10x_md.o(RESET)
    __Vectors_End                            0x080000ec   Data           0  startup_stm32f10x_md.o(RESET)
    __main                                   0x080000ed   Thumb Code     0  entry.o(.ARM.Collect$$$$00000000)
    _main_stk                                0x080000ed   Thumb Code     0  entry2.o(.ARM.Collect$$$$00000001)
    _main_scatterload                        0x080000f1   Thumb Code     0  entry5.o(.ARM.Collect$$$$00000004)
    __main_after_scatterload                 0x080000f5   Thumb Code     0  entry5.o(.ARM.Collect$$$$00000004)
    _main_clock                              0x080000f5   Thumb Code     0  entry7b.o(.ARM.Collect$$$$00000008)
    _main_cpp_init                           0x080000f5   Thumb Code     0  entry8b.o(.ARM.Collect$$$$0000000A)
    _main_init                               0x080000f5   Thumb Code     0  entry9a.o(.ARM.Collect$$$$0000000B)
    __rt_lib_shutdown_fini                   0x080000fd   Thumb Code     0  entry12b.o(.ARM.Collect$$$$0000000E)
    __rt_final_cpp                           0x08000101   Thumb Code     0  entry10a.o(.ARM.Collect$$$$0000000F)
    __rt_final_exit                          0x08000101   Thumb Code     0  entry11a.o(.ARM.Collect$$$$00000011)
    Reset_Handler                            0x08000105   Thumb Code     8  startup_stm32f10x_md.o(.text)
    CAN1_RX1_IRQHandler                      0x0800011f   Thumb Code     0  startup_stm32f10x_md.o(.text)
    CAN1_SCE_IRQHandler                      0x0800011f   Thumb Code     0  startup_stm32f10x_md.o(.text)
    DMA1_Channel1_IRQHandler                 0x0800011f   Thumb Code     0  startup_stm32f10x_md.o(.text)
    DMA1_Channel2_IRQHandler                 0x0800011f   Thumb Code     0  startup_stm32f10x_md.o(.text)
    DMA1_Channel3_IRQHandler                 0x0800011f   Thumb Code     0  startup_stm32f10x_md.o(.text)
    DMA1_Channel4_IRQHandler                 0x0800011f   Thumb Code     0  startup_stm32f10x_md.o(.text)
    DMA1_Channel5_IRQHandler                 0x0800011f   Thumb Code     0  startup_stm32f10x_md.o(.text)
    DMA1_Channel6_IRQHandler                 0x0800011f   Thumb Code     0  startup_stm32f10x_md.o(.text)
    DMA1_Channel7_IRQHandler                 0x0800011f   Thumb Code     0  startup_stm32f10x_md.o(.text)
    EXTI0_IRQHandler                         0x0800011f   Thumb Code     0  startup_stm32f10x_md.o(.text)
    EXTI15_10_IRQHandler                     0x0800011f   Thumb Code     0  startup_stm32f10x_md.o(.text)
    EXTI1_IRQHandler                         0x0800011f   Thumb Code     0  startup_stm32f10x_md.o(.text)
    EXTI2_IRQHandler                         0x0800011f   Thumb Code     0  startup_stm32f10x_md.o(.text)
    EXTI3_IRQHandler                         0x0800011f   Thumb Code     0  startup_stm32f10x_md.o(.text)
    EXTI4_IRQHandler                         0x0800011f   Thumb Code     0  startup_stm32f10x_md.o(.text)
    EXTI9_5_IRQHandler                       0x0800011f   Thumb Code     0  startup_stm32f10x_md.o(.text)
    FLASH_IRQHandler                         0x0800011f   Thumb Code     0  startup_stm32f10x_md.o(.text)
    I2C1_ER_IRQHandler                       0x0800011f   Thumb Code     0  startup_stm32f10x_md.o(.text)
    I2C1_EV_IRQHandler                       0x0800011f   Thumb Code     0  startup_stm32f10x_md.o(.text)
    I2C2_ER_IRQHandler                       0x0800011f   Thumb Code     0  startup_stm32f10x_md.o(.text)
    I2C2_EV_IRQHandler                       0x0800011f   Thumb Code     0  startup_stm32f10x_md.o(.text)
    PVD_IRQHandler                           0x0800011f   Thumb Code     0  startup_stm32f10x_md.o(.text)
    RCC_IRQHandler                           0x0800011f   Thumb Code     0  startup_stm32f10x_md.o(.text)
    RTCAlarm_IRQHandler                      0x0800011f   Thumb Code     0  startup_stm32f10x_md.o(.text)
    RTC_IRQHandler                           0x0800011f   Thumb Code     0  startup_stm32f10x_md.o(.text)
    SPI1_IRQHandler                          0x0800011f   Thumb Code     0  startup_stm32f10x_md.o(.text)
    SPI2_IRQHandler                          0x0800011f   Thumb Code     0  startup_stm32f10x_md.o(.text)
    TAMPER_IRQHandler                        0x0800011f   Thumb Code     0  startup_stm32f10x_md.o(.text)
    TIM1_BRK_IRQHandler                      0x0800011f   Thumb Code     0  startup_stm32f10x_md.o(.text)
    TIM1_CC_IRQHandler                       0x0800011f   Thumb Code     0  startup_stm32f10x_md.o(.text)
    TIM1_TRG_COM_IRQHandler                  0x0800011f   Thumb Code     0  startup_stm32f10x_md.o(.text)
    TIM1_UP_IRQHandler                       0x0800011f   Thumb Code     0  startup_stm32f10x_md.o(.text)
    TIM2_IRQHandler                          0x0800011f   Thumb Code     0  startup_stm32f10x_md.o(.text)
    TIM3_IRQHandler                          0x0800011f   Thumb Code     0  startup_stm32f10x_md.o(.text)
    TIM4_IRQHandler                          0x0800011f   Thumb Code     0  startup_stm32f10x_md.o(.text)
    USART1_IRQHandler                        0x0800011f   Thumb Code     0  startup_stm32f10x_md.o(.text)
    USART2_IRQHandler                        0x0800011f   Thumb Code     0  startup_stm32f10x_md.o(.text)
    USART3_IRQHandler                        0x0800011f   Thumb Code     0  startup_stm32f10x_md.o(.text)
    USBWakeUp_IRQHandler                     0x0800011f   Thumb Code     0  startup_stm32f10x_md.o(.text)
    USB_HP_CAN1_TX_IRQHandler                0x0800011f   Thumb Code     0  startup_stm32f10x_md.o(.text)
    USB_LP_CAN1_RX0_IRQHandler               0x0800011f   Thumb Code     0  startup_stm32f10x_md.o(.text)
    WWDG_IRQHandler                          0x0800011f   Thumb Code     0  startup_stm32f10x_md.o(.text)
    __aeabi_memset                           0x08000129   Thumb Code    14  memseta.o(.text)
    __aeabi_memset4                          0x08000129   Thumb Code     0  memseta.o(.text)
    __aeabi_memset8                          0x08000129   Thumb Code     0  memseta.o(.text)
    __aeabi_memclr                           0x08000137   Thumb Code     4  memseta.o(.text)
    __aeabi_memclr4                          0x08000137   Thumb Code     0  memseta.o(.text)
    __aeabi_memclr8                          0x08000137   Thumb Code     0  memseta.o(.text)
    _memset$wrapper                          0x0800013b   Thumb Code    18  memseta.o(.text)
    strlen                                   0x0800014d   Thumb Code    14  strlen.o(.text)
    __aeabi_fadd                             0x0800015b   Thumb Code   164  fadd.o(.text)
    __aeabi_fsub                             0x080001ff   Thumb Code     6  fadd.o(.text)
    __aeabi_frsub                            0x08000205   Thumb Code     6  fadd.o(.text)
    __aeabi_fmul                             0x0800020b   Thumb Code   100  fmul.o(.text)
    __aeabi_fdiv                             0x0800026f   Thumb Code   124  fdiv.o(.text)
    __aeabi_dadd                             0x080002eb   Thumb Code   322  dadd.o(.text)
    __aeabi_dsub                             0x0800042d   Thumb Code     6  dadd.o(.text)
    __aeabi_drsub                            0x08000433   Thumb Code     6  dadd.o(.text)
    __aeabi_dmul                             0x08000439   Thumb Code   228  dmul.o(.text)
    __aeabi_ddiv                             0x0800051d   Thumb Code   222  ddiv.o(.text)
    __aeabi_i2f                              0x080005fb   Thumb Code    18  fflti.o(.text)
    __aeabi_ui2f                             0x0800060d   Thumb Code    10  ffltui.o(.text)
    __aeabi_ul2f                             0x08000617   Thumb Code    28  ffltul.o(.text)
    __aeabi_ui2d                             0x08000633   Thumb Code    26  dfltui.o(.text)
    __aeabi_f2uiz                            0x0800064d   Thumb Code    40  ffixui.o(.text)
    __aeabi_d2ulz                            0x08000675   Thumb Code    48  dfixul.o(.text)
    __aeabi_f2d                              0x080006a5   Thumb Code    38  f2d.o(.text)
    __aeabi_cdrcmple                         0x080006cd   Thumb Code    48  cdrcmple.o(.text)
    __aeabi_d2f                              0x080006fd   Thumb Code    56  d2f.o(.text)
    __aeabi_cfrcmple                         0x08000735   Thumb Code    20  cfrcmple.o(.text)
    __aeabi_uidiv                            0x08000749   Thumb Code     0  uidiv.o(.text)
    __aeabi_uidivmod                         0x08000749   Thumb Code    44  uidiv.o(.text)
    __aeabi_uldivmod                         0x08000775   Thumb Code    98  uldiv.o(.text)
    __aeabi_llsl                             0x080007d7   Thumb Code    30  llshl.o(.text)
    _ll_shift_l                              0x080007d7   Thumb Code     0  llshl.o(.text)
    __aeabi_llsr                             0x080007f5   Thumb Code    32  llushr.o(.text)
    _ll_ushift_r                             0x080007f5   Thumb Code     0  llushr.o(.text)
    __aeabi_lasr                             0x08000815   Thumb Code    36  llsshr.o(.text)
    _ll_sshift_r                             0x08000815   Thumb Code     0  llsshr.o(.text)
    __I$use$fp                               0x08000839   Thumb Code     0  iusefp.o(.text)
    _float_round                             0x08000839   Thumb Code    18  fepilogue.o(.text)
    _float_epilogue                          0x0800084b   Thumb Code    92  fepilogue.o(.text)
    _double_round                            0x080008a7   Thumb Code    30  depilogue.o(.text)
    _double_epilogue                         0x080008c5   Thumb Code   156  depilogue.o(.text)
    __scatterload                            0x08000961   Thumb Code    28  init.o(.text)
    __scatterload_rt2                        0x08000961   Thumb Code     0  init.o(.text)
    ADC1_2_IRQHandler                        0x08000985   Thumb Code   106  app_bat.o(i.ADC1_2_IRQHandler)
    ADC_ClearFlag                            0x08000a05   Thumb Code     6  stm32f10x_adc.o(i.ADC_ClearFlag)
    ADC_GetFlagStatus                        0x08000a0b   Thumb Code    18  stm32f10x_adc.o(i.ADC_GetFlagStatus)
    ADC_GetInjectedConversionValue           0x08000a1d   Thumb Code    28  stm32f10x_adc.o(i.ADC_GetInjectedConversionValue)
    App_Encoder_GetSpeed_L                   0x08000afd   Thumb Code    10  app_encoder.o(i.App_Encoder_GetSpeed_L)
    App_Encoder_Init                         0x08000b0d   Thumb Code    28  app_encoder.o(i.App_Encoder_Init)
    App_Motor_Init                           0x08000b49   Thumb Code    48  app_motor.o(i.App_Motor_Init)
    App_PWM_Init                             0x08000b91   Thumb Code   268  app_pwm.o(i.App_PWM_Init)
    App_USART3_Init                          0x08000ca9   Thumb Code   130  app_usart2.o(i.App_USART3_Init)
    BusFault_Handler                         0x08000d35   Thumb Code     4  stm32f10x_it.o(i.BusFault_Handler)
    DebugMon_Handler                         0x08000d39   Thumb Code     2  stm32f10x_it.o(i.DebugMon_Handler)
    Delay_Init                               0x08000d3d   Thumb Code   192  delay.o(i.Delay_Init)
    Encoder_T_Method_Test                    0x08000f51   Thumb Code    54  app_encoder.o(i.Encoder_T_Method_Test)
    GPIO_Init                                0x08000f9d   Thumb Code   278  stm32f10x_gpio.o(i.GPIO_Init)
    GPIO_PinRemapConfig                      0x080010b5   Thumb Code   138  stm32f10x_gpio.o(i.GPIO_PinRemapConfig)
    GetTick                                  0x08001145   Thumb Code    12  delay.o(i.GetTick)
    GetUs                                    0x08001155   Thumb Code   118  delay.o(i.GetUs)
    HardFault_Handler                        0x080011d5   Thumb Code     4  stm32f10x_it.o(i.HardFault_Handler)
    MemManage_Handler                        0x080011d9   Thumb Code     4  stm32f10x_it.o(i.MemManage_Handler)
    My_USART_Printf                          0x080011dd   Thumb Code    42  usart.o(i.My_USART_Printf)
    My_USART_SendBytes                       0x08001207   Thumb Code    68  usart.o(i.My_USART_SendBytes)
    My_USART_SendString                      0x0800124b   Thumb Code    26  usart.o(i.My_USART_SendString)
    NMI_Handler                              0x08001265   Thumb Code     2  stm32f10x_it.o(i.NMI_Handler)
    NVIC_PriorityGroupConfig                 0x08001269   Thumb Code    10  misc.o(i.NVIC_PriorityGroupConfig)
    PID_Init                                 0x0800127d   Thumb Code    32  pid.o(i.PID_Init)
    PID_LimitConfig                          0x080012a5   Thumb Code     6  pid.o(i.PID_LimitConfig)
    PT1Filter_Apply                          0x080012ab   Thumb Code    60  filter.o(i.PT1Filter_Apply)
    PT1Filter_Init                           0x080012e7   Thumb Code    40  filter.o(i.PT1Filter_Init)
    PT1Filter_InitWithFreq                   0x08001311   Thumb Code    46  filter.o(i.PT1Filter_InitWithFreq)
    PWM_Test1                                0x08001345   Thumb Code   136  app_pwm.o(i.PWM_Test1)
    PendSV_Handler                           0x080013d9   Thumb Code     2  stm32f10x_it.o(i.PendSV_Handler)
    RCC_APB1PeriphClockCmd                   0x080013dd   Thumb Code    26  stm32f10x_rcc.o(i.RCC_APB1PeriphClockCmd)
    RCC_APB2PeriphClockCmd                   0x080013fd   Thumb Code    26  stm32f10x_rcc.o(i.RCC_APB2PeriphClockCmd)
    RCC_GetClocksFreq                        0x0800141d   Thumb Code   192  stm32f10x_rcc.o(i.RCC_GetClocksFreq)
    SVC_Handler                              0x080014f1   Thumb Code     2  stm32f10x_it.o(i.SVC_Handler)
    SysTick_Handler                          0x080015dd   Thumb Code    24  stm32f10x_it.o(i.SysTick_Handler)
    SystemInit                               0x080015f9   Thumb Code    78  system_stm32f10x.o(i.SystemInit)
    TIM_ARRPreloadConfig                     0x08001899   Thumb Code    24  stm32f10x_tim.o(i.TIM_ARRPreloadConfig)
    TIM_Cmd                                  0x080018b1   Thumb Code    24  stm32f10x_tim.o(i.TIM_Cmd)
    TIM_CtrlPWMOutputs                       0x080018c9   Thumb Code    30  stm32f10x_tim.o(i.TIM_CtrlPWMOutputs)
    TIM_EncoderInterfaceConfig               0x080018e7   Thumb Code    66  stm32f10x_tim.o(i.TIM_EncoderInterfaceConfig)
    TIM_GetCapture1                          0x08001929   Thumb Code     6  stm32f10x_tim.o(i.TIM_GetCapture1)
    TIM_GetCapture2                          0x0800192f   Thumb Code     6  stm32f10x_tim.o(i.TIM_GetCapture2)
    TIM_GetCapture3                          0x08001935   Thumb Code     6  stm32f10x_tim.o(i.TIM_GetCapture3)
    TIM_GetCapture4                          0x0800193b   Thumb Code     8  stm32f10x_tim.o(i.TIM_GetCapture4)
    TIM_GetCounter                           0x08001943   Thumb Code     6  stm32f10x_tim.o(i.TIM_GetCounter)
    TIM_ICInit                               0x08001949   Thumb Code   150  stm32f10x_tim.o(i.TIM_ICInit)
    TIM_ICStructInit                         0x080019f5   Thumb Code    18  stm32f10x_tim.o(i.TIM_ICStructInit)
    TIM_OC1Init                              0x08001a09   Thumb Code   132  stm32f10x_tim.o(i.TIM_OC1Init)
    TIM_OC1PreloadConfig                     0x08001aa1   Thumb Code    18  stm32f10x_tim.o(i.TIM_OC1PreloadConfig)
    TIM_OC2Init                              0x08001ab5   Thumb Code   154  stm32f10x_tim.o(i.TIM_OC2Init)
    TIM_OC2PreloadConfig                     0x08001b59   Thumb Code    26  stm32f10x_tim.o(i.TIM_OC2PreloadConfig)
    TIM_OC3Init                              0x08001b75   Thumb Code   150  stm32f10x_tim.o(i.TIM_OC3Init)
    TIM_OC3PreloadConfig                     0x08001c15   Thumb Code    18  stm32f10x_tim.o(i.TIM_OC3PreloadConfig)
    TIM_OC4Init                              0x08001c29   Thumb Code   114  stm32f10x_tim.o(i.TIM_OC4Init)
    TIM_OC4PreloadConfig                     0x08001ca5   Thumb Code    26  stm32f10x_tim.o(i.TIM_OC4PreloadConfig)
    TIM_SetCompare1                          0x08001cbf   Thumb Code     4  stm32f10x_tim.o(i.TIM_SetCompare1)
    TIM_SetCompare2                          0x08001cc3   Thumb Code     4  stm32f10x_tim.o(i.TIM_SetCompare2)
    TIM_SetCompare3                          0x08001cc7   Thumb Code     4  stm32f10x_tim.o(i.TIM_SetCompare3)
    TIM_SetCompare4                          0x08001ccb   Thumb Code     6  stm32f10x_tim.o(i.TIM_SetCompare4)
    TIM_SetCounter                           0x08001cd1   Thumb Code     4  stm32f10x_tim.o(i.TIM_SetCounter)
    TIM_SetIC1Prescaler                      0x08001cd5   Thumb Code    18  stm32f10x_tim.o(i.TIM_SetIC1Prescaler)
    TIM_SetIC2Prescaler                      0x08001ce7   Thumb Code    26  stm32f10x_tim.o(i.TIM_SetIC2Prescaler)
    TIM_SetIC3Prescaler                      0x08001d01   Thumb Code    18  stm32f10x_tim.o(i.TIM_SetIC3Prescaler)
    TIM_SetIC4Prescaler                      0x08001d13   Thumb Code    26  stm32f10x_tim.o(i.TIM_SetIC4Prescaler)
    TIM_TimeBaseInit                         0x08001d2d   Thumb Code   122  stm32f10x_tim.o(i.TIM_TimeBaseInit)
    USART_Cmd                                0x08001dd1   Thumb Code    24  stm32f10x_usart.o(i.USART_Cmd)
    USART_GetFlagStatus                      0x08001de9   Thumb Code    26  stm32f10x_usart.o(i.USART_GetFlagStatus)
    USART_Init                               0x08001e05   Thumb Code   210  stm32f10x_usart.o(i.USART_Init)
    USART_SendData                           0x08001edd   Thumb Code     8  stm32f10x_usart.o(i.USART_SendData)
    UsageFault_Handler                       0x08001ee5   Thumb Code     4  stm32f10x_it.o(i.UsageFault_Handler)
    __0vsprintf                              0x08001ee9   Thumb Code    30  printfa.o(i.__0vsprintf)
    __1vsprintf                              0x08001ee9   Thumb Code     0  printfa.o(i.__0vsprintf)
    __2vsprintf                              0x08001ee9   Thumb Code     0  printfa.o(i.__0vsprintf)
    __c89vsprintf                            0x08001ee9   Thumb Code     0  printfa.o(i.__0vsprintf)
    vsprintf                                 0x08001ee9   Thumb Code     0  printfa.o(i.__0vsprintf)
    __scatterload_copy                       0x08001f0d   Thumb Code    14  handlers.o(i.__scatterload_copy)
    __scatterload_null                       0x08001f1b   Thumb Code     2  handlers.o(i.__scatterload_null)
    __scatterload_zeroinit                   0x08001f1d   Thumb Code    14  handlers.o(i.__scatterload_zeroinit)
    aiPwmInit                                0x080027c1   Thumb Code    54  ai_pwm.o(i.aiPwmInit)
    aiPwmPercentVolCompensate                0x080027f7   Thumb Code    54  ai_pwm.o(i.aiPwmPercentVolCompensate)
    aiPwmProcess                             0x0800282d   Thumb Code   180  ai_pwm.o(i.aiPwmProcess)
    aiPwmSetPercent                          0x080028e1   Thumb Code    20  ai_pwm.o(i.aiPwmSetPercent)
    aiPwmVolCompensate                       0x080028f5   Thumb Code    40  ai_pwm.o(i.aiPwmVolCompensate)
    blink_dev_create                         0x0800291d   Thumb Code    52  blink.o(i.blink_dev_create)
    blink_dev_ctrl                           0x08002955   Thumb Code    44  blink.o(i.blink_dev_ctrl)
    blink_dev_process                        0x08002981   Thumb Code   116  blink.o(i.blink_dev_process)
    get_tick                                 0x08002a35   Thumb Code     8  module.o(i.get_tick)
    led_ctrl                                 0x08002a3d   Thumb Code    90  led.o(i.led_ctrl)
    main                                     0x08002ae5   Thumb Code    20  main.o(i.main)
    module_task_init                         0x08002af9   Thumb Code    22  module.o(i.module_task_init)
    module_task_process                      0x08002b19   Thumb Code    44  module.o(i.module_task_process)
    motorHwInit                              0x08002b4d   Thumb Code    88  app_pwm.o(i.motorHwInit)
    motorHwProcess                           0x08002bb5   Thumb Code    44  app_pwm.o(i.motorHwProcess)
    motorLeftHwBreak                         0x08002c01   Thumb Code    20  app_pwm.o(i.motorLeftHwBreak)
    motorLeftHwClk                           0x08002c15   Thumb Code    22  app_pwm.o(i.motorLeftHwClk)
    motorLeftHwSetDuty                       0x08002c2d   Thumb Code    24  app_pwm.o(i.motorLeftHwSetDuty)
    motorLeftHwSetDuty2                      0x08002c49   Thumb Code    24  app_pwm.o(i.motorLeftHwSetDuty2)
    motorLeftHwSetPercent                    0x08002c65   Thumb Code    16  app_pwm.o(i.motorLeftHwSetPercent)
    motorLeftHwSetPercent2                   0x08002c7d   Thumb Code    16  app_pwm.o(i.motorLeftHwSetPercent2)
    motorLeftHwUnclk                         0x08002c95   Thumb Code    22  app_pwm.o(i.motorLeftHwUnclk)
    motorRightHwBreak                        0x08002cab   Thumb Code    20  app_pwm.o(i.motorRightHwBreak)
    motorRightHwClk                          0x08002cbf   Thumb Code    22  app_pwm.o(i.motorRightHwClk)
    motorRightHwSetDuty                      0x08002cd5   Thumb Code    24  app_pwm.o(i.motorRightHwSetDuty)
    motorRightHwSetDuty2                     0x08002cf1   Thumb Code    24  app_pwm.o(i.motorRightHwSetDuty2)
    motorRightHwSetPercent                   0x08002d0d   Thumb Code    16  app_pwm.o(i.motorRightHwSetPercent)
    motorRightHwSetPercent2                  0x08002d25   Thumb Code    16  app_pwm.o(i.motorRightHwSetPercent2)
    motorRightHwUnclk                        0x08002d3d   Thumb Code    22  app_pwm.o(i.motorRightHwUnclk)
    Region$$Table$$Base                      0x08002da4   Number         0  anon$$obj.o(Region$$Table)
    Region$$Table$$Limit                     0x08002dc4   Number         0  anon$$obj.o(Region$$Table)
    init_tbl_start                           0x08002dc4   Data           8  module.o(init.item.0)
    init_tbl_App_USART3_Init                 0x08002dcc   Data           8  app_usart2.o(init.item.2)
    init_tbl_motorHwInit                     0x08002dd4   Data           8  app_pwm.o(init.item.2)
    init_tbl_App_Encoder_Init                0x08002ddc   Data           8  app_encoder.o(init.item.2)
    init_tbl_led_io_init                     0x08002de4   Data           8  led.o(init.item.2)
    init_tbl_App_Motor_Init                  0x08002dec   Data           8  app_motor.o(init.item.2)
    init_tbl_end                             0x08002df4   Data           8  module.o(init.item.4)
    task_tbl_start                           0x08002dfc   Data          16  module.o(task.item.0)
    task_item_PWM_Test1                      0x08002e0c   Data          16  app_pwm.o(task.item.1)
    task_item_Encoder_T_Method_Test          0x08002e1c   Data          16  app_encoder.o(task.item.1)
    task_item_blink_dev_process              0x08002e2c   Data          16  led.o(task.item.1)
    task_tbl_end                             0x08002e3c   Data          16  module.o(task.item.2)
    pwmR                                     0x2000000c   Data           4  app_pwm.o(.data)
    pwmL                                     0x20000010   Data           4  app_pwm.o(.data)
    omega_encoder_l                          0x2000001c   Data           4  app_encoder.o(.data)
    omega_encoder_r                          0x20000020   Data           4  app_encoder.o(.data)
    ulTicks                                  0x20000040   Data           4  delay.o(.data)
    MotorLeftSoftForward                     0x20000050   Data          16  app_pwm.o(.bss)
    MotorLeftSoftBack                        0x20000060   Data          16  app_pwm.o(.bss)
    MotorRightSoftForward                    0x20000070   Data          16  app_pwm.o(.bss)
    MotorRightSoftBack                       0x20000080   Data          16  app_pwm.o(.bss)
    encoder_R                                0x20000090   Data          56  app_encoder.o(.bss)
    encoder_L                                0x200000c8   Data          56  app_encoder.o(.bss)
    pid_motor_l                              0x20000140   Data          40  app_motor.o(.bss)
    pid_motor_r                              0x20000168   Data          40  app_motor.o(.bss)
    __initial_sp                             0x20001190   Data           0  startup_stm32f10x_md.o(STACK)



==============================================================================

Memory Map of the image

  Image Entry point : 0x080000ed

  Load Region LR_IROM1 (Base: 0x08000000, Size: 0x00002e9c, Max: 0x00010000, ABSOLUTE)

    Execution Region ER_IROM1 (Exec base: 0x08000000, Load base: 0x08000000, Size: 0x00002e4c, Max: 0x00010000, ABSOLUTE)

    Exec Addr    Load Addr    Size         Type   Attr      Idx    E Section Name        Object

    0x08000000   0x08000000   0x000000ec   Data   RO          811    RESET               startup_stm32f10x_md.o
    0x080000ec   0x080000ec   0x00000000   Code   RO         5354  * .ARM.Collect$$$$00000000  mc_w.l(entry.o)
    0x080000ec   0x080000ec   0x00000004   Code   RO         5511    .ARM.Collect$$$$00000001  mc_w.l(entry2.o)
    0x080000f0   0x080000f0   0x00000004   Code   RO         5514    .ARM.Collect$$$$00000004  mc_w.l(entry5.o)
    0x080000f4   0x080000f4   0x00000000   Code   RO         5516    .ARM.Collect$$$$00000008  mc_w.l(entry7b.o)
    0x080000f4   0x080000f4   0x00000000   Code   RO         5518    .ARM.Collect$$$$0000000A  mc_w.l(entry8b.o)
    0x080000f4   0x080000f4   0x00000008   Code   RO         5519    .ARM.Collect$$$$0000000B  mc_w.l(entry9a.o)
    0x080000fc   0x080000fc   0x00000004   Code   RO         5526    .ARM.Collect$$$$0000000E  mc_w.l(entry12b.o)
    0x08000100   0x08000100   0x00000000   Code   RO         5521    .ARM.Collect$$$$0000000F  mc_w.l(entry10a.o)
    0x08000100   0x08000100   0x00000000   Code   RO         5523    .ARM.Collect$$$$00000011  mc_w.l(entry11a.o)
    0x08000100   0x08000100   0x00000004   Code   RO         5512    .ARM.Collect$$$$00002712  mc_w.l(entry2.o)
    0x08000104   0x08000104   0x00000024   Code   RO          812    .text               startup_stm32f10x_md.o
    0x08000128   0x08000128   0x00000024   Code   RO         5357    .text               mc_w.l(memseta.o)
    0x0800014c   0x0800014c   0x0000000e   Code   RO         5359    .text               mc_w.l(strlen.o)
    0x0800015a   0x0800015a   0x000000b0   Code   RO         5417    .text               mf_w.l(fadd.o)
    0x0800020a   0x0800020a   0x00000064   Code   RO         5419    .text               mf_w.l(fmul.o)
    0x0800026e   0x0800026e   0x0000007c   Code   RO         5421    .text               mf_w.l(fdiv.o)
    0x080002ea   0x080002ea   0x0000014e   Code   RO         5423    .text               mf_w.l(dadd.o)
    0x08000438   0x08000438   0x000000e4   Code   RO         5425    .text               mf_w.l(dmul.o)
    0x0800051c   0x0800051c   0x000000de   Code   RO         5427    .text               mf_w.l(ddiv.o)
    0x080005fa   0x080005fa   0x00000012   Code   RO         5429    .text               mf_w.l(fflti.o)
    0x0800060c   0x0800060c   0x0000000a   Code   RO         5431    .text               mf_w.l(ffltui.o)
    0x08000616   0x08000616   0x0000001c   Code   RO         5433    .text               mf_w.l(ffltul.o)
    0x08000632   0x08000632   0x0000001a   Code   RO         5437    .text               mf_w.l(dfltui.o)
    0x0800064c   0x0800064c   0x00000028   Code   RO         5441    .text               mf_w.l(ffixui.o)
    0x08000674   0x08000674   0x00000030   Code   RO         5447    .text               mf_w.l(dfixul.o)
    0x080006a4   0x080006a4   0x00000026   Code   RO         5449    .text               mf_w.l(f2d.o)
    0x080006ca   0x080006ca   0x00000002   PAD
    0x080006cc   0x080006cc   0x00000030   Code   RO         5451    .text               mf_w.l(cdrcmple.o)
    0x080006fc   0x080006fc   0x00000038   Code   RO         5453    .text               mf_w.l(d2f.o)
    0x08000734   0x08000734   0x00000014   Code   RO         5457    .text               mf_w.l(cfrcmple.o)
    0x08000748   0x08000748   0x0000002c   Code   RO         5530    .text               mc_w.l(uidiv.o)
    0x08000774   0x08000774   0x00000062   Code   RO         5532    .text               mc_w.l(uldiv.o)
    0x080007d6   0x080007d6   0x0000001e   Code   RO         5534    .text               mc_w.l(llshl.o)
    0x080007f4   0x080007f4   0x00000020   Code   RO         5536    .text               mc_w.l(llushr.o)
    0x08000814   0x08000814   0x00000024   Code   RO         5538    .text               mc_w.l(llsshr.o)
    0x08000838   0x08000838   0x00000000   Code   RO         5553    .text               mc_w.l(iusefp.o)
    0x08000838   0x08000838   0x0000006e   Code   RO         5554    .text               mf_w.l(fepilogue.o)
    0x080008a6   0x080008a6   0x000000ba   Code   RO         5560    .text               mf_w.l(depilogue.o)
    0x08000960   0x08000960   0x00000024   Code   RO         5572    .text               mc_w.l(init.o)
    0x08000984   0x08000984   0x00000080   Code   RO          269    i.ADC1_2_IRQHandler  app_bat.o
    0x08000a04   0x08000a04   0x00000006   Code   RO          871    i.ADC_ClearFlag     stm32f10x_adc.o
    0x08000a0a   0x08000a0a   0x00000012   Code   RO          884    i.ADC_GetFlagStatus  stm32f10x_adc.o
    0x08000a1c   0x08000a1c   0x0000001c   Code   RO          886    i.ADC_GetInjectedConversionValue  stm32f10x_adc.o
    0x08000a38   0x08000a38   0x00000038   Code   RO          570    i.App_EncoderInst_Init  app_encoder.o
    0x08000a70   0x08000a70   0x0000008c   Code   RO          573    i.App_Encoder_GetSpeed  app_encoder.o
    0x08000afc   0x08000afc   0x00000010   Code   RO          574    i.App_Encoder_GetSpeed_L  app_encoder.o
    0x08000b0c   0x08000b0c   0x0000003c   Code   RO          576    i.App_Encoder_Init  app_encoder.o
    0x08000b48   0x08000b48   0x00000048   Code   RO          744    i.App_Motor_Init    app_motor.o
    0x08000b90   0x08000b90   0x00000118   Code   RO          407    i.App_PWM_Init      app_pwm.o
    0x08000ca8   0x08000ca8   0x0000008c   Code   RO          331    i.App_USART3_Init   app_usart2.o
    0x08000d34   0x08000d34   0x00000004   Code   RO          193    i.BusFault_Handler  stm32f10x_it.o
    0x08000d38   0x08000d38   0x00000002   Code   RO          194    i.DebugMon_Handler  stm32f10x_it.o
    0x08000d3a   0x08000d3a   0x00000002   PAD
    0x08000d3c   0x08000d3c   0x000000d4   Code   RO         4064    i.Delay_Init        delay.o
    0x08000e10   0x08000e10   0x00000080   Code   RO          577    i.Encoder_L_Init    app_encoder.o
    0x08000e90   0x08000e90   0x000000c0   Code   RO          578    i.Encoder_R_Init    app_encoder.o
    0x08000f50   0x08000f50   0x0000004c   Code   RO          579    i.Encoder_T_Method_Test  app_encoder.o
    0x08000f9c   0x08000f9c   0x00000116   Code   RO         2114    i.GPIO_Init         stm32f10x_gpio.o
    0x080010b2   0x080010b2   0x00000002   PAD
    0x080010b4   0x080010b4   0x00000090   Code   RO         2116    i.GPIO_PinRemapConfig  stm32f10x_gpio.o
    0x08001144   0x08001144   0x00000010   Code   RO         4065    i.GetTick           delay.o
    0x08001154   0x08001154   0x00000080   Code   RO         4066    i.GetUs             delay.o
    0x080011d4   0x080011d4   0x00000004   Code   RO          195    i.HardFault_Handler  stm32f10x_it.o
    0x080011d8   0x080011d8   0x00000004   Code   RO          196    i.MemManage_Handler  stm32f10x_it.o
    0x080011dc   0x080011dc   0x0000002a   Code   RO         4116    i.My_USART_Printf   usart.o
    0x08001206   0x08001206   0x00000044   Code   RO         4121    i.My_USART_SendBytes  usart.o
    0x0800124a   0x0800124a   0x0000001a   Code   RO         4123    i.My_USART_SendString  usart.o
    0x08001264   0x08001264   0x00000002   Code   RO          197    i.NMI_Handler       stm32f10x_it.o
    0x08001266   0x08001266   0x00000002   PAD
    0x08001268   0x08001268   0x00000014   Code   RO          820    i.NVIC_PriorityGroupConfig  misc.o
    0x0800127c   0x0800127c   0x00000028   Code   RO         4814    i.PID_Init          pid.o
    0x080012a4   0x080012a4   0x00000006   Code   RO         4815    i.PID_LimitConfig   pid.o
    0x080012aa   0x080012aa   0x0000003c   Code   RO         5146    i.PT1Filter_Apply   filter.o
    0x080012e6   0x080012e6   0x00000028   Code   RO         5147    i.PT1Filter_Init    filter.o
    0x0800130e   0x0800130e   0x00000002   PAD
    0x08001310   0x08001310   0x00000034   Code   RO         5148    i.PT1Filter_InitWithFreq  filter.o
    0x08001344   0x08001344   0x00000094   Code   RO          410    i.PWM_Test1         app_pwm.o
    0x080013d8   0x080013d8   0x00000002   Code   RO          198    i.PendSV_Handler    stm32f10x_it.o
    0x080013da   0x080013da   0x00000002   PAD
    0x080013dc   0x080013dc   0x00000020   Code   RO         2578    i.RCC_APB1PeriphClockCmd  stm32f10x_rcc.o
    0x080013fc   0x080013fc   0x00000020   Code   RO         2580    i.RCC_APB2PeriphClockCmd  stm32f10x_rcc.o
    0x0800141c   0x0800141c   0x000000d4   Code   RO         2588    i.RCC_GetClocksFreq  stm32f10x_rcc.o
    0x080014f0   0x080014f0   0x00000002   Code   RO          199    i.SVC_Handler       stm32f10x_it.o
    0x080014f2   0x080014f2   0x00000008   Code   RO          147    i.SetSysClock       system_stm32f10x.o
    0x080014fa   0x080014fa   0x00000002   PAD
    0x080014fc   0x080014fc   0x000000e0   Code   RO          148    i.SetSysClockTo72   system_stm32f10x.o
    0x080015dc   0x080015dc   0x0000001c   Code   RO          200    i.SysTick_Handler   stm32f10x_it.o
    0x080015f8   0x080015f8   0x00000060   Code   RO          150    i.SystemInit        system_stm32f10x.o
    0x08001658   0x08001658   0x00000080   Code   RO         3244    i.TI1_Config        stm32f10x_tim.o
    0x080016d8   0x080016d8   0x00000098   Code   RO         3245    i.TI2_Config        stm32f10x_tim.o
    0x08001770   0x08001770   0x00000090   Code   RO         3246    i.TI3_Config        stm32f10x_tim.o
    0x08001800   0x08001800   0x00000098   Code   RO         3247    i.TI4_Config        stm32f10x_tim.o
    0x08001898   0x08001898   0x00000018   Code   RO         3248    i.TIM_ARRPreloadConfig  stm32f10x_tim.o
    0x080018b0   0x080018b0   0x00000018   Code   RO         3260    i.TIM_Cmd           stm32f10x_tim.o
    0x080018c8   0x080018c8   0x0000001e   Code   RO         3262    i.TIM_CtrlPWMOutputs  stm32f10x_tim.o
    0x080018e6   0x080018e6   0x00000042   Code   RO         3269    i.TIM_EncoderInterfaceConfig  stm32f10x_tim.o
    0x08001928   0x08001928   0x00000006   Code   RO         3275    i.TIM_GetCapture1   stm32f10x_tim.o
    0x0800192e   0x0800192e   0x00000006   Code   RO         3276    i.TIM_GetCapture2   stm32f10x_tim.o
    0x08001934   0x08001934   0x00000006   Code   RO         3277    i.TIM_GetCapture3   stm32f10x_tim.o
    0x0800193a   0x0800193a   0x00000008   Code   RO         3278    i.TIM_GetCapture4   stm32f10x_tim.o
    0x08001942   0x08001942   0x00000006   Code   RO         3279    i.TIM_GetCounter    stm32f10x_tim.o
    0x08001948   0x08001948   0x000000ac   Code   RO         3283    i.TIM_ICInit        stm32f10x_tim.o
    0x080019f4   0x080019f4   0x00000012   Code   RO         3284    i.TIM_ICStructInit  stm32f10x_tim.o
    0x08001a06   0x08001a06   0x00000002   PAD
    0x08001a08   0x08001a08   0x00000098   Code   RO         3289    i.TIM_OC1Init       stm32f10x_tim.o
    0x08001aa0   0x08001aa0   0x00000012   Code   RO         3292    i.TIM_OC1PreloadConfig  stm32f10x_tim.o
    0x08001ab2   0x08001ab2   0x00000002   PAD
    0x08001ab4   0x08001ab4   0x000000a4   Code   RO         3294    i.TIM_OC2Init       stm32f10x_tim.o
    0x08001b58   0x08001b58   0x0000001a   Code   RO         3297    i.TIM_OC2PreloadConfig  stm32f10x_tim.o
    0x08001b72   0x08001b72   0x00000002   PAD
    0x08001b74   0x08001b74   0x000000a0   Code   RO         3299    i.TIM_OC3Init       stm32f10x_tim.o
    0x08001c14   0x08001c14   0x00000012   Code   RO         3302    i.TIM_OC3PreloadConfig  stm32f10x_tim.o
    0x08001c26   0x08001c26   0x00000002   PAD
    0x08001c28   0x08001c28   0x0000007c   Code   RO         3304    i.TIM_OC4Init       stm32f10x_tim.o
    0x08001ca4   0x08001ca4   0x0000001a   Code   RO         3306    i.TIM_OC4PreloadConfig  stm32f10x_tim.o
    0x08001cbe   0x08001cbe   0x00000004   Code   RO         3321    i.TIM_SetCompare1   stm32f10x_tim.o
    0x08001cc2   0x08001cc2   0x00000004   Code   RO         3322    i.TIM_SetCompare2   stm32f10x_tim.o
    0x08001cc6   0x08001cc6   0x00000004   Code   RO         3323    i.TIM_SetCompare3   stm32f10x_tim.o
    0x08001cca   0x08001cca   0x00000006   Code   RO         3324    i.TIM_SetCompare4   stm32f10x_tim.o
    0x08001cd0   0x08001cd0   0x00000004   Code   RO         3325    i.TIM_SetCounter    stm32f10x_tim.o
    0x08001cd4   0x08001cd4   0x00000012   Code   RO         3326    i.TIM_SetIC1Prescaler  stm32f10x_tim.o
    0x08001ce6   0x08001ce6   0x0000001a   Code   RO         3327    i.TIM_SetIC2Prescaler  stm32f10x_tim.o
    0x08001d00   0x08001d00   0x00000012   Code   RO         3328    i.TIM_SetIC3Prescaler  stm32f10x_tim.o
    0x08001d12   0x08001d12   0x0000001a   Code   RO         3329    i.TIM_SetIC4Prescaler  stm32f10x_tim.o
    0x08001d2c   0x08001d2c   0x000000a4   Code   RO         3331    i.TIM_TimeBaseInit  stm32f10x_tim.o
    0x08001dd0   0x08001dd0   0x00000018   Code   RO         3808    i.USART_Cmd         stm32f10x_usart.o
    0x08001de8   0x08001de8   0x0000001a   Code   RO         3811    i.USART_GetFlagStatus  stm32f10x_usart.o
    0x08001e02   0x08001e02   0x00000002   PAD
    0x08001e04   0x08001e04   0x000000d8   Code   RO         3815    i.USART_Init        stm32f10x_usart.o
    0x08001edc   0x08001edc   0x00000008   Code   RO         3825    i.USART_SendData    stm32f10x_usart.o
    0x08001ee4   0x08001ee4   0x00000004   Code   RO          201    i.UsageFault_Handler  stm32f10x_it.o
    0x08001ee8   0x08001ee8   0x00000024   Code   RO         5368    i.__0vsprintf       mc_w.l(printfa.o)
    0x08001f0c   0x08001f0c   0x0000000e   Code   RO         5582    i.__scatterload_copy  mc_w.l(handlers.o)
    0x08001f1a   0x08001f1a   0x00000002   Code   RO         5583    i.__scatterload_null  mc_w.l(handlers.o)
    0x08001f1c   0x08001f1c   0x0000000e   Code   RO         5584    i.__scatterload_zeroinit  mc_w.l(handlers.o)
    0x08001f2a   0x08001f2a   0x00000002   PAD
    0x08001f2c   0x08001f2c   0x00000184   Code   RO         5369    i._fp_digits        mc_w.l(printfa.o)
    0x080020b0   0x080020b0   0x000006b4   Code   RO         5370    i._printf_core      mc_w.l(printfa.o)
    0x08002764   0x08002764   0x00000024   Code   RO         5371    i._printf_post_padding  mc_w.l(printfa.o)
    0x08002788   0x08002788   0x0000002e   Code   RO         5372    i._printf_pre_padding  mc_w.l(printfa.o)
    0x080027b6   0x080027b6   0x0000000a   Code   RO         5374    i._sputc            mc_w.l(printfa.o)
    0x080027c0   0x080027c0   0x00000036   Code   RO         4896    i.aiPwmInit         ai_pwm.o
    0x080027f6   0x080027f6   0x00000036   Code   RO         4897    i.aiPwmPercentVolCompensate  ai_pwm.o
    0x0800282c   0x0800282c   0x000000b4   Code   RO         4898    i.aiPwmProcess      ai_pwm.o
    0x080028e0   0x080028e0   0x00000014   Code   RO         4899    i.aiPwmSetPercent   ai_pwm.o
    0x080028f4   0x080028f4   0x00000028   Code   RO         4900    i.aiPwmVolCompensate  ai_pwm.o
    0x0800291c   0x0800291c   0x00000038   Code   RO         5043    i.blink_dev_create  blink.o
    0x08002954   0x08002954   0x0000002c   Code   RO         5044    i.blink_dev_ctrl    blink.o
    0x08002980   0x08002980   0x00000078   Code   RO         5045    i.blink_dev_process  blink.o
    0x080029f8   0x080029f8   0x0000000e   Code   RO          580    i.encoder_L_Read    app_encoder.o
    0x08002a06   0x08002a06   0x0000000e   Code   RO          581    i.encoder_L_clr     app_encoder.o
    0x08002a14   0x08002a14   0x00000010   Code   RO          582    i.encoder_R_Read    app_encoder.o
    0x08002a24   0x08002a24   0x00000010   Code   RO          583    i.encoder_R_clr     app_encoder.o
    0x08002a34   0x08002a34   0x00000008   Code   RO         5086    i.get_tick          module.o
    0x08002a3c   0x08002a3c   0x00000060   Code   RO          685    i.led_ctrl          led.o
    0x08002a9c   0x08002a9c   0x00000048   Code   RO          686    i.led_io_init       led.o
    0x08002ae4   0x08002ae4   0x00000014   Code   RO            4    i.main              main.o
    0x08002af8   0x08002af8   0x00000020   Code   RO         5088    i.module_task_init  module.o
    0x08002b18   0x08002b18   0x00000034   Code   RO         5089    i.module_task_process  module.o
    0x08002b4c   0x08002b4c   0x00000068   Code   RO          411    i.motorHwInit       app_pwm.o
    0x08002bb4   0x08002bb4   0x0000004c   Code   RO          412    i.motorHwProcess    app_pwm.o
    0x08002c00   0x08002c00   0x00000014   Code   RO          413    i.motorLeftHwBreak  app_pwm.o
    0x08002c14   0x08002c14   0x00000016   Code   RO          414    i.motorLeftHwClk    app_pwm.o
    0x08002c2a   0x08002c2a   0x00000002   PAD
    0x08002c2c   0x08002c2c   0x0000001c   Code   RO          415    i.motorLeftHwSetDuty  app_pwm.o
    0x08002c48   0x08002c48   0x0000001c   Code   RO          416    i.motorLeftHwSetDuty2  app_pwm.o
    0x08002c64   0x08002c64   0x00000018   Code   RO          417    i.motorLeftHwSetPercent  app_pwm.o
    0x08002c7c   0x08002c7c   0x00000018   Code   RO          418    i.motorLeftHwSetPercent2  app_pwm.o
    0x08002c94   0x08002c94   0x00000016   Code   RO          419    i.motorLeftHwUnclk  app_pwm.o
    0x08002caa   0x08002caa   0x00000014   Code   RO          420    i.motorRightHwBreak  app_pwm.o
    0x08002cbe   0x08002cbe   0x00000016   Code   RO          421    i.motorRightHwClk   app_pwm.o
    0x08002cd4   0x08002cd4   0x0000001c   Code   RO          422    i.motorRightHwSetDuty  app_pwm.o
    0x08002cf0   0x08002cf0   0x0000001c   Code   RO          423    i.motorRightHwSetDuty2  app_pwm.o
    0x08002d0c   0x08002d0c   0x00000018   Code   RO          424    i.motorRightHwSetPercent  app_pwm.o
    0x08002d24   0x08002d24   0x00000018   Code   RO          425    i.motorRightHwSetPercent2  app_pwm.o
    0x08002d3c   0x08002d3c   0x00000016   Code   RO          426    i.motorRightHwUnclk  app_pwm.o
    0x08002d52   0x08002d52   0x00000002   Code   RO         5090    i.nop_process       module.o
    0x08002d54   0x08002d54   0x00000024   Code   RO          687    i.red_led_ctrl      led.o
    0x08002d78   0x08002d78   0x0000000c   Data   RO          332    .conststrlit        app_usart2.o
    0x08002d84   0x08002d84   0x00000004   Data   RO          428    .conststrlit        app_pwm.o
    0x08002d88   0x08002d88   0x0000000c   Data   RO          585    .conststrlit        app_encoder.o
    0x08002d94   0x08002d94   0x00000004   Data   RO          689    .conststrlit        led.o
    0x08002d98   0x08002d98   0x00000006   Data   RO          750    .conststrlit        app_motor.o
    0x08002d9e   0x08002d9e   0x00000002   PAD
    0x08002da0   0x08002da0   0x00000001   Data   RO         5092    .conststrlit        module.o
    0x08002da1   0x08002da1   0x00000003   PAD
    0x08002da4   0x08002da4   0x00000020   Data   RO         5580    Region$$Table       anon$$obj.o
    0x08002dc4   0x08002dc4   0x00000008   Data   RO         5094    init.item.0         module.o
    0x08002dcc   0x08002dcc   0x00000008   Data   RO          333    init.item.2         app_usart2.o
    0x08002dd4   0x08002dd4   0x00000008   Data   RO          430    init.item.2         app_pwm.o
    0x08002ddc   0x08002ddc   0x00000008   Data   RO          587    init.item.2         app_encoder.o
    0x08002de4   0x08002de4   0x00000008   Data   RO          691    init.item.2         led.o
    0x08002dec   0x08002dec   0x00000008   Data   RO          752    init.item.2         app_motor.o
    0x08002df4   0x08002df4   0x00000008   Data   RO         5095    init.item.4         module.o
    0x08002dfc   0x08002dfc   0x00000010   Data   RO         5096    task.item.0         module.o
    0x08002e0c   0x08002e0c   0x00000010   Data   RO          431    task.item.1         app_pwm.o
    0x08002e1c   0x08002e1c   0x00000010   Data   RO          588    task.item.1         app_encoder.o
    0x08002e2c   0x08002e2c   0x00000010   Data   RO          692    task.item.1         led.o
    0x08002e3c   0x08002e3c   0x00000010   Data   RO         5097    task.item.2         module.o


    Execution Region RW_IRAM1 (Exec base: 0x20000000, Load base: 0x08002e4c, Size: 0x00001190, Max: 0x00005000, ABSOLUTE)

    Exec Addr    Load Addr    Size         Type   Attr      Idx    E Section Name        Object

    0x20000000   0x08002e4c   0x00000009   Data   RW          276    .data               app_bat.o
    0x20000009   0x08002e55   0x00000003   PAD
    0x2000000c   0x08002e58   0x00000010   Data   RW          429    .data               app_pwm.o
    0x2000001c   0x08002e68   0x0000000c   Data   RW          586    .data               app_encoder.o
    0x20000028   0x08002e74   0x00000004   Data   RW          690    .data               led.o
    0x2000002c   0x08002e78   0x00000014   Data   RW         2608    .data               stm32f10x_rcc.o
    0x20000040   0x08002e8c   0x0000000c   Data   RW         4067    .data               delay.o
    0x2000004c   0x08002e98   0x00000004   Data   RW         5046    .data               blink.o
    0x20000050        -       0x00000040   Zero   RW          427    .bss                app_pwm.o
    0x20000090        -       0x00000070   Zero   RW          584    .bss                app_encoder.o
    0x20000100        -       0x0000003c   Zero   RW          688    .bss                led.o
    0x2000013c   0x08002e9c   0x00000004   PAD
    0x20000140        -       0x00000050   Zero   RW          749    .bss                app_motor.o
    0x20000190        -       0x00001000   Zero   RW          809    STACK               startup_stm32f10x_md.o


==============================================================================

Image component sizes


      Code (inc. data)   RO Data    RW Data    ZI Data      Debug   Object Name

       348          0          0          0          0       4310   ai_pwm.o
       128         22          0          9          0        744   app_bat.o
       728        106         36         12        112      10480   app_encoder.o
        72         24         14          0         80       1835   app_motor.o
       944        120         28         16         64      13464   app_pwm.o
       140         10         20          0          0       1249   app_usart2.o
       220          8          0          4          0       4492   blink.o
       356         34          0         12          0       2229   delay.o
       152          6          0          0          0       2932   filter.o
       204         26         28          4         60       3346   led.o
        20          0          0          0          0     263059   main.o
        20         10          0          0          0        499   misc.o
        94         18         49          0          0       2634   module.o
        46          8          0          0          0       1893   pid.o
        36          8        236          0       4096        784   startup_stm32f10x_md.o
        52          0          0          0          0       3929   stm32f10x_adc.o
       422          6          0          0          0       2878   stm32f10x_gpio.o
        52          4          0          0          0       3698   stm32f10x_it.o
       276         32          0         20          0       4494   stm32f10x_rcc.o
      1904        200          0          0          0      20360   stm32f10x_tim.o
       274          6          0          0          0       4064   stm32f10x_usart.o
       328         28          0          0          0       1925   system_stm32f10x.o
       136          0          0          0          0       2997   usart.o

    ----------------------------------------------------------------------
      6976        676        448         80       4416     358295   Object Totals
         0          0         32          0          0          0   (incl. Generated)
        24          0          5          3          4          0   (incl. Padding)

    ----------------------------------------------------------------------

      Code (inc. data)   RO Data    RW Data    ZI Data      Debug   Library Member Name

         0          0          0          0          0          0   entry.o
         0          0          0          0          0          0   entry10a.o
         0          0          0          0          0          0   entry11a.o
         4          0          0          0          0          0   entry12b.o
         8          4          0          0          0          0   entry2.o
         4          0          0          0          0          0   entry5.o
         0          0          0          0          0          0   entry7b.o
         0          0          0          0          0          0   entry8b.o
         8          4          0          0          0          0   entry9a.o
        30          0          0          0          0          0   handlers.o
        36          8          0          0          0         68   init.o
         0          0          0          0          0          0   iusefp.o
        30          0          0          0          0         68   llshl.o
        36          0          0          0          0         68   llsshr.o
        32          0          0          0          0         68   llushr.o
        36          0          0          0          0        108   memseta.o
      2232         86          0          0          0        528   printfa.o
        14          0          0          0          0         68   strlen.o
        44          0          0          0          0         80   uidiv.o
        98          0          0          0          0         92   uldiv.o
        48          0          0          0          0         68   cdrcmple.o
        20          0          0          0          0         68   cfrcmple.o
        56          0          0          0          0         88   d2f.o
       334          0          0          0          0        148   dadd.o
       222          0          0          0          0        100   ddiv.o
       186          0          0          0          0        176   depilogue.o
        48          0          0          0          0         68   dfixul.o
        26          0          0          0          0         76   dfltui.o
       228          0          0          0          0         96   dmul.o
        38          0          0          0          0         68   f2d.o
       176          0          0          0          0        140   fadd.o
       124          0          0          0          0         88   fdiv.o
       110          0          0          0          0        168   fepilogue.o
        40          0          0          0          0         68   ffixui.o
        18          0          0          0          0         68   fflti.o
        10          0          0          0          0         68   ffltui.o
        28          0          0          0          0         84   ffltul.o
       100          0          0          0          0         76   fmul.o

    ----------------------------------------------------------------------
      4428        102          0          0          0       2864   Library Totals
         4          0          0          0          0          0   (incl. Padding)

    ----------------------------------------------------------------------

      Code (inc. data)   RO Data    RW Data    ZI Data      Debug   Library Name

      2612        102          0          0          0       1148   mc_w.l
      1812          0          0          0          0       1716   mf_w.l

    ----------------------------------------------------------------------
      4428        102          0          0          0       2864   Library Totals

    ----------------------------------------------------------------------

==============================================================================


      Code (inc. data)   RO Data    RW Data    ZI Data      Debug   

     11404        778        448         80       4416     353875   Grand Totals
     11404        778        448         80       4416     353875   ELF Image Totals
     11404        778        448         80          0          0   ROM Totals

==============================================================================

    Total RO  Size (Code + RO Data)                11852 (  11.57kB)
    Total RW  Size (RW Data + ZI Data)              4496 (   4.39kB)
    Total ROM Size (Code + RO Data + RW Data)      11932 (  11.65kB)

==============================================================================

